{"level":30,"time":"2026-08-24T09:20:24.400Z","service":"reddington-server","env":"development","port":"5000","msg":"reddington server listening on http://localhost:5000"}
{"level":30,"time":"2026-08-24T09:20:24.400Z","service":"reddington-server","env":"development","module":"dsar-worker","intervalMs":30000,"msg":"started"}
{"level":30,"time":"2026-08-24T09:20:30.750Z","service":"reddington-server","env":"development","req":{"id":"84df9f9a-e66c-48d8-b5d9-53e2de967dcc","method":"GET","url":"/api/auth/me","remoteAddress":"::1"},"res":{"statusCode":200},"responseTime":229,"msg":"GET /me 200"}
{"level":30,"time":"2026-08-24T09:20:30.771Z","service":"reddington-server","env":"development","req":{"id":"7a75eb0b-fdca-4f95-bea7-5f1a3e46674b","method":"GET","url":"/api/consents/me","remoteAddress":"::1"},"res":{"statusCode":304},"responseTime":15,"msg":"GET /me 304"}
{"level":30,"time":"2026-08-24T09:20:30.800Z","service":"reddington-server","env":"development","req":{"id":"07ff630f-79d1-4948-b689-a07261ef54ac","method":"GET","url":"/api/auth/me","remoteAddress":"::1"},"res":{"statusCode":304},"responseTime":46,"msg":"GET /me 304"}
{"level":30,"time":"2026-08-24T09:20:30.810Z","service":"reddington-server","env":"development","req":{"id":"06eee2ec-bcda-4f43-abdc-0785768f4080","method":"GET","url":"/api/consents/me","remoteAddress":"::1"},"res":{"statusCode":304},"responseTime":5,"msg":"GET /me 304"}
{"level":40,"time":"2026-08-24T09:20:34.531Z","service":"reddington-server","env":"development","req":{"id":"cf4e697e-2521-4b0d-a525-66fe4658b797","method":"POST","url":"/api/auth/login","remoteAddress":"::1"},"err":{"type":"Object","message":"invalid_credentials","stack":"","status":401},"msg":"client error"}
{"level":40,"time":"2026-08-24T09:20:34.532Z","service":"reddington-server","env":"development","req":{"id":"cf4e697e-2521-4b0d-a525-66fe4658b797","method":"POST","url":"/api/auth/login","remoteAddress":"::1"},"res":{"statusCode":401},"responseTime":3,"msg":"POST /api/auth/login 401"}
{"level":30,"time":"2026-08-24T09:20:35.008Z","service":"reddington-server","env":"development","port":"5000","msg":"reddington server listening on http://localhost:5000"}
{"level":30,"time":"2026-08-24T09:20:35.009Z","service":"reddington-server","env":"development","module":"dsar-worker","intervalMs":30000,"msg":"started"}
{"level":40,"time":"2026-08-24T09:20:38.409Z","service":"reddington-server","env":"development","req":{"id":"0a0bade5-ff8f-4383-9f76-d58f4b897897","method":"POST","url":"/api/auth/login","remoteAddress":"::1"},"err":{"type":"Object","message":"invalid_credentials","stack":"","status":401},"msg":"client error"}
{"level":40,"time":"2026-08-24T09:20:38.413Z","service":"reddington-server","env":"development","req":{"id":"0a0bade5-ff8f-4383-9f76-d58f4b897897","method":"POST","url":"/api/auth/login","remoteAddress":"::1"},"res":{"statusCode":401},"responseTime":46,"msg":"POST /api/auth/login 401"}
{"level":40,"time":"2026-08-24T09:20:39.083Z","service":"reddington-server","env":"development","req":{"id":"6b1dbc83-6856-4185-b90d-8a6e36f8f390","method":"POST","url":"/api/auth/login","remoteAddress":"::1"},"err":{"type":"Object","message":"invalid_credentials","stack":"","status":401},"msg":"client error"}
{"level":40,"time":"2026-08-24T09:20:39.083Z","service":"reddington-server","env":"development","req":{"id":"6b1dbc83-6856-4185-b90d-8a6e36f8f390","method":"POST","url":"/api/auth/login","remoteAddress":"::1"},"res":{"statusCode":401},"responseTime":2,"msg":"POST /api/auth/login 401"}
{"level":40,"time":"2026-08-24T09:20:39.714Z","service":"reddington-server","env":"development","req":{"id":"3d8fa746-9cf5-45fc-a592-7a5501d9cfe0","method":"POST","url":"/api/auth/login","remoteAddress":"::1"},"err":{"type":"Object","message":"invalid_credentials","stack":"","status":401},"msg":"client error"}
{"level":40,"time":"2026-08-24T09:20:39.715Z","service":"reddington-server","env":"development","req":{"id":"3d8fa746-9cf5-45fc-a592-7a5501d9cfe0","method":"POST","url":"/api/auth/login","remoteAddress":"::1"},"res":{"statusCode":401},"responseTime":2,"msg":"POST /api/auth/login 401"}
{"level":40,"time":"2026-08-24T09:20:39.884Z","service":"reddington-server","env":"development","req":{"id":"7aa48e37-816e-4ed1-83e7-aa8545f996aa","method":"POST","url":"/api/auth/login","remoteAddress":"::1"},"err":{"type":"Object","message":"invalid_credentials","stack":"","status":401},"msg":"client error"}
{"level":40,"time":"2026-08-24T09:20:39.885Z","service":"reddington-server","env":"development","req":{"id":"7aa48e37-816e-4ed1-83e7-aa8545f996aa","method":"POST","url":"/api/auth/login","remoteAddress":"::1"},"res":{"statusCode":401},"responseTime":2,"msg":"POST /api/auth/login 401"}
{"level":40,"time":"2026-08-24T09:20:40.055Z","service":"reddington-server","env":"development","req":{"id":"2c098062-0650-4186-9c71-013c2e883635","method":"POST","url":"/api/auth/login","remoteAddress":"::1"},"err":{"type":"Object","message":"invalid_credentials","stack":"","status":401},"msg":"client error"}
{"level":40,"time":"2026-08-24T09:20:40.056Z","service":"reddington-server","env":"development","req":{"id":"2c098062-0650-4186-9c71-013c2e883635","method":"POST","url":"/api/auth/login","remoteAddress":"::1"},"res":{"statusCode":401},"responseTime":2,"msg":"POST /api/auth/login 401"}
{"level":40,"time":"2026-08-24T09:20:40.219Z","service":"reddington-server","env":"development","req":{"id":"94794de1-14b2-4a24-b57c-8ad5925d8a7e","method":"POST","url":"/api/auth/login","remoteAddress":"::1"},"err":{"type":"Object","message":"invalid_credentials","stack":"","status":401},"msg":"client error"}
{"level":40,"time":"2026-08-24T09:20:40.220Z","service":"reddington-server","env":"development","req":{"id":"94794de1-14b2-4a24-b57c-8ad5925d8a7e","method":"POST","url":"/api/auth/login","remoteAddress":"::1"},"res":{"statusCode":401},"responseTime":2,"msg":"POST /api/auth/login 401"}
{"level":40,"time":"2026-08-24T09:20:40.362Z","service":"reddington-server","env":"development","req":{"id":"1af24a6d-5fe6-4759-bf2f-142fca7a4e25","method":"POST","url":"/api/auth/login","remoteAddress":"::1"},"err":{"type":"Object","message":"invalid_credentials","stack":"","status":401},"msg":"client error"}
{"level":40,"time":"2026-08-24T09:20:40.362Z","service":"reddington-server","env":"development","req":{"id":"1af24a6d-5fe6-4759-bf2f-142fca7a4e25","method":"POST","url":"/api/auth/login","remoteAddress":"::1"},"res":{"statusCode":401},"responseTime":1,"msg":"POST /api/auth/login 401"}
{"level":40,"time":"2026-08-24T09:20:40.564Z","service":"reddington-server","env":"development","req":{"id":"c5196036-51ca-4d1a-9bb1-6cd3dedf70d1","method":"POST","url":"/api/auth/login","remoteAddress":"::1"},"err":{"type":"Object","message":"invalid_credentials","stack":"","status":401},"msg":"client error"}
{"level":40,"time":"2026-08-24T09:20:40.564Z","service":"reddington-server","env":"development","req":{"id":"c5196036-51ca-4d1a-9bb1-6cd3dedf70d1","method":"POST","url":"/api/auth/login","remoteAddress":"::1"},"res":{"statusCode":401},"responseTime":1,"msg":"POST /api/auth/login 401"}
{"level":40,"time":"2026-08-24T09:20:40.881Z","service":"reddington-server","env":"development","req":{"id":"53e50cec-4573-4486-9568-7cbf4685d08f","method":"POST","url":"/api/auth/login","remoteAddress":"::1"},"err":{"type":"Object","message":"invalid_credentials","stack":"","status":401},"msg":"client error"}
{"level":40,"time":"2026-08-24T09:20:40.881Z","service":"reddington-server","env":"development","req":{"id":"53e50cec-4573-4486-9568-7cbf4685d08f","method":"POST","url":"/api/auth/login","remoteAddress":"::1"},"res":{"statusCode":401},"responseTime":1,"msg":"POST /api/auth/login 401"}
{"level":40,"time":"2026-08-24T09:20:41.100Z","service":"reddington-server","env":"development","req":{"id":"dbe6aa26-71dd-4412-b453-39f785cfe5b7","method":"POST","url":"/api/auth/login","remoteAddress":"::1"},"err":{"type":"Object","message":"invalid_credentials","stack":"","status":401},"msg":"client error"}
{"level":40,"time":"2026-08-24T09:20:41.100Z","service":"reddington-server","env":"development","req":{"id":"dbe6aa26-71dd-4412-b453-39f785cfe5b7","method":"POST","url":"/api/auth/login","remoteAddress":"::1"},"res":{"statusCode":401},"responseTime":2,"msg":"POST /api/auth/login 401"}
{"level":30,"time":"2026-08-24T09:20:49.820Z","service":"reddington-server","env":"development","req":{"id":"03bd2bef-82b9-4a8a-89f2-80ad5fbf386a","method":"POST","url":"/api/auth/login","remoteAddress":"::1"},"res":{"statusCode":200},"responseTime":106,"msg":"POST /login 200"}
{"level":30,"time":"2026-08-24T09:20:49.832Z","service":"reddington-server","env":"development","req":{"id":"a21d9080-ba89-439a-875e-611679a0b60e","method":"GET","url":"/api/consents/me","remoteAddress":"::1"},"res":{"statusCode":200},"responseTime":5,"msg":"GET /me 200"}
{"level":40,"time":"2026-08-24T09:20:49.904Z","service":"reddington-server","env":"development","req":{"id":"7117b0b1-1aa2-4aae-8c4d-b163f0a9356f","method":"GET","url":"/api/recommendations","remoteAddress":"::1"},"res":{"statusCode":403},"responseTime":10,"msg":"GET / 403"}
{"level":30,"time":"2026-08-24T09:20:49.913Z","service":"reddington-server","env":"development","req":{"id":"6ee2789c-d4ad-4e51-bc5f-2062a1dddf09","method":"GET","url":"/api/consents/purposes","remoteAddress":"::1"},"res":{"statusCode":200},"responseTime":20,"msg":"GET /purposes 200"}
{"level":30,"time":"2026-08-24T09:20:49.924Z","service":"reddington-server","env":"development","req":{"id":"947a03f2-76f5-400e-a8a8-80235a0690ad","method":"GET","url":"/api/consents/purposes","remoteAddress":"::1"},"res":{"statusCode":304},"responseTime":3,"msg":"GET /purposes 304"}
{"level":30,"time":"2026-08-24T09:20:49.960Z","service":"reddington-server","env":"development","req":{"id":"20d6ad2f-e73a-4b52-8e2b-d4098fa09892","method":"GET","url":"/api/products?sort=rating&limit=8","remoteAddress":"::1"},"res":{"statusCode":200},"responseTime":62,"msg":"GET /?sort=rating&limit=8 200"}
{"level":30,"time":"2026-08-24T09:20:49.961Z","service":"reddington-server","env":"development","req":{"id":"b09dc9f9-0ef8-41dd-8bcb-06cac18a02f9","method":"GET","url":"/api/cart","remoteAddress":"::1"},"res":{"statusCode":304},"responseTime":61,"msg":"GET / 304"}
{"level":30,"time":"2026-08-24T09:20:49.967Z","service":"reddington-server","env":"development","req":{"id":"bf1a382d-936f-4580-abcc-b56360e2c630","method":"GET","url":"/api/users/wishlist","remoteAddress":"::1"},"res":{"statusCode":200},"responseTime":66,"msg":"GET /wishlist 200"}
{"level":30,"time":"2026-08-24T09:20:49.967Z","service":"reddington-server","env":"development","req":{"id":"76709550-b543-431f-8649-09b2a8b0c1a2","method":"GET","url":"/api/notifications/unread-count","remoteAddress":"::1"},"res":{"statusCode":200},"responseTime":65,"msg":"GET /unread-count 200"}
{"level":30,"time":"2026-08-24T09:20:52.218Z","service":"reddington-server","env":"development","req":{"id":"9a417e5d-838c-48ed-af7c-ebfed9f60d01","method":"GET","url":"/api/consents/purposes","remoteAddress":"::1"},"res":{"statusCode":304},"responseTime":5,"msg":"GET /purposes 304"}
{"level":30,"time":"2026-08-24T09:20:52.219Z","service":"reddington-server","env":"development","req":{"id":"e9b8898c-f604-4125-b0e2-d8a97e90d85e","method":"GET","url":"/api/notifications","remoteAddress":"::1"},"res":{"statusCode":200},"responseTime":6,"msg":"GET / 200"}
{"level":30,"time":"2026-08-24T09:20:54.472Z","service":"reddington-server","env":"development","req":{"id":"c52967c0-1391-4ebe-9c93-75bd04aa2601","method":"GET","url":"/api/consents/purposes","remoteAddress":"::1"},"res":{"statusCode":304},"responseTime":3,"msg":"GET /purposes 304"}
{"level":30,"time":"2026-08-24T09:20:54.476Z","service":"reddington-server","env":"development","req":{"id":"887cf2f3-e02b-4ffd-b430-b0244136bb3d","method":"GET","url":"/api/consents/history","remoteAddress":"::1"},"res":{"statusCode":200},"responseTime":7,"msg":"GET /history 200"}
{"level":30,"time":"2026-08-24T09:20:57.288Z","service":"reddington-server","env":"development","req":{"id":"a224e988-3a27-4141-a994-ee40c2501c3e","method":"POST","url":"/api/consents/decisions","remoteAddress":"::1"},"res":{"statusCode":201},"responseTime":42,"msg":"POST /decisions 201"}
{"level":30,"time":"2026-08-24T09:20:57.296Z","service":"reddington-server","env":"development","req":{"id":"6429a338-2d83-47c1-963c-ae05a57a8ba7","method":"GET","url":"/api/consents/me","remoteAddress":"::1"},"res":{"statusCode":200},"responseTime":4,"msg":"GET /me 200"}
{"level":30,"time":"2026-08-24T09:20:57.304Z","service":"reddington-server","env":"development","req":{"id":"a783827b-767c-44ee-9dec-b9ecaf421919","method":"GET","url":"/api/consents/history","remoteAddress":"::1"},"res":{"statusCode":200},"responseTime":2,"msg":"GET /history 200"}
{"level":30,"time":"2026-08-24T09:20:58.438Z","service":"reddington-server","env":"development","req":{"id":"83af638b-355d-4696-984d-a50992910ce2","method":"POST","url":"/api/consents/decisions","remoteAddress":"::1"},"res":{"statusCode":201},"responseTime":9,"msg":"POST /decisions 201"}
{"level":30,"time":"2026-08-24T09:20:58.445Z","service":"reddington-server","env":"development","req":{"id":"fce3fa6e-52ef-4582-baeb-9638d5f3b2cb","method":"GET","url":"/api/consents/me","remoteAddress":"::1"},"res":{"statusCode":200},"responseTime":1,"msg":"GET /me 200"}
{"level":30,"time":"2026-08-24T09:20:58.451Z","service":"reddington-server","env":"development","req":{"id":"9e56a56e-353c-45f4-be32-aaaf345632c8","method":"GET","url":"/api/consents/history","remoteAddress":"::1"},"res":{"statusCode":200},"responseTime":1,"msg":"GET /history 200"}
{"level":40,"time":"2026-08-24T09:21:02.279Z","service":"reddington-server","env":"development","req":{"id":"47a503a3-bf65-40a8-8127-0d7b009e1259","method":"GET","url":"/api/recommendations","remoteAddress":"::1"},"res":{"statusCode":403},"responseTime":3,"msg":"GET / 403"}
{"level":30,"time":"2026-08-24T09:21:02.284Z","service":"reddington-server","env":"development","req":{"id":"996b92ee-f866-4879-b63f-c210ad703ef8","method":"GET","url":"/api/users/wishlist","remoteAddress":"::1"},"res":{"statusCode":304},"responseTime":6,"msg":"GET /wishlist 304"}
{"level":30,"time":"2026-08-24T09:21:02.285Z","service":"reddington-server","env":"development","req":{"id":"4ddcdc97-4cf4-44d5-8019-55520d359930","method":"GET","url":"/api/products?sort=rating&limit=8","remoteAddress":"::1"},"res":{"statusCode":304},"responseTime":8,"msg":"GET /?sort=rating&limit=8 304"}
{"level":30,"time":"2026-08-24T09:21:05.060Z","service":"reddington-server","env":"development","req":{"id":"24c0ce2c-9857-4332-b84a-53e7c656ea02","method":"GET","url":"/api/products/cms5yuenc000s5ao8yqnvsz6u","remoteAddress":"::1"},"res":{"statusCode":200},"responseTime":3,"msg":"GET /cms5yuenc000s5ao8yqnvsz6u 200"}
{"level":40,"time":"2026-08-24T09:21:05.064Z","service":"reddington-server","env":"development","req":{"id":"60ab14dd-4f67-4395-8b81-1d7395c2162a","method":"POST","url":"/api/recommendations/view","remoteAddress":"::1"},"res":{"statusCode":403},"responseTime":3,"msg":"POST /view 403"}
{"level":40,"time":"2026-08-24T09:21:05.065Z","service":"reddington-server","env":"development","req":{"id":"1114968a-e13f-41c2-ab1d-3209098992a6","method":"POST","url":"/api/recommendations/view","remoteAddress":"::1"},"res":{"statusCode":403},"responseTime":3,"msg":"POST /view 403"}
{"level":30,"time":"2026-08-24T09:21:05.067Z","service":"reddington-server","env":"development","req":{"id":"5b832e8d-861d-48ac-95f3-a1b8509cc066","method":"GET","url":"/api/users/wishlist","remoteAddress":"::1"},"res":{"statusCode":304},"responseTime":3,"msg":"GET /wishlist 304"}
{"level":40,"time":"2026-08-24T09:21:07.914Z","service":"reddington-server","env":"development","req":{"id":"53f7fefa-73b9-4fcf-be61-b810329d7b1b","method":"GET","url":"/api/recommendations","remoteAddress":"::1"},"res":{"statusCode":403},"responseTime":3,"msg":"GET / 403"}
{"level":30,"time":"2026-08-24T09:21:07.915Z","service":"reddington-server","env":"development","req":{"id":"cb8595e6-e550-40f2-985e-45e2a09b4483","method":"GET","url":"/api/users/wishlist","remoteAddress":"::1"},"res":{"statusCode":304},"responseTime":2,"msg":"GET /wishlist 304"}
{"level":30,"time":"2026-08-24T09:21:07.916Z","service":"reddington-server","env":"development","req":{"id":"ee8299bb-13f3-46ca-b6b3-728a09128a7b","method":"GET","url":"/api/products?sort=rating&limit=8","remoteAddress":"::1"},"res":{"statusCode":304},"responseTime":4,"msg":"GET /?sort=rating&limit=8 304"}
{"level":30,"time":"2026-08-24T09:21:19.999Z","service":"reddington-server","env":"development","req":{"id":"b9d33d3b-e252-4bee-b8e1-570db7aa9578","method":"GET","url":"/api/notifications/unread-count","remoteAddress":"::1"},"res":{"statusCode":304},"responseTime":1,"msg":"GET /unread-count 304"}
{"level":30,"time":"2026-08-24T09:21:24.367Z","service":"reddington-server","env":"development","req":{"id":"03dd736a-d91f-4897-a184-553850f02aa2","method":"GET","url":"/api/products?category=&search=&sort=&page=1&limit=12","remoteAddress":"::1"},"res":{"statusCode":304},"responseTime":2,"msg":"GET /?category=&search=&sort=&page=1&limit=12 304"}
{"level":30,"time":"2026-08-24T09:21:24.367Z","service":"reddington-server","env":"development","req":{"id":"f4782dc2-ddc7-4dea-a175-7e59a08e8cc2","method":"GET","url":"/api/users/wishlist","remoteAddress":"::1"},"res":{"statusCode":304},"responseTime":2,"msg":"GET /wishlist 304"}
{"level":30,"time":"2026-08-24T09:21:26.528Z","service":"reddington-server","env":"development","req":{"id":"b0706a3a-455c-4fa0-b880-a5a39b2befd3","method":"GET","url":"/api/notifications","remoteAddress":"::1"},"res":{"statusCode":304},"responseTime":5,"msg":"GET / 304"}
{"level":30,"time":"2026-08-24T09:37:02.282Z","service":"reddington-server","env":"development","req":{"id":"3e7944a2-6ee8-4c53-ab17-051cd965c631","method":"GET","url":"/api/notifications/unread-count","remoteAddress":"::1"},"res":{"statusCode":304},"responseTime":4,"msg":"GET /unread-count 304"}
{"level":30,"time":"2026-08-24T09:43:15.011Z","service":"reddington-server","env":"development","req":{"id":"7be48cae-1420-4447-8581-1527345be385","method":"GET","url":"/api/notifications/unread-count","remoteAddress":"::1"},"res":{"statusCode":304},"responseTime":5,"msg":"GET /unread-count 304"}
{"level":30,"time":"2026-08-24T09:49:51.180Z","service":"reddington-server","env":"development","req":{"id":"a825bb5a-d5c9-4d75-a9f5-6bcedcf14a1f","method":"GET","url":"/api/notifications/unread-count","remoteAddress":"::1"},"res":{"statusCode":304},"responseTime":6,"msg":"GET /unread-count 304"}
{"level":30,"time":"2026-08-24T09:51:51.880Z","service":"reddington-server","env":"development","port":"5000","msg":"reddington server listening on http://localhost:5000"}
{"level":30,"time":"2026-08-24T09:51:51.881Z","service":"reddington-server","env":"development","module":"dsar-worker","intervalMs":30000,"msg":"started"}
{"level":30,"time":"2026-08-24T09:52:56.800Z","service":"reddington-server","env":"development","port":"5000","msg":"reddington server listening on http://localhost:5000"}
{"level":30,"time":"2026-08-24T09:52:56.800Z","service":"reddington-server","env":"development","module":"dsar-worker","intervalMs":30000,"msg":"started"}
{"level":30,"time":"2026-08-24T09:53:01.401Z","service":"reddington-server","env":"development","port":"5000","msg":"reddington server listening on http://localhost:5000"}
{"level":30,"time":"2026-08-24T09:53:01.401Z","service":"reddington-server","env":"development","module":"dsar-worker","intervalMs":30000,"msg":"started"}
{"level":30,"time":"2026-08-24T09:55:09.842Z","service":"reddington-server","env":"development","req":{"id":"6cc91f87-25a3-422d-afdf-5dbffca76500","method":"GET","url":"/api/notifications/unread-count","remoteAddress":"::1"},"res":{"statusCode":304},"responseTime":13,"msg":"GET /unread-count 304"}
{"level":30,"time":"2026-08-24T10:00:31.042Z","service":"reddington-server","env":"development","port":"5000","msg":"reddington server listening on http://localhost:5000"}
{"level":30,"time":"2026-08-24T10:00:31.043Z","service":"reddington-server","env":"development","module":"dsar-worker","intervalMs":30000,"msg":"started"}
{"level":30,"time":"2026-08-24T10:00:38.053Z","service":"reddington-server","env":"development","port":"5000","msg":"reddington server listening on http://localhost:5000"}
{"level":30,"time":"2026-08-24T10:00:38.054Z","service":"reddington-server","env":"development","module":"dsar-worker","intervalMs":30000,"msg":"started"}
{"level":30,"time":"2026-08-24T10:03:01.282Z","service":"reddington-server","env":"development","port":"5000","msg":"reddington server listening on http://localhost:5000"}
{"level":30,"time":"2026-08-24T10:03:01.282Z","service":"reddington-server","env":"development","module":"dsar-worker","intervalMs":30000,"msg":"started"}
{"level":30,"time":"2026-08-24T10:03:04.252Z","service":"reddington-server","env":"development","port":"5000","msg":"reddington server listening on http://localhost:5000"}
{"level":30,"time":"2026-08-24T10:03:04.252Z","service":"reddington-server","env":"development","module":"dsar-worker","intervalMs":30000,"msg":"started"}
{"level":30,"time":"2026-08-24T10:03:07.113Z","service":"reddington-server","env":"development","port":"5000","msg":"reddington server listening on http://localhost:5000"}
{"level":30,"time":"2026-08-24T10:03:07.113Z","service":"reddington-server","env":"development","module":"dsar-worker","intervalMs":30000,"msg":"started"}
{"level":30,"time":"2026-08-24T10:03:12.826Z","service":"reddington-server","env":"development","port":"5000","msg":"reddington server listening on http://localhost:5000"}
{"level":30,"time":"2026-08-24T10:03:12.826Z","service":"reddington-server","env":"development","module":"dsar-worker","intervalMs":30000,"msg":"started"}
{"level":30,"time":"2026-08-24T10:03:17.863Z","service":"reddington-server","env":"development","port":"5000","msg":"reddington server listening on http://localhost:5000"}
{"level":30,"time":"2026-08-24T10:03:17.863Z","service":"reddington-server","env":"development","module":"dsar-worker","intervalMs":30000,"msg":"started"}
{"level":30,"time":"2026-08-24T10:03:18.104Z","service":"reddington-server","env":"development","req":{"id":"b3717873-aedd-42f4-ba1f-f5aa00b9b469","method":"GET","url":"/api/notifications/unread-count","remoteAddress":"::1"},"res":{"statusCode":304},"responseTime":68,"msg":"GET /unread-count 304"}
{"level":30,"time":"2026-08-24T10:04:51.544Z","service":"reddington-server","env":"development","port":"5000","msg":"reddington server listening on http://localhost:5000"}
{"level":30,"time":"2026-08-24T10:04:51.544Z","service":"reddington-server","env":"development","module":"dsar-worker","intervalMs":30000,"msg":"started"}
{"level":30,"time":"2026-08-24T10:04:59.692Z","service":"reddington-server","env":"development","port":"5000","msg":"reddington server listening on http://localhost:5000"}
{"level":30,"time":"2026-08-24T10:04:59.693Z","service":"reddington-server","env":"development","module":"dsar-worker","intervalMs":30000,"msg":"started"}
{"level":30,"time":"2026-08-24T10:05:03.218Z","service":"reddington-server","env":"development","port":"5000","msg":"reddington server listening on http://localhost:5000"}
{"level":30,"time":"2026-08-24T10:05:03.218Z","service":"reddington-server","env":"development","module":"dsar-worker","intervalMs":30000,"msg":"started"}
{"level":30,"time":"2026-08-24T10:05:07.482Z","service":"reddington-server","env":"development","port":"5000","msg":"reddington server listening on http://localhost:5000"}
{"level":30,"time":"2026-08-24T10:05:07.483Z","service":"reddington-server","env":"development","module":"dsar-worker","intervalMs":30000,"msg":"started"}
{"level":30,"time":"2026-08-24T10:05:12.059Z","service":"reddington-server","env":"development","port":"5000","msg":"reddington server listening on http://localhost:5000"}
{"level":30,"time":"2026-08-24T10:05:12.060Z","service":"reddington-server","env":"development","module":"dsar-worker","intervalMs":30000,"msg":"started"}
{"level":30,"time":"2026-08-24T10:05:14.638Z","service":"reddington-server","env":"development","port":"5000","msg":"reddington server listening on http://localhost:5000"}
{"level":30,"time":"2026-08-24T10:05:14.639Z","service":"reddington-server","env":"development","module":"dsar-worker","intervalMs":30000,"msg":"started"}
{"level":30,"time":"2026-08-24T10:05:18.116Z","service":"reddington-server","env":"development","port":"5000","msg":"reddington server listening on http://localhost:5000"}
{"level":30,"time":"2026-08-24T10:05:18.117Z","service":"reddington-server","env":"development","module":"dsar-worker","intervalMs":30000,"msg":"started"}
{"level":30,"time":"2026-08-24T10:05:24.019Z","service":"reddington-server","env":"development","port":"5000","msg":"reddington server listening on http://localhost:5000"}
{"level":30,"time":"2026-08-24T10:05:24.020Z","service":"reddington-server","env":"development","module":"dsar-worker","intervalMs":30000,"msg":"started"}
{"level":30,"time":"2026-08-24T10:05:25.266Z","service":"reddington-server","env":"development","port":"5000","msg":"reddington server listening on http://localhost:5000"}
{"level":30,"time":"2026-08-24T10:05:25.266Z","service":"reddington-server","env":"development","module":"dsar-worker","intervalMs":30000,"msg":"started"}
{"level":30,"time":"2026-08-24T10:05:27.966Z","service":"reddington-server","env":"development","port":"5000","msg":"reddington server listening on http://localhost:5000"}
{"level":30,"time":"2026-08-24T10:05:27.966Z","service":"reddington-server","env":"development","module":"dsar-worker","intervalMs":30000,"msg":"started"}
{"level":30,"time":"2026-08-24T10:05:32.624Z","service":"reddington-server","env":"development","port":"5000","msg":"reddington server listening on http://localhost:5000"}
{"level":30,"time":"2026-08-24T10:05:32.625Z","service":"reddington-server","env":"development","module":"dsar-worker","intervalMs":30000,"msg":"started"}
{"level":30,"time":"2026-08-24T10:05:35.568Z","service":"reddington-server","env":"development","port":"5000","msg":"reddington server listening on http://localhost:5000"}
{"level":30,"time":"2026-08-24T10:05:35.569Z","service":"reddington-server","env":"development","module":"dsar-worker","intervalMs":30000,"msg":"started"}
{"level":30,"time":"2026-08-24T10:05:41.436Z","service":"reddington-server","env":"development","port":"5000","msg":"reddington server listening on http://localhost:5000"}
{"level":30,"time":"2026-08-24T10:05:41.437Z","service":"reddington-server","env":"development","module":"dsar-worker","intervalMs":30000,"msg":"started"}
{"level":30,"time":"2026-08-24T10:05:47.234Z","service":"reddington-server","env":"development","port":"5000","msg":"reddington server listening on http://localhost:5000"}
{"level":30,"time":"2026-08-24T10:05:47.234Z","service":"reddington-server","env":"development","module":"dsar-worker","intervalMs":30000,"msg":"started"}
{"level":30,"time":"2026-08-24T10:05:57.632Z","service":"reddington-server","env":"development","port":"5000","msg":"reddington server listening on http://localhost:5000"}
{"level":30,"time":"2026-08-24T10:05:57.632Z","service":"reddington-server","env":"development","module":"dsar-worker","intervalMs":30000,"msg":"started"}
{"level":30,"time":"2026-08-24T10:06:01.924Z","service":"reddington-server","env":"development","port":"5000","msg":"reddington server listening on http://localhost:5000"}
{"level":30,"time":"2026-08-24T10:06:01.925Z","service":"reddington-server","env":"development","module":"dsar-worker","intervalMs":30000,"msg":"started"}
{"level":30,"time":"2026-08-24T10:06:04.136Z","service":"reddington-server","env":"development","port":"5000","msg":"reddington server listening on http://localhost:5000"}
{"level":30,"time":"2026-08-24T10:06:04.137Z","service":"reddington-server","env":"development","module":"dsar-worker","intervalMs":30000,"msg":"started"}
{"level":30,"time":"2026-08-24T10:06:20.274Z","service":"reddington-server","env":"development","port":"5000","msg":"reddington server listening on http://localhost:5000"}
{"level":30,"time":"2026-08-24T10:06:20.274Z","service":"reddington-server","env":"development","module":"dsar-worker","intervalMs":30000,"msg":"started"}
