{"level":30,"time":"2026-08-04T07:41:34.714Z","service":"reddington-server","env":"development","port":"5000","msg":"reddington server listening on http://localhost:5000"}
{"level":30,"time":"2026-08-04T07:41:34.715Z","service":"reddington-server","env":"development","module":"dsar-worker","intervalMs":30000,"msg":"started"}
{"level":30,"time":"2026-08-04T07:41:45.535Z","service":"reddington-server","env":"development","req":{"id":"97a60818-bf04-4f6f-ae92-5ee6f95f9a7f","method":"GET","url":"/api/auth/me","remoteAddress":"::1"},"res":{"statusCode":304},"responseTime":161,"msg":"GET /me 304"}
{"level":30,"time":"2026-08-04T07:41:45.551Z","service":"reddington-server","env":"development","req":{"id":"e4a65268-82b3-471f-86c1-e0ff6b4cf26f","method":"GET","url":"/api/consents/me","remoteAddress":"::1"},"res":{"statusCode":304},"responseTime":9,"msg":"GET /me 304"}
{"level":30,"time":"2026-08-04T07:41:45.604Z","service":"reddington-server","env":"development","req":{"id":"00a7969c-93c1-4cb0-b980-4fd4dd561706","method":"GET","url":"/api/auth/me","remoteAddress":"::1"},"res":{"statusCode":304},"responseTime":65,"msg":"GET /me 304"}
{"level":30,"time":"2026-08-04T07:41:45.628Z","service":"reddington-server","env":"development","req":{"id":"1cfdabdd-87b6-4102-b63f-93f2f5bcbe11","method":"GET","url":"/api/consents/me","remoteAddress":"::1"},"res":{"statusCode":304},"responseTime":16,"msg":"GET /me 304"}
{"level":30,"time":"2026-08-04T07:41:51.236Z","service":"reddington-server","env":"development","req":{"id":"f9100571-56a0-413e-a2b9-2add0afc0cc3","method":"POST","url":"/api/auth/login","remoteAddress":"::1"},"res":{"statusCode":200},"responseTime":104,"msg":"POST /login 200"}
{"level":30,"time":"2026-08-04T07:41:51.246Z","service":"reddington-server","env":"development","req":{"id":"024bac48-88f8-439f-b587-8a08250b19fa","method":"GET","url":"/api/consents/me","remoteAddress":"::1"},"res":{"statusCode":304},"responseTime":2,"msg":"GET /me 304"}
{"level":30,"time":"2026-08-04T07:41:51.322Z","service":"reddington-server","env":"development","req":{"id":"aa12c05a-cc98-4d4a-b6af-8230643b35a3","method":"GET","url":"/api/products?sort=rating&limit=8","remoteAddress":"::1"},"res":{"statusCode":304},"responseTime":11,"msg":"GET /?sort=rating&limit=8 304"}
{"level":30,"time":"2026-08-04T07:41:51.326Z","service":"reddington-server","env":"development","req":{"id":"1837f7b7-b92b-47cb-b35e-1b95d32e9a96","method":"GET","url":"/api/users/wishlist","remoteAddress":"::1"},"res":{"statusCode":304},"responseTime":11,"msg":"GET /wishlist 304"}
{"level":30,"time":"2026-08-04T07:41:51.331Z","service":"reddington-server","env":"development","req":{"id":"0a1e7ed1-6d56-4cab-b391-fea835f6618a","method":"GET","url":"/api/cart","remoteAddress":"::1"},"res":{"statusCode":200},"responseTime":13,"msg":"GET / 200"}
{"level":30,"time":"2026-08-04T07:41:51.337Z","service":"reddington-server","env":"development","req":{"id":"e2546fd8-c1c4-4fdf-acd7-1d824b76a2bf","method":"GET","url":"/api/recommendations","remoteAddress":"::1"},"res":{"statusCode":200},"responseTime":30,"msg":"GET / 200"}
{"level":30,"time":"2026-08-04T07:41:51.339Z","service":"reddington-server","env":"development","req":{"id":"61d8a1df-e075-48cc-9859-ca56f11d38f4","method":"POST","url":"/api/analytics/events","remoteAddress":"::1"},"res":{"statusCode":201},"responseTime":19,"msg":"POST /events 201"}
{"level":30,"time":"2026-08-04T07:41:51.340Z","service":"reddington-server","env":"development","req":{"id":"e79583c3-128a-41b7-8ed2-a3e85a2cc295","method":"POST","url":"/api/analytics/events","remoteAddress":"::1"},"res":{"statusCode":201},"responseTime":16,"msg":"POST /events 201"}
{"level":30,"time":"2026-08-04T07:41:51.345Z","service":"reddington-server","env":"development","req":{"id":"2884a842-08ec-4c8f-a6ed-5cfe90c844fd","method":"GET","url":"/api/notifications/unread-count","remoteAddress":"::1"},"res":{"statusCode":200},"responseTime":12,"msg":"GET /unread-count 200"}
{"level":30,"time":"2026-08-04T07:41:51.398Z","service":"reddington-server","env":"development","req":{"id":"a5794161-bbde-4088-b1fb-bcdc5fde19dd","method":"POST","url":"/api/analytics/events","remoteAddress":"::1"},"res":{"statusCode":201},"responseTime":69,"msg":"POST /events 201"}
{"level":30,"time":"2026-08-04T07:41:51.428Z","service":"reddington-server","env":"development","req":{"id":"54358032-c578-4a8b-9401-3d6e2d9d3b69","method":"GET","url":"/api/products/offers?lat=22.511721007294543&lng=88.3999240362562","remoteAddress":"::1"},"res":{"statusCode":200},"responseTime":6,"msg":"GET /offers?lat=22.511721007294543&lng=88.3999240362562 200"}
{"level":30,"time":"2026-08-04T07:42:05.744Z","service":"reddington-server","env":"development","req":{"id":"f685f60c-fd04-4848-824b-3c5d7f425c50","method":"GET","url":"/api/users/wishlist","remoteAddress":"::1"},"res":{"statusCode":304},"responseTime":2,"msg":"GET /wishlist 304"}
{"level":30,"time":"2026-08-04T07:42:05.747Z","service":"reddington-server","env":"development","req":{"id":"d41dde31-49c7-41a1-93ec-4b90eb0c7dcb","method":"POST","url":"/api/analytics/events","remoteAddress":"::1"},"res":{"statusCode":201},"responseTime":6,"msg":"POST /events 201"}
{"level":30,"time":"2026-08-04T07:42:05.748Z","service":"reddington-server","env":"development","req":{"id":"7c7b5623-0c29-4446-9e95-46c2f5c729f7","method":"GET","url":"/api/products?category=&search=&sort=&page=1&limit=12","remoteAddress":"::1"},"res":{"statusCode":304},"responseTime":5,"msg":"GET /?category=&search=&sort=&page=1&limit=12 304"}
{"level":30,"time":"2026-08-04T07:42:12.536Z","service":"reddington-server","env":"development","req":{"id":"94086730-2db1-424c-b5d6-800b74b061e4","method":"GET","url":"/api/products/cms5yueod001b5ao8zi8f333n","remoteAddress":"::1"},"res":{"statusCode":200},"responseTime":9,"msg":"GET /cms5yueod001b5ao8zi8f333n 200"}
{"level":30,"time":"2026-08-04T07:42:12.539Z","service":"reddington-server","env":"development","req":{"id":"b821e214-ccc4-43af-920d-f115f379a630","method":"GET","url":"/api/users/wishlist","remoteAddress":"::1"},"res":{"statusCode":304},"responseTime":5,"msg":"GET /wishlist 304"}
{"level":30,"time":"2026-08-04T07:42:12.540Z","service":"reddington-server","env":"development","req":{"id":"4ad68829-37e9-44b1-851d-f6cd666c1d50","method":"POST","url":"/api/analytics/events","remoteAddress":"::1"},"res":{"statusCode":201},"responseTime":8,"msg":"POST /events 201"}
{"level":30,"time":"2026-08-04T07:42:12.543Z","service":"reddington-server","env":"development","req":{"id":"b9b8d366-beb2-467b-a2ea-35ca688ecef3","method":"POST","url":"/api/recommendations/view","remoteAddress":"::1"},"res":{"statusCode":201},"responseTime":12,"msg":"POST /view 201"}
{"level":30,"time":"2026-08-04T07:42:12.544Z","service":"reddington-server","env":"development","req":{"id":"56442b7d-8241-4cbe-bf9e-bcb1f18d28c8","method":"POST","url":"/api/recommendations/view","remoteAddress":"::1"},"res":{"statusCode":201},"responseTime":10,"msg":"POST /view 201"}
{"level":30,"time":"2026-08-04T07:42:13.840Z","service":"reddington-server","env":"development","req":{"id":"2459aed3-4da8-4a31-9825-2db68ea982e8","method":"POST","url":"/api/cart/items","remoteAddress":"::1"},"res":{"statusCode":201},"responseTime":55,"msg":"POST /items 201"}
{"level":30,"time":"2026-08-04T07:42:13.849Z","service":"reddington-server","env":"development","req":{"id":"1a13e953-10f0-4220-a8aa-b748efb40088","method":"GET","url":"/api/cart","remoteAddress":"::1"},"res":{"statusCode":200},"responseTime":3,"msg":"GET / 200"}
{"level":30,"time":"2026-08-04T07:42:15.883Z","service":"reddington-server","env":"development","req":{"id":"f1c4e4eb-6526-4edd-b9ac-7a326adacb1a","method":"GET","url":"/api/cart","remoteAddress":"::1"},"res":{"statusCode":304},"responseTime":17,"msg":"GET / 304"}
{"level":30,"time":"2026-08-04T07:42:15.884Z","service":"reddington-server","env":"development","req":{"id":"c14bd5b3-e52d-4d8a-aeee-f946427f4a6e","method":"POST","url":"/api/analytics/events","remoteAddress":"::1"},"res":{"statusCode":201},"responseTime":19,"msg":"POST /events 201"}
{"level":30,"time":"2026-08-04T07:42:17.054Z","service":"reddington-server","env":"development","req":{"id":"bca948e7-dc34-4c78-9efd-522e5c929422","method":"POST","url":"/api/analytics/events","remoteAddress":"::1"},"res":{"statusCode":201},"responseTime":39,"msg":"POST /events 201"}
{"level":30,"time":"2026-08-04T07:42:17.057Z","service":"reddington-server","env":"development","req":{"id":"50095beb-011c-4394-a911-6d33062f5802","method":"GET","url":"/api/cart","remoteAddress":"::1"},"res":{"statusCode":304},"responseTime":3,"msg":"GET / 304"}
{"level":30,"time":"2026-08-04T07:42:17.061Z","service":"reddington-server","env":"development","req":{"id":"1b6d63e8-6b17-40ab-9119-bceed9d0fee0","method":"GET","url":"/api/users/profile","remoteAddress":"::1"},"res":{"statusCode":304},"responseTime":6,"msg":"GET /profile 304"}
{"level":30,"time":"2026-08-04T07:42:21.388Z","service":"reddington-server","env":"development","req":{"id":"957af13a-5b68-4486-9d57-71b9a2faeb99","method":"GET","url":"/api/notifications/unread-count","remoteAddress":"::1"},"res":{"statusCode":304},"responseTime":2,"msg":"GET /unread-count 304"}
{"level":30,"time":"2026-08-04T07:42:34.509Z","service":"reddington-server","env":"development","req":{"id":"f6408d35-be53-4e64-908a-be5d78e64951","method":"POST","url":"/api/orders","remoteAddress":"::1"},"res":{"statusCode":201},"responseTime":46,"msg":"POST / 201"}
{"level":30,"time":"2026-08-04T07:42:34.529Z","service":"reddington-server","env":"development","req":{"id":"eab5e69c-2cf5-48c7-be1e-b18491b25b23","method":"GET","url":"/api/cart","remoteAddress":"::1"},"res":{"statusCode":200},"responseTime":9,"msg":"GET / 200"}
{"level":30,"time":"2026-08-04T07:42:34.556Z","service":"reddington-server","env":"development","req":{"id":"5c5dc237-71cf-4235-bc3a-988a670ac42d","method":"GET","url":"/api/orders/cmsecostw000l5ajk4xcxk2y0","remoteAddress":"::1"},"res":{"statusCode":200},"responseTime":6,"msg":"GET /cmsecostw000l5ajk4xcxk2y0 200"}
{"level":30,"time":"2026-08-04T07:42:34.559Z","service":"reddington-server","env":"development","req":{"id":"a257fd91-655a-4b40-87d9-edb5b2cd2ad6","method":"POST","url":"/api/analytics/events","remoteAddress":"::1"},"res":{"statusCode":201},"responseTime":5,"msg":"POST /events 201"}
{"level":30,"time":"2026-08-04T07:42:36.613Z","service":"reddington-server","env":"development","req":{"id":"58a510b8-01f1-4daf-aaa9-d92556e7dc3d","method":"GET","url":"/api/products?sort=rating&limit=8","remoteAddress":"::1"},"res":{"statusCode":304},"responseTime":18,"msg":"GET /?sort=rating&limit=8 304"}
{"level":30,"time":"2026-08-04T07:42:36.625Z","service":"reddington-server","env":"development","req":{"id":"3acb4233-5f09-45b0-b926-96c614112c1a","method":"GET","url":"/api/users/wishlist","remoteAddress":"::1"},"res":{"statusCode":304},"responseTime":26,"msg":"GET /wishlist 304"}
{"level":30,"time":"2026-08-04T07:42:36.629Z","service":"reddington-server","env":"development","req":{"id":"3aac8835-aafc-4db4-ae90-671b7f9892e3","method":"GET","url":"/api/recommendations","remoteAddress":"::1"},"res":{"statusCode":304},"responseTime":56,"msg":"GET / 304"}
{"level":30,"time":"2026-08-04T07:42:36.639Z","service":"reddington-server","env":"development","req":{"id":"83c11a7b-bd89-4662-bae6-f4622750866e","method":"POST","url":"/api/analytics/events","remoteAddress":"::1"},"res":{"statusCode":201},"responseTime":52,"msg":"POST /events 201"}
{"level":30,"time":"2026-08-04T07:42:36.742Z","service":"reddington-server","env":"development","req":{"id":"11b49d90-a99d-4b3f-8202-edb5b6c6ab7b","method":"GET","url":"/api/products/offers?lat=22.51169681362254&lng=88.39990050879686","remoteAddress":"::1"},"res":{"statusCode":200},"responseTime":2,"msg":"GET /offers?lat=22.51169681362254&lng=88.39990050879686 200"}
{"level":30,"time":"2026-08-04T07:42:38.030Z","service":"reddington-server","env":"development","req":{"id":"39f19f1e-f0d2-43ba-a284-27bd7f032c44","method":"GET","url":"/api/notifications","remoteAddress":"::1"},"res":{"statusCode":200},"responseTime":2,"msg":"GET / 200"}
{"level":30,"time":"2026-08-04T07:42:38.033Z","service":"reddington-server","env":"development","req":{"id":"2e1d9f15-5bdb-4927-bf4f-ea626e113c8f","method":"POST","url":"/api/analytics/events","remoteAddress":"::1"},"res":{"statusCode":201},"responseTime":4,"msg":"POST /events 201"}
{"level":30,"time":"2026-08-04T07:42:39.173Z","service":"reddington-server","env":"development","req":{"id":"fa1043ec-ba84-4ce1-9d23-ba74fcbf42c4","method":"PUT","url":"/api/notifications/cmsecosue000r5ajk5cadskbz/read","remoteAddress":"::1"},"res":{"statusCode":200},"responseTime":14,"msg":"PUT /cmsecosue000r5ajk5cadskbz/read 200"}
{"level":30,"time":"2026-08-04T07:42:39.181Z","service":"reddington-server","env":"development","req":{"id":"80034539-32f3-4800-956e-f08e4c5d0948","method":"GET","url":"/api/notifications","remoteAddress":"::1"},"res":{"statusCode":200},"responseTime":2,"msg":"GET / 200"}
{"level":30,"time":"2026-08-04T07:42:39.181Z","service":"reddington-server","env":"development","req":{"id":"dc552533-d530-4638-9b1e-9795a186651b","method":"GET","url":"/api/notifications/unread-count","remoteAddress":"::1"},"res":{"statusCode":200},"responseTime":2,"msg":"GET /unread-count 200"}
{"level":30,"time":"2026-08-04T07:42:40.201Z","service":"reddington-server","env":"development","req":{"id":"1c10f8fd-aa5e-4976-a180-9e47d88bf753","method":"PUT","url":"/api/notifications/cmsecosuc000p5ajkj4mxnzbn/read","remoteAddress":"::1"},"res":{"statusCode":200},"responseTime":16,"msg":"PUT /cmsecosuc000p5ajkj4mxnzbn/read 200"}
{"level":30,"time":"2026-08-04T07:42:40.210Z","service":"reddington-server","env":"development","req":{"id":"6e53951b-a091-420e-97dd-4b56528159ad","method":"GET","url":"/api/notifications","remoteAddress":"::1"},"res":{"statusCode":200},"responseTime":2,"msg":"GET / 200"}
{"level":30,"time":"2026-08-04T07:42:40.211Z","service":"reddington-server","env":"development","req":{"id":"79b239fa-780d-4e19-8fe1-50518d9dca89","method":"GET","url":"/api/notifications/unread-count","remoteAddress":"::1"},"res":{"statusCode":200},"responseTime":2,"msg":"GET /unread-count 200"}
{"level":30,"time":"2026-08-04T07:42:41.749Z","service":"reddington-server","env":"development","req":{"id":"668add57-62b7-4cd1-954e-1c0b40a5aa2f","method":"GET","url":"/api/products?category=&search=&sort=&page=1&limit=12","remoteAddress":"::1"},"res":{"statusCode":304},"responseTime":21,"msg":"GET /?category=&search=&sort=&page=1&limit=12 304"}
{"level":30,"time":"2026-08-04T07:42:41.751Z","service":"reddington-server","env":"development","req":{"id":"109ab5a3-819a-4f32-a65f-bd3da8943757","method":"GET","url":"/api/users/wishlist","remoteAddress":"::1"},"res":{"statusCode":304},"responseTime":17,"msg":"GET /wishlist 304"}
{"level":30,"time":"2026-08-04T07:42:41.802Z","service":"reddington-server","env":"development","req":{"id":"ce49e0cc-0e53-4cc2-9b25-7ba2e951b3f3","method":"POST","url":"/api/analytics/events","remoteAddress":"::1"},"res":{"statusCode":201},"responseTime":60,"msg":"POST /events 201"}
{"level":30,"time":"2026-08-04T07:42:46.357Z","service":"reddington-server","env":"development","req":{"id":"5c9a7634-8164-454d-9796-be5ab98e262c","method":"GET","url":"/api/products/cms5yueo900195ao8njyeyw90","remoteAddress":"::1"},"res":{"statusCode":200},"responseTime":2,"msg":"GET /cms5yueo900195ao8njyeyw90 200"}
{"level":30,"time":"2026-08-04T07:42:46.363Z","service":"reddington-server","env":"development","req":{"id":"627be661-2d0e-4a13-91b7-bf900f8d2c22","method":"GET","url":"/api/users/wishlist","remoteAddress":"::1"},"res":{"statusCode":304},"responseTime":2,"msg":"GET /wishlist 304"}
{"level":30,"time":"2026-08-04T07:42:46.374Z","service":"reddington-server","env":"development","req":{"id":"0ff64f38-5ea2-4503-b03f-6ae8aca33488","method":"POST","url":"/api/analytics/events","remoteAddress":"::1"},"res":{"statusCode":201},"responseTime":15,"msg":"POST /events 201"}
{"level":30,"time":"2026-08-04T07:42:46.375Z","service":"reddington-server","env":"development","req":{"id":"c74c8cc9-b1d7-4f80-af18-d31462e2417a","method":"POST","url":"/api/recommendations/view","remoteAddress":"::1"},"res":{"statusCode":201},"responseTime":15,"msg":"POST /view 201"}
{"level":30,"time":"2026-08-04T07:42:46.375Z","service":"reddington-server","env":"development","req":{"id":"3040f017-b272-4668-88be-d6b54f4e0185","method":"POST","url":"/api/recommendations/view","remoteAddress":"::1"},"res":{"statusCode":201},"responseTime":18,"msg":"POST /view 201"}
{"level":30,"time":"2026-08-04T07:42:47.596Z","service":"reddington-server","env":"development","req":{"id":"6f6582d7-7aaf-4adb-86fc-04166352ed73","method":"POST","url":"/api/cart/items","remoteAddress":"::1"},"res":{"statusCode":201},"responseTime":8,"msg":"POST /items 201"}
{"level":30,"time":"2026-08-04T07:42:47.603Z","service":"reddington-server","env":"development","req":{"id":"bb81bce9-e874-4e08-aaf9-a83da0f42853","method":"GET","url":"/api/cart","remoteAddress":"::1"},"res":{"statusCode":200},"responseTime":2,"msg":"GET / 200"}
{"level":30,"time":"2026-08-04T07:42:51.590Z","service":"reddington-server","env":"development","req":{"id":"9ae99b46-2acd-4889-b059-baeeabb28258","method":"GET","url":"/api/cart","remoteAddress":"::1"},"res":{"statusCode":304},"responseTime":3,"msg":"GET / 304"}
{"level":30,"time":"2026-08-04T07:42:51.593Z","service":"reddington-server","env":"development","req":{"id":"b8678ff3-7363-4eb3-88bd-4d2be3e62d04","method":"POST","url":"/api/analytics/events","remoteAddress":"::1"},"res":{"statusCode":201},"responseTime":5,"msg":"POST /events 201"}
{"level":30,"time":"2026-08-04T07:42:53.438Z","service":"reddington-server","env":"development","req":{"id":"57346848-dd18-4ece-b509-a36f40de039d","method":"GET","url":"/api/cart","remoteAddress":"::1"},"res":{"statusCode":304},"responseTime":3,"msg":"GET / 304"}
{"level":30,"time":"2026-08-04T07:42:53.439Z","service":"reddington-server","env":"development","req":{"id":"c25cdd4e-5607-480f-bb52-696311110f79","method":"GET","url":"/api/users/profile","remoteAddress":"::1"},"res":{"statusCode":304},"responseTime":2,"msg":"GET /profile 304"}
{"level":30,"time":"2026-08-04T07:42:53.443Z","service":"reddington-server","env":"development","req":{"id":"d3f5c6b0-aefe-4717-8bee-68c734fdb94e","method":"POST","url":"/api/analytics/events","remoteAddress":"::1"},"res":{"statusCode":201},"responseTime":5,"msg":"POST /events 201"}
{"level":30,"time":"2026-08-04T07:43:07.813Z","service":"reddington-server","env":"development","req":{"id":"34d261c4-d944-4040-943f-f8d03cf6b2fe","method":"POST","url":"/api/orders","remoteAddress":"::1"},"res":{"statusCode":201},"responseTime":52,"msg":"POST / 201"}
{"level":30,"time":"2026-08-04T07:43:07.828Z","service":"reddington-server","env":"development","req":{"id":"38fb833c-65f6-4cb7-b13a-8c1ff1a8ab53","method":"GET","url":"/api/cart","remoteAddress":"::1"},"res":{"statusCode":200},"responseTime":2,"msg":"GET / 200"}
{"level":30,"time":"2026-08-04T07:43:07.836Z","service":"reddington-server","env":"development","req":{"id":"38089a3f-d35f-49f5-b222-246253270934","method":"GET","url":"/api/orders/cmsecpiji001h5ajka9oospdk","remoteAddress":"::1"},"res":{"statusCode":200},"responseTime":4,"msg":"GET /cmsecpiji001h5ajka9oospdk 200"}
{"level":30,"time":"2026-08-04T07:43:07.839Z","service":"reddington-server","env":"development","req":{"id":"0d1d550c-4a47-480b-92a0-c30966c55cc9","method":"POST","url":"/api/analytics/events","remoteAddress":"::1"},"res":{"statusCode":201},"responseTime":5,"msg":"POST /events 201"}
{"level":30,"time":"2026-08-04T07:43:09.629Z","service":"reddington-server","env":"development","req":{"id":"2c61e7f0-aee8-445c-9b33-e3eb0f144157","method":"GET","url":"/api/products?sort=rating&limit=8","remoteAddress":"::1"},"res":{"statusCode":304},"responseTime":4,"msg":"GET /?sort=rating&limit=8 304"}
{"level":30,"time":"2026-08-04T07:43:09.629Z","service":"reddington-server","env":"development","req":{"id":"46866e71-df29-4691-b128-3dfc18267a18","method":"GET","url":"/api/users/wishlist","remoteAddress":"::1"},"res":{"statusCode":304},"responseTime":3,"msg":"GET /wishlist 304"}
{"level":30,"time":"2026-08-04T07:43:09.634Z","service":"reddington-server","env":"development","req":{"id":"9bee3fc5-c898-4c3a-b892-549ffe6b27ee","method":"GET","url":"/api/recommendations","remoteAddress":"::1"},"res":{"statusCode":200},"responseTime":36,"msg":"GET / 200"}
{"level":30,"time":"2026-08-04T07:43:09.672Z","service":"reddington-server","env":"development","req":{"id":"4be5b197-5cf6-48ff-be26-fc648e41a32d","method":"POST","url":"/api/analytics/events","remoteAddress":"::1"},"res":{"statusCode":201},"responseTime":58,"msg":"POST /events 201"}
{"level":30,"time":"2026-08-04T07:43:09.766Z","service":"reddington-server","env":"development","req":{"id":"53621d67-b48e-4f67-9934-90497ed8a9fd","method":"GET","url":"/api/products/offers?lat=22.511726618442644&lng=88.39980564534194","remoteAddress":"::1"},"res":{"statusCode":200},"responseTime":2,"msg":"GET /offers?lat=22.511726618442644&lng=88.39980564534194 200"}
{"level":30,"time":"2026-08-04T07:43:10.233Z","service":"reddington-server","env":"development","req":{"id":"24b5fafb-8579-46a7-ad10-3d973b6789a6","method":"GET","url":"/api/notifications/unread-count","remoteAddress":"::1"},"res":{"statusCode":200},"responseTime":3,"msg":"GET /unread-count 200"}
{"level":30,"time":"2026-08-04T07:43:12.499Z","service":"reddington-server","env":"development","req":{"id":"7b904cbe-7899-4288-b226-43255f07b6e4","method":"GET","url":"/api/products?category=footwear&search=&sort=&page=1&limit=12","remoteAddress":"::1"},"res":{"statusCode":200},"responseTime":4,"msg":"GET /?category=footwear&search=&sort=&page=1&limit=12 200"}
{"level":30,"time":"2026-08-04T07:43:12.502Z","service":"reddington-server","env":"development","req":{"id":"bc6346c3-d4ee-4708-b5d2-4f82c6b67a51","method":"GET","url":"/api/users/wishlist","remoteAddress":"::1"},"res":{"statusCode":304},"responseTime":4,"msg":"GET /wishlist 304"}
{"level":30,"time":"2026-08-04T07:43:12.526Z","service":"reddington-server","env":"development","req":{"id":"d95fbffe-af08-482c-9b7a-63e1df10bd14","method":"POST","url":"/api/analytics/events","remoteAddress":"::1"},"res":{"statusCode":201},"responseTime":30,"msg":"POST /events 201"}
{"level":30,"time":"2026-08-04T07:43:14.448Z","service":"reddington-server","env":"development","req":{"id":"81069b63-f69a-4fd3-9426-e4370ea620d5","method":"GET","url":"/api/products/cms5yueng000u5ao8anb1l2y8","remoteAddress":"::1"},"res":{"statusCode":200},"responseTime":3,"msg":"GET /cms5yueng000u5ao8anb1l2y8 200"}
{"level":30,"time":"2026-08-04T07:43:14.453Z","service":"reddington-server","env":"development","req":{"id":"746c8e4a-bae5-489f-afb0-59ff0a306cca","method":"GET","url":"/api/users/wishlist","remoteAddress":"::1"},"res":{"statusCode":304},"responseTime":1,"msg":"GET /wishlist 304"}
{"level":30,"time":"2026-08-04T07:43:14.492Z","service":"reddington-server","env":"development","req":{"id":"ebd7874b-2f63-42fa-854d-49caaa7a309f","method":"POST","url":"/api/analytics/events","remoteAddress":"::1"},"res":{"statusCode":201},"responseTime":42,"msg":"POST /events 201"}
{"level":30,"time":"2026-08-04T07:43:14.492Z","service":"reddington-server","env":"development","req":{"id":"61de22d5-4471-4cbf-86d2-9fe5151097e6","method":"POST","url":"/api/recommendations/view","remoteAddress":"::1"},"res":{"statusCode":201},"responseTime":41,"msg":"POST /view 201"}
{"level":30,"time":"2026-08-04T07:43:14.492Z","service":"reddington-server","env":"development","req":{"id":"f4d23ee1-68ba-4497-8f63-1a3747baaabd","method":"POST","url":"/api/recommendations/view","remoteAddress":"::1"},"res":{"statusCode":201},"responseTime":45,"msg":"POST /view 201"}
{"level":30,"time":"2026-08-04T07:43:18.726Z","service":"reddington-server","env":"development","req":{"id":"4b132496-c58c-4ae9-bf8c-9943abbea2c7","method":"POST","url":"/api/cart/items","remoteAddress":"::1"},"res":{"statusCode":201},"responseTime":46,"msg":"POST /items 201"}
{"level":30,"time":"2026-08-04T07:43:18.734Z","service":"reddington-server","env":"development","req":{"id":"33a0249d-0d4c-4069-bf50-bc122ee76a4a","method":"GET","url":"/api/cart","remoteAddress":"::1"},"res":{"statusCode":200},"responseTime":2,"msg":"GET / 200"}
{"level":30,"time":"2026-08-04T07:43:21.023Z","service":"reddington-server","env":"development","req":{"id":"3d9563aa-40d9-4eb4-b909-bb593a6741c6","method":"GET","url":"/api/cart","remoteAddress":"::1"},"res":{"statusCode":304},"responseTime":13,"msg":"GET / 304"}
{"level":30,"time":"2026-08-04T07:43:21.063Z","service":"reddington-server","env":"development","req":{"id":"83e7a83a-5f2b-4995-bc8b-500e54b146b7","method":"POST","url":"/api/analytics/events","remoteAddress":"::1"},"res":{"statusCode":201},"responseTime":61,"msg":"POST /events 201"}
{"level":30,"time":"2026-08-04T07:43:22.611Z","service":"reddington-server","env":"development","req":{"id":"54c28b1f-9079-4e13-b4d5-fa5d81d7ab91","method":"GET","url":"/api/cart","remoteAddress":"::1"},"res":{"statusCode":304},"responseTime":3,"msg":"GET / 304"}
{"level":30,"time":"2026-08-04T07:43:22.612Z","service":"reddington-server","env":"development","req":{"id":"40f8eb12-5043-4f1e-9617-83fb060d25d0","method":"POST","url":"/api/analytics/events","remoteAddress":"::1"},"res":{"statusCode":201},"responseTime":4,"msg":"POST /events 201"}
{"level":30,"time":"2026-08-04T07:43:22.614Z","service":"reddington-server","env":"development","req":{"id":"99c1d3d0-0dfd-48e6-98fb-337b190b8805","method":"GET","url":"/api/users/profile","remoteAddress":"::1"},"res":{"statusCode":304},"responseTime":5,"msg":"GET /profile 304"}
{"level":30,"time":"2026-08-04T07:43:31.000Z","service":"reddington-server","env":"development","req":{"id":"86cb3082-5c8c-487f-b7e0-aaac9c7c66c0","method":"POST","url":"/api/orders","remoteAddress":"::1"},"res":{"statusCode":201},"responseTime":36,"msg":"POST / 201"}
{"level":30,"time":"2026-08-04T07:43:31.050Z","service":"reddington-server","env":"development","req":{"id":"60705634-af52-4617-8695-6a1e8c342273","method":"GET","url":"/api/cart","remoteAddress":"::1"},"res":{"statusCode":200},"responseTime":2,"msg":"GET / 200"}
{"level":30,"time":"2026-08-04T07:43:31.068Z","service":"reddington-server","env":"development","req":{"id":"e9880fd8-9c75-46fb-b8e3-a7cc95f747fc","method":"GET","url":"/api/orders/cmsecq0ey002b5ajktc2d1b6u","remoteAddress":"::1"},"res":{"statusCode":200},"responseTime":7,"msg":"GET /cmsecq0ey002b5ajktc2d1b6u 200"}
{"level":30,"time":"2026-08-04T07:43:31.074Z","service":"reddington-server","env":"development","req":{"id":"34d8246f-a6b7-4bde-a3f9-beed2ef4fa5d","method":"POST","url":"/api/analytics/events","remoteAddress":"::1"},"res":{"statusCode":201},"responseTime":10,"msg":"POST /events 201"}
{"level":30,"time":"2026-08-04T07:43:32.640Z","service":"reddington-server","env":"development","req":{"id":"adaba6d4-0e9a-4180-a306-1b090d1936b9","method":"GET","url":"/api/notifications","remoteAddress":"::1"},"res":{"statusCode":200},"responseTime":3,"msg":"GET / 200"}
{"level":30,"time":"2026-08-04T07:43:32.682Z","service":"reddington-server","env":"development","req":{"id":"71d808fe-fa3c-49d3-b15d-930826242972","method":"POST","url":"/api/analytics/events","remoteAddress":"::1"},"res":{"statusCode":201},"responseTime":43,"msg":"POST /events 201"}
{"level":30,"time":"2026-08-04T07:43:33.739Z","service":"reddington-server","env":"development","req":{"id":"c3c5cfdb-59ad-43fd-956b-7bc03b1f184d","method":"PUT","url":"/api/notifications/cmsecq0f7002h5ajkvrmm0b91/read","remoteAddress":"::1"},"res":{"statusCode":200},"responseTime":3,"msg":"PUT /cmsecq0f7002h5ajkvrmm0b91/read 200"}
{"level":30,"time":"2026-08-04T07:43:33.746Z","service":"reddington-server","env":"development","req":{"id":"ae75f5dd-6faa-42e7-ad6f-6e116212121b","method":"GET","url":"/api/notifications","remoteAddress":"::1"},"res":{"statusCode":200},"responseTime":2,"msg":"GET / 200"}
{"level":30,"time":"2026-08-04T07:43:33.747Z","service":"reddington-server","env":"development","req":{"id":"cf416207-dec3-4990-8c28-cef1e0418e51","method":"GET","url":"/api/notifications/unread-count","remoteAddress":"::1"},"res":{"statusCode":200},"responseTime":2,"msg":"GET /unread-count 200"}
{"level":30,"time":"2026-08-04T07:43:34.619Z","service":"reddington-server","env":"development","req":{"id":"a1ba28c5-862b-4dfb-ae7b-4630c18bcbde","method":"PUT","url":"/api/notifications/cmsecq0f6002f5ajkhj9l1yg8/read","remoteAddress":"::1"},"res":{"statusCode":200},"responseTime":41,"msg":"PUT /cmsecq0f6002f5ajkhj9l1yg8/read 200"}
{"level":30,"time":"2026-08-04T07:43:34.627Z","service":"reddington-server","env":"development","req":{"id":"9c41035b-6082-416c-b9e3-ea7f0572681b","method":"GET","url":"/api/notifications","remoteAddress":"::1"},"res":{"statusCode":200},"responseTime":2,"msg":"GET / 200"}
{"level":30,"time":"2026-08-04T07:43:34.627Z","service":"reddington-server","env":"development","req":{"id":"bbbec7f8-7e69-4b2b-838c-21b5c238e0be","method":"GET","url":"/api/notifications/unread-count","remoteAddress":"::1"},"res":{"statusCode":200},"responseTime":1,"msg":"GET /unread-count 200"}
{"level":30,"time":"2026-08-04T07:43:35.354Z","service":"reddington-server","env":"development","req":{"id":"749b4ac9-e0b2-4e3c-9575-a5b65841b01f","method":"PUT","url":"/api/notifications/cmsecpijm001n5ajktclgafra/read","remoteAddress":"::1"},"res":{"statusCode":200},"responseTime":41,"msg":"PUT /cmsecpijm001n5ajktclgafra/read 200"}
{"level":30,"time":"2026-08-04T07:43:35.362Z","service":"reddington-server","env":"development","req":{"id":"9f9b35d6-6b80-48d8-a92e-d4e6c948f679","method":"GET","url":"/api/notifications","remoteAddress":"::1"},"res":{"statusCode":200},"responseTime":2,"msg":"GET / 200"}
{"level":30,"time":"2026-08-04T07:43:35.362Z","service":"reddington-server","env":"development","req":{"id":"5e6f8e9e-d7ad-4fdb-b3e3-8120bfa810c3","method":"GET","url":"/api/notifications/unread-count","remoteAddress":"::1"},"res":{"statusCode":200},"responseTime":2,"msg":"GET /unread-count 200"}
{"level":30,"time":"2026-08-04T07:43:37.561Z","service":"reddington-server","env":"development","req":{"id":"153812d7-8e68-4a3c-9a16-6aed67b876f7","method":"PUT","url":"/api/notifications/cmsecpijl001l5ajkncab3tbj/read","remoteAddress":"::1"},"res":{"statusCode":200},"responseTime":2,"msg":"PUT /cmsecpijl001l5ajkncab3tbj/read 200"}
{"level":30,"time":"2026-08-04T07:43:37.569Z","service":"reddington-server","env":"development","req":{"id":"5dd4d7d4-48c7-49ed-a9b4-a876b3640996","method":"GET","url":"/api/notifications/unread-count","remoteAddress":"::1"},"res":{"statusCode":200},"responseTime":2,"msg":"GET /unread-count 200"}
{"level":30,"time":"2026-08-04T07:43:37.569Z","service":"reddington-server","env":"development","req":{"id":"c51702e6-82f6-4495-ad90-56f34cdba1dc","method":"GET","url":"/api/notifications","remoteAddress":"::1"},"res":{"statusCode":200},"responseTime":1,"msg":"GET / 200"}
{"level":30,"time":"2026-08-04T07:43:39.800Z","service":"reddington-server","env":"development","req":{"id":"e296d196-5a00-43d9-9a06-23fbc2dc030d","method":"GET","url":"/api/products?category=&search=&sort=&page=1&limit=12","remoteAddress":"::1"},"res":{"statusCode":304},"responseTime":4,"msg":"GET /?category=&search=&sort=&page=1&limit=12 304"}
{"level":30,"time":"2026-08-04T07:43:39.802Z","service":"reddington-server","env":"development","req":{"id":"45fc218b-5394-4caa-badb-8151b1e709ae","method":"GET","url":"/api/users/wishlist","remoteAddress":"::1"},"res":{"statusCode":304},"responseTime":3,"msg":"GET /wishlist 304"}
{"level":30,"time":"2026-08-04T07:43:39.850Z","service":"reddington-server","env":"development","req":{"id":"a2de289a-602a-4d94-94e4-455103b01b81","method":"POST","url":"/api/analytics/events","remoteAddress":"::1"},"res":{"statusCode":201},"responseTime":52,"msg":"POST /events 201"}
{"level":30,"time":"2026-08-04T07:43:41.980Z","service":"reddington-server","env":"development","req":{"id":"3286c259-051d-46fa-be45-c90e2329dbf0","method":"GET","url":"/api/notifications","remoteAddress":"::1"},"res":{"statusCode":304},"responseTime":2,"msg":"GET / 304"}
{"level":30,"time":"2026-08-04T07:43:41.982Z","service":"reddington-server","env":"development","req":{"id":"c988311e-715b-48a6-adb8-363c474b6866","method":"POST","url":"/api/analytics/events","remoteAddress":"::1"},"res":{"statusCode":201},"responseTime":3,"msg":"POST /events 201"}
{"level":30,"time":"2026-08-04T07:43:46.772Z","service":"reddington-server","env":"development","req":{"id":"d966e035-467f-4645-8950-e272e01d7b1b","method":"GET","url":"/api/users/profile","remoteAddress":"::1"},"res":{"statusCode":304},"responseTime":3,"msg":"GET /profile 304"}
{"level":30,"time":"2026-08-04T07:43:46.775Z","service":"reddington-server","env":"development","req":{"id":"b3246869-a1e9-4f6f-be1e-b488ffcd8edd","method":"POST","url":"/api/analytics/events","remoteAddress":"::1"},"res":{"statusCode":201},"responseTime":6,"msg":"POST /events 201"}
{"level":30,"time":"2026-08-04T07:43:49.084Z","service":"reddington-server","env":"development","req":{"id":"1cd8e4a2-cc7d-43c3-8410-585e06dc26a3","method":"GET","url":"/api/users/wishlist","remoteAddress":"::1"},"res":{"statusCode":304},"responseTime":1,"msg":"GET /wishlist 304"}
{"level":30,"time":"2026-08-04T07:43:49.098Z","service":"reddington-server","env":"development","req":{"id":"3f1751de-6e47-453c-86c4-c51415596736","method":"POST","url":"/api/analytics/events","remoteAddress":"::1"},"res":{"statusCode":201},"responseTime":15,"msg":"POST /events 201"}
{"level":30,"time":"2026-08-04T07:43:51.013Z","service":"reddington-server","env":"development","req":{"id":"46f9273f-9ab1-4654-a929-e7ebd427d0d6","method":"GET","url":"/api/products?category=&search=&sort=&page=1&limit=12","remoteAddress":"::1"},"res":{"statusCode":304},"responseTime":12,"msg":"GET /?category=&search=&sort=&page=1&limit=12 304"}
{"level":30,"time":"2026-08-04T07:43:51.016Z","service":"reddington-server","env":"development","req":{"id":"5b0ea25e-4ed8-456f-a9eb-920bc977cd59","method":"GET","url":"/api/users/wishlist","remoteAddress":"::1"},"res":{"statusCode":304},"responseTime":4,"msg":"GET /wishlist 304"}
{"level":30,"time":"2026-08-04T07:43:51.019Z","service":"reddington-server","env":"development","req":{"id":"09f0dd95-475f-485b-b391-da83d01bab86","method":"POST","url":"/api/analytics/events","remoteAddress":"::1"},"res":{"statusCode":201},"responseTime":8,"msg":"POST /events 201"}
{"level":30,"time":"2026-08-04T07:43:52.661Z","service":"reddington-server","env":"development","req":{"id":"839d4719-a811-4ead-b00f-d85630672e02","method":"POST","url":"/api/users/wishlist/cms5yueod001b5ao8zi8f333n","remoteAddress":"::1"},"res":{"statusCode":201},"responseTime":44,"msg":"POST /wishlist/cms5yueod001b5ao8zi8f333n 201"}
{"level":30,"time":"2026-08-04T07:43:52.668Z","service":"reddington-server","env":"development","req":{"id":"62c3507c-fa46-4206-b2a1-e3f0b6cb9ad5","method":"GET","url":"/api/users/wishlist","remoteAddress":"::1"},"res":{"statusCode":200},"responseTime":2,"msg":"GET /wishlist 200"}
{"level":30,"time":"2026-08-04T07:43:53.090Z","service":"reddington-server","env":"development","req":{"id":"571cec40-f5a2-4b26-9555-44a18ded35d4","method":"DELETE","url":"/api/users/wishlist/cms5yueod001b5ao8zi8f333n","remoteAddress":"::1"},"res":{"statusCode":200},"responseTime":43,"msg":"DELETE /wishlist/cms5yueod001b5ao8zi8f333n 200"}
{"level":30,"time":"2026-08-04T07:43:53.097Z","service":"reddington-server","env":"development","req":{"id":"cfc94ec4-81cb-4d56-855e-8c33c49f5eb6","method":"GET","url":"/api/users/wishlist","remoteAddress":"::1"},"res":{"statusCode":200},"responseTime":2,"msg":"GET /wishlist 200"}
{"level":30,"time":"2026-08-04T07:43:55.166Z","service":"reddington-server","env":"development","req":{"id":"afc0772b-4b26-4ec4-9819-2484d7e3ed40","method":"POST","url":"/api/users/wishlist/cms5yueob001a5ao824qzlx04","remoteAddress":"::1"},"res":{"statusCode":201},"responseTime":42,"msg":"POST /wishlist/cms5yueob001a5ao824qzlx04 201"}
{"level":30,"time":"2026-08-04T07:43:55.174Z","service":"reddington-server","env":"development","req":{"id":"4f412266-f3e8-433a-8862-1663d506c33d","method":"GET","url":"/api/users/wishlist","remoteAddress":"::1"},"res":{"statusCode":200},"responseTime":2,"msg":"GET /wishlist 200"}
{"level":30,"time":"2026-08-04T07:43:56.783Z","service":"reddington-server","env":"development","req":{"id":"695f5218-7814-4251-bcff-31159b700447","method":"POST","url":"/api/users/wishlist/cms5yueo300165ao84ir47cl7","remoteAddress":"::1"},"res":{"statusCode":201},"responseTime":43,"msg":"POST /wishlist/cms5yueo300165ao84ir47cl7 201"}
{"level":30,"time":"2026-08-04T07:43:56.791Z","service":"reddington-server","env":"development","req":{"id":"45125fab-6e97-4c29-a681-3d0907a6ab73","method":"GET","url":"/api/users/wishlist","remoteAddress":"::1"},"res":{"statusCode":200},"responseTime":2,"msg":"GET /wishlist 200"}
{"level":30,"time":"2026-08-04T07:43:59.253Z","service":"reddington-server","env":"development","req":{"id":"e733da5d-c520-437f-a79b-829128bc136f","method":"POST","url":"/api/users/wishlist/cms5yuenu00125ao8h3pcbi3h","remoteAddress":"::1"},"res":{"statusCode":201},"responseTime":42,"msg":"POST /wishlist/cms5yuenu00125ao8h3pcbi3h 201"}
{"level":30,"time":"2026-08-04T07:43:59.261Z","service":"reddington-server","env":"development","req":{"id":"67d6d549-a1ff-49b7-9950-5a85a88d737b","method":"GET","url":"/api/users/wishlist","remoteAddress":"::1"},"res":{"statusCode":200},"responseTime":2,"msg":"GET /wishlist 200"}
{"level":30,"time":"2026-08-04T07:44:02.261Z","service":"reddington-server","env":"development","req":{"id":"e17e809f-9d33-4e16-b772-538cc6804932","method":"GET","url":"/api/users/wishlist","remoteAddress":"::1"},"res":{"statusCode":304},"responseTime":3,"msg":"GET /wishlist 304"}
{"level":30,"time":"2026-08-04T07:44:02.273Z","service":"reddington-server","env":"development","req":{"id":"96dbe196-7da0-4746-a3e0-19ee541d9418","method":"POST","url":"/api/analytics/events","remoteAddress":"::1"},"res":{"statusCode":201},"responseTime":15,"msg":"POST /events 201"}
{"level":30,"time":"2026-08-04T07:44:07.527Z","service":"reddington-server","env":"development","req":{"id":"d422f802-d8e4-4219-a258-640b7be53b21","method":"POST","url":"/api/cart/items","remoteAddress":"::1"},"res":{"statusCode":201},"responseTime":43,"msg":"POST /items 201"}
{"level":30,"time":"2026-08-04T07:44:07.535Z","service":"reddington-server","env":"development","req":{"id":"dedb2e5d-47b8-4e66-8417-0ad09a2450c7","method":"GET","url":"/api/cart","remoteAddress":"::1"},"res":{"statusCode":200},"responseTime":2,"msg":"GET / 200"}
{"level":30,"time":"2026-08-04T07:44:07.577Z","service":"reddington-server","env":"development","req":{"id":"100ae3a1-fd32-47b6-a966-b3a4b3cd36fc","method":"GET","url":"/api/notifications/unread-count","remoteAddress":"::1"},"res":{"statusCode":304},"responseTime":2,"msg":"GET /unread-count 304"}
{"level":30,"time":"2026-08-04T07:44:11.621Z","service":"reddington-server","env":"development","req":{"id":"fe5b4a5a-c895-40ac-b44c-6acf6d4afab1","method":"POST","url":"/api/cart/items","remoteAddress":"::1"},"res":{"statusCode":201},"responseTime":44,"msg":"POST /items 201"}
{"level":30,"time":"2026-08-04T07:44:11.628Z","service":"reddington-server","env":"development","req":{"id":"6380e2ef-a61b-4592-843b-ec2aefb6b068","method":"GET","url":"/api/cart","remoteAddress":"::1"},"res":{"statusCode":200},"responseTime":2,"msg":"GET / 200"}
{"level":30,"time":"2026-08-04T07:44:13.436Z","service":"reddington-server","env":"development","req":{"id":"8fd23a10-d7ea-4ec9-9ecc-939516e663c0","method":"GET","url":"/api/cart","remoteAddress":"::1"},"res":{"statusCode":304},"responseTime":2,"msg":"GET / 304"}
{"level":30,"time":"2026-08-04T07:44:13.475Z","service":"reddington-server","env":"development","req":{"id":"749e4270-35f7-42e7-b930-e09949721323","method":"POST","url":"/api/analytics/events","remoteAddress":"::1"},"res":{"statusCode":201},"responseTime":42,"msg":"POST /events 201"}
{"level":30,"time":"2026-08-04T07:44:15.038Z","service":"reddington-server","env":"development","req":{"id":"304ec6a2-f1b3-4c9f-bf64-f7596b29a597","method":"GET","url":"/api/cart","remoteAddress":"::1"},"res":{"statusCode":304},"responseTime":4,"msg":"GET / 304"}
{"level":30,"time":"2026-08-04T07:44:15.038Z","service":"reddington-server","env":"development","req":{"id":"e7b5cbe4-b8e1-45c7-9c76-51cf5ba58792","method":"GET","url":"/api/users/profile","remoteAddress":"::1"},"res":{"statusCode":304},"responseTime":2,"msg":"GET /profile 304"}
{"level":30,"time":"2026-08-04T07:44:15.078Z","service":"reddington-server","env":"development","req":{"id":"84adcc35-336f-478c-b9dc-feef59d55ecf","method":"POST","url":"/api/analytics/events","remoteAddress":"::1"},"res":{"statusCode":201},"responseTime":43,"msg":"POST /events 201"}
{"level":30,"time":"2026-08-04T07:44:27.851Z","service":"reddington-server","env":"development","req":{"id":"754827c4-2bc8-4a87-b8c8-edb9a8bf1d9a","method":"POST","url":"/api/orders","remoteAddress":"::1"},"res":{"statusCode":201},"responseTime":53,"msg":"POST / 201"}
{"level":30,"time":"2026-08-04T07:44:27.865Z","service":"reddington-server","env":"development","req":{"id":"8a3cb6c1-7e79-479b-80d0-4a16b6a1fc51","method":"GET","url":"/api/cart","remoteAddress":"::1"},"res":{"statusCode":200},"responseTime":3,"msg":"GET / 200"}
{"level":30,"time":"2026-08-04T07:44:27.886Z","service":"reddington-server","env":"development","req":{"id":"6c31252a-4a72-458b-ad4f-2171864c2564","method":"GET","url":"/api/orders/cmsecr89r003j5ajkana3eblk","remoteAddress":"::1"},"res":{"statusCode":200},"responseTime":3,"msg":"GET /cmsecr89r003j5ajkana3eblk 200"}
{"level":30,"time":"2026-08-04T07:44:27.889Z","service":"reddington-server","env":"development","req":{"id":"df7acd61-8231-40bc-bef2-8b0f72ed5d06","method":"POST","url":"/api/analytics/events","remoteAddress":"::1"},"res":{"statusCode":201},"responseTime":5,"msg":"POST /events 201"}
{"level":30,"time":"2026-08-04T07:44:29.763Z","service":"reddington-server","env":"development","req":{"id":"4ce8b5e5-6c22-4539-b33a-1efde8f87a13","method":"GET","url":"/api/products?sort=rating&limit=8","remoteAddress":"::1"},"res":{"statusCode":304},"responseTime":3,"msg":"GET /?sort=rating&limit=8 304"}
{"level":30,"time":"2026-08-04T07:44:29.765Z","service":"reddington-server","env":"development","req":{"id":"62e95a79-ca38-4785-b7ac-0cb3b9f9032c","method":"GET","url":"/api/users/wishlist","remoteAddress":"::1"},"res":{"statusCode":304},"responseTime":3,"msg":"GET /wishlist 304"}
{"level":30,"time":"2026-08-04T07:44:29.766Z","service":"reddington-server","env":"development","req":{"id":"dd06c2b8-b08d-4e62-a17a-6f9a07491e12","method":"POST","url":"/api/analytics/events","remoteAddress":"::1"},"res":{"statusCode":201},"responseTime":5,"msg":"POST /events 201"}
{"level":30,"time":"2026-08-04T07:44:29.770Z","service":"reddington-server","env":"development","req":{"id":"643cd284-e645-4394-a205-184397e1b732","method":"GET","url":"/api/recommendations","remoteAddress":"::1"},"res":{"statusCode":304},"responseTime":11,"msg":"GET / 304"}
{"level":30,"time":"2026-08-04T07:44:29.839Z","service":"reddington-server","env":"development","req":{"id":"e36818c5-f45e-4277-baa9-f05ff045e8d1","method":"GET","url":"/api/products/offers?lat=22.511731389927423&lng=88.39984122936274","remoteAddress":"::1"},"res":{"statusCode":200},"responseTime":2,"msg":"GET /offers?lat=22.511731389927423&lng=88.39984122936274 200"}
{"level":30,"time":"2026-08-04T07:44:32.482Z","service":"reddington-server","env":"development","req":{"id":"de065a14-01b3-4458-938d-6e1b0eb86b46","method":"POST","url":"/api/analytics/events","remoteAddress":"::1"},"res":{"statusCode":201},"responseTime":4,"msg":"POST /events 201"}
{"level":30,"time":"2026-08-04T07:44:32.485Z","service":"reddington-server","env":"development","req":{"id":"467ccc81-0e75-444b-b8cd-5d4fb9c6c2a7","method":"GET","url":"/api/consents/purposes","remoteAddress":"::1"},"res":{"statusCode":304},"responseTime":6,"msg":"GET /purposes 304"}
{"level":30,"time":"2026-08-04T07:44:32.486Z","service":"reddington-server","env":"development","req":{"id":"aedd15c0-970d-4073-86b9-e5555548fb22","method":"GET","url":"/api/consents/history","remoteAddress":"::1"},"res":{"statusCode":304},"responseTime":6,"msg":"GET /history 304"}
{"level":30,"time":"2026-08-04T07:44:34.841Z","service":"reddington-server","env":"development","req":{"id":"b34fe948-19bb-4f41-88e0-fbd01bac2d4c","method":"POST","url":"/api/consents/decisions","remoteAddress":"::1"},"res":{"statusCode":201},"responseTime":47,"msg":"POST /decisions 201"}
{"level":30,"time":"2026-08-04T07:44:34.848Z","service":"reddington-server","env":"development","req":{"id":"41df335a-fa8f-4278-8bfe-14d49527f68d","method":"GET","url":"/api/consents/me","remoteAddress":"::1"},"res":{"statusCode":200},"responseTime":2,"msg":"GET /me 200"}
{"level":30,"time":"2026-08-04T07:44:34.868Z","service":"reddington-server","env":"development","req":{"id":"9a8e5e40-c76f-4853-aebf-244d0bf593f3","method":"GET","url":"/api/consents/history","remoteAddress":"::1"},"res":{"statusCode":200},"responseTime":14,"msg":"GET /history 200"}
{"level":30,"time":"2026-08-04T07:44:37.602Z","service":"reddington-server","env":"development","req":{"id":"f284767a-9fec-4b5b-a8b7-947def1c9d46","method":"GET","url":"/api/notifications/unread-count","remoteAddress":"::1"},"res":{"statusCode":200},"responseTime":3,"msg":"GET /unread-count 200"}
{"level":30,"time":"2026-08-04T07:44:37.935Z","service":"reddington-server","env":"development","req":{"id":"dce3a2be-4694-4931-8b85-6e1ea0605f89","method":"POST","url":"/api/consents/decisions","remoteAddress":"::1"},"res":{"statusCode":201},"responseTime":43,"msg":"POST /decisions 201"}
{"level":30,"time":"2026-08-04T07:44:37.943Z","service":"reddington-server","env":"development","req":{"id":"d99fc67b-0f43-44cd-9798-cc543e25de72","method":"GET","url":"/api/consents/me","remoteAddress":"::1"},"res":{"statusCode":200},"responseTime":2,"msg":"GET /me 200"}
{"level":30,"time":"2026-08-04T07:44:37.952Z","service":"reddington-server","env":"development","req":{"id":"40358adc-1c1a-4622-880f-bf1c6f68c135","method":"GET","url":"/api/consents/history","remoteAddress":"::1"},"res":{"statusCode":200},"responseTime":3,"msg":"GET /history 200"}
{"level":30,"time":"2026-08-04T07:44:39.834Z","service":"reddington-server","env":"development","req":{"id":"74c6c379-b683-4265-8cc3-194ccd1a89ba","method":"POST","url":"/api/consents/decisions","remoteAddress":"::1"},"res":{"statusCode":201},"responseTime":5,"msg":"POST /decisions 201"}
{"level":30,"time":"2026-08-04T07:44:39.842Z","service":"reddington-server","env":"development","req":{"id":"48e8f8ea-6476-4924-9a66-50478d04bf5b","method":"GET","url":"/api/consents/me","remoteAddress":"::1"},"res":{"statusCode":200},"responseTime":1,"msg":"GET /me 200"}
{"level":30,"time":"2026-08-04T07:44:39.851Z","service":"reddington-server","env":"development","req":{"id":"4de5e77b-0e70-471f-9f01-dc4cfe4f21fd","method":"GET","url":"/api/consents/history","remoteAddress":"::1"},"res":{"statusCode":200},"responseTime":3,"msg":"GET /history 200"}
{"level":30,"time":"2026-08-04T07:44:42.895Z","service":"reddington-server","env":"development","req":{"id":"3c98dbc7-fdec-4e58-ae4f-c44c153b73b1","method":"GET","url":"/api/notifications","remoteAddress":"::1"},"res":{"statusCode":200},"responseTime":3,"msg":"GET / 200"}
{"level":30,"time":"2026-08-04T07:44:42.896Z","service":"reddington-server","env":"development","req":{"id":"0147fd07-1f47-489a-9e2d-43076d12411d","method":"GET","url":"/api/consents/purposes","remoteAddress":"::1"},"res":{"statusCode":304},"responseTime":5,"msg":"GET /purposes 304"}
{"level":30,"time":"2026-08-04T07:44:48.019Z","service":"reddington-server","env":"development","req":{"id":"67d80269-ddd5-41c7-bd20-6a1cdae7eadf","method":"PUT","url":"/api/notifications/cmsecr8b0003q5ajkjp617a44/read","remoteAddress":"::1"},"res":{"statusCode":200},"responseTime":42,"msg":"PUT /cmsecr8b0003q5ajkjp617a44/read 200"}
{"level":30,"time":"2026-08-04T07:44:48.028Z","service":"reddington-server","env":"development","req":{"id":"aee4dd33-1934-49ae-bdb2-ac60325056e4","method":"GET","url":"/api/notifications","remoteAddress":"::1"},"res":{"statusCode":200},"responseTime":3,"msg":"GET / 200"}
{"level":30,"time":"2026-08-04T07:44:48.028Z","service":"reddington-server","env":"development","req":{"id":"5f1e37b5-3d6f-459b-8a6a-ef598d82d844","method":"GET","url":"/api/notifications/unread-count","remoteAddress":"::1"},"res":{"statusCode":200},"responseTime":2,"msg":"GET /unread-count 200"}
{"level":30,"time":"2026-08-04T07:44:48.822Z","service":"reddington-server","env":"development","req":{"id":"cfeb872b-9455-43e2-8738-4b8f7e147092","method":"PUT","url":"/api/notifications/cmsecr8az003o5ajk5xxexrai/read","remoteAddress":"::1"},"res":{"statusCode":200},"responseTime":3,"msg":"PUT /cmsecr8az003o5ajk5xxexrai/read 200"}
{"level":30,"time":"2026-08-04T07:44:48.830Z","service":"reddington-server","env":"development","req":{"id":"0bcf6547-c374-4505-8f53-7654e2bc17a5","method":"GET","url":"/api/notifications/unread-count","remoteAddress":"::1"},"res":{"statusCode":200},"responseTime":2,"msg":"GET /unread-count 200"}
{"level":30,"time":"2026-08-04T07:44:48.830Z","service":"reddington-server","env":"development","req":{"id":"d7511d78-98a6-432c-a7cf-e87f8b7cd975","method":"GET","url":"/api/notifications","remoteAddress":"::1"},"res":{"statusCode":200},"responseTime":1,"msg":"GET / 200"}
{"level":30,"time":"2026-08-04T07:44:51.129Z","service":"reddington-server","env":"development","req":{"id":"1b4720ad-3c9a-4a59-9129-a86f06c8e53f","method":"GET","url":"/api/consents/purposes","remoteAddress":"::1"},"res":{"statusCode":304},"responseTime":3,"msg":"GET /purposes 304"}
{"level":30,"time":"2026-08-04T07:44:51.133Z","service":"reddington-server","env":"development","req":{"id":"5da8a5aa-f03f-46f8-a681-fd5460e9230e","method":"GET","url":"/api/products?sort=rating&limit=8","remoteAddress":"::1"},"res":{"statusCode":304},"responseTime":2,"msg":"GET /?sort=rating&limit=8 304"}
{"level":30,"time":"2026-08-04T07:44:51.134Z","service":"reddington-server","env":"development","req":{"id":"a2535e63-cb7a-424b-ab54-af48697304d2","method":"GET","url":"/api/users/wishlist","remoteAddress":"::1"},"res":{"statusCode":304},"responseTime":2,"msg":"GET /wishlist 304"}
{"level":30,"time":"2026-08-04T07:44:51.138Z","service":"reddington-server","env":"development","req":{"id":"04b46737-ef9f-4d52-b298-b8d52e237bdf","method":"GET","url":"/api/recommendations","remoteAddress":"::1"},"res":{"statusCode":304},"responseTime":8,"msg":"GET / 304"}
{"level":30,"time":"2026-08-04T07:44:54.781Z","service":"reddington-server","env":"development","req":{"id":"d8f83062-2f50-4553-92d0-da9a3fde3c0c","method":"POST","url":"/api/consents/decisions","remoteAddress":"::1"},"res":{"statusCode":201},"responseTime":47,"msg":"POST /decisions 201"}
{"level":30,"time":"2026-08-04T07:44:54.788Z","service":"reddington-server","env":"development","req":{"id":"2eff2239-b478-4ac3-a04f-38513dc6be2c","method":"GET","url":"/api/consents/me","remoteAddress":"::1"},"res":{"statusCode":200},"responseTime":2,"msg":"GET /me 200"}
{"level":30,"time":"2026-08-04T07:44:54.796Z","service":"reddington-server","env":"development","req":{"id":"6df5e829-7d77-4923-859b-ec4c87b57335","method":"GET","url":"/api/consents/me","remoteAddress":"::1"},"res":{"statusCode":304},"responseTime":2,"msg":"GET /me 304"}
{"level":30,"time":"2026-08-04T07:44:58.906Z","service":"reddington-server","env":"development","req":{"id":"0095d2b3-df2c-4d75-b16f-9cd515d7180f","method":"GET","url":"/api/products/offers?lat=22.511778077253016&lng=88.3998889799684","remoteAddress":"::1"},"res":{"statusCode":200},"responseTime":2,"msg":"GET /offers?lat=22.511778077253016&lng=88.3998889799684 200"}
{"level":30,"time":"2026-08-04T07:45:09.562Z","service":"reddington-server","env":"development","req":{"id":"d8c1f5d1-ded6-4221-b60e-4219d6406732","method":"GET","url":"/api/products?category=women&search=&sort=&page=1&limit=12","remoteAddress":"::1"},"res":{"statusCode":200},"responseTime":3,"msg":"GET /?category=women&search=&sort=&page=1&limit=12 200"}
{"level":30,"time":"2026-08-04T07:45:09.563Z","service":"reddington-server","env":"development","req":{"id":"7f1223cc-43ae-43da-86cf-2ee8d7383c21","method":"GET","url":"/api/users/wishlist","remoteAddress":"::1"},"res":{"statusCode":304},"responseTime":3,"msg":"GET /wishlist 304"}
{"level":30,"time":"2026-08-04T07:45:12.852Z","service":"reddington-server","env":"development","req":{"id":"e61fd9e4-2c8f-45a0-ae8a-0559ab9afc3f","method":"GET","url":"/api/products?category=footwear&search=&sort=&page=1&limit=12","remoteAddress":"::1"},"res":{"statusCode":304},"responseTime":2,"msg":"GET /?category=footwear&search=&sort=&page=1&limit=12 304"}
{"level":30,"time":"2026-08-04T07:45:13.803Z","service":"reddington-server","env":"development","req":{"id":"a1965e1b-b777-46ed-922d-0abb573a5c1e","method":"GET","url":"/api/products?category=accessories&search=&sort=&page=1&limit=12","remoteAddress":"::1"},"res":{"statusCode":200},"responseTime":10,"msg":"GET /?category=accessories&search=&sort=&page=1&limit=12 200"}
{"level":30,"time":"2026-08-04T07:45:15.691Z","service":"reddington-server","env":"development","req":{"id":"47f0895d-50ab-4835-970b-e0450cc5c904","method":"GET","url":"/api/products?sort=rating&limit=8","remoteAddress":"::1"},"res":{"statusCode":304},"responseTime":2,"msg":"GET /?sort=rating&limit=8 304"}
{"level":30,"time":"2026-08-04T07:45:15.692Z","service":"reddington-server","env":"development","req":{"id":"b383b49c-20e8-4372-ae99-8cfa79935fc8","method":"GET","url":"/api/users/wishlist","remoteAddress":"::1"},"res":{"statusCode":304},"responseTime":3,"msg":"GET /wishlist 304"}
{"level":30,"time":"2026-08-04T07:45:15.697Z","service":"reddington-server","env":"development","req":{"id":"3893dc2c-a8e3-49a5-b0c2-3f86c14adf92","method":"GET","url":"/api/recommendations","remoteAddress":"::1"},"res":{"statusCode":304},"responseTime":9,"msg":"GET / 304"}
{"level":30,"time":"2026-08-04T07:45:15.775Z","service":"reddington-server","env":"development","req":{"id":"6d72226a-d99a-4d22-9d53-13c4df5d26ae","method":"GET","url":"/api/products/offers?lat=22.511778077253016&lng=88.3998889799684","remoteAddress":"::1"},"res":{"statusCode":304},"responseTime":3,"msg":"GET /offers?lat=22.511778077253016&lng=88.3998889799684 304"}
{"level":30,"time":"2026-08-04T07:45:18.843Z","service":"reddington-server","env":"development","req":{"id":"d74cb461-54f0-40d6-abf7-e78e4fd70437","method":"GET","url":"/api/notifications/unread-count","remoteAddress":"::1"},"res":{"statusCode":304},"responseTime":1,"msg":"GET /unread-count 304"}
{"level":30,"time":"2026-08-04T07:45:21.528Z","service":"reddington-server","env":"development","req":{"id":"33f0b62e-492c-47f2-82af-288a64fc6961","method":"GET","url":"/api/products?category=men&search=&sort=&page=1&limit=12","remoteAddress":"::1"},"res":{"statusCode":304},"responseTime":2,"msg":"GET /?category=men&search=&sort=&page=1&limit=12 304"}
{"level":30,"time":"2026-08-04T07:45:21.529Z","service":"reddington-server","env":"development","req":{"id":"eaab3f29-b2f4-4377-a305-a9d1ad8030b2","method":"GET","url":"/api/users/wishlist","remoteAddress":"::1"},"res":{"statusCode":304},"responseTime":2,"msg":"GET /wishlist 304"}
{"level":30,"time":"2026-08-04T07:45:23.947Z","service":"reddington-server","env":"development","req":{"id":"17153523-e8c5-4640-bcb6-f27cfa78b0f3","method":"GET","url":"/api/notifications","remoteAddress":"::1"},"res":{"statusCode":304},"responseTime":2,"msg":"GET / 304"}
{"level":30,"time":"2026-08-04T07:45:25.966Z","service":"reddington-server","env":"development","req":{"id":"28a283bf-68be-4354-ad9c-7211ffc6cead","method":"POST","url":"/api/consents/decisions","remoteAddress":"::1"},"res":{"statusCode":201},"responseTime":18,"msg":"POST /decisions 201"}
{"level":30,"time":"2026-08-04T07:45:25.973Z","service":"reddington-server","env":"development","req":{"id":"10a58d85-6406-4c80-af50-1f0d129dedef","method":"GET","url":"/api/consents/me","remoteAddress":"::1"},"res":{"statusCode":200},"responseTime":2,"msg":"GET /me 200"}
{"level":30,"time":"2026-08-04T07:45:25.981Z","service":"reddington-server","env":"development","req":{"id":"a9dbca3e-58d1-44a9-a121-92b9fef6d83b","method":"GET","url":"/api/notifications","remoteAddress":"::1"},"res":{"statusCode":304},"responseTime":2,"msg":"GET / 304"}
{"level":30,"time":"2026-08-04T07:45:28.873Z","service":"reddington-server","env":"development","req":{"id":"4deea104-8f9f-493e-8832-69e00eb60285","method":"GET","url":"/api/cart","remoteAddress":"::1"},"res":{"statusCode":304},"responseTime":13,"msg":"GET / 304"}
{"level":30,"time":"2026-08-04T07:45:31.891Z","service":"reddington-server","env":"development","req":{"id":"0841ba7d-465f-434a-ab12-ead6e10aec39","method":"GET","url":"/api/consents/history","remoteAddress":"::1"},"res":{"statusCode":200},"responseTime":3,"msg":"GET /history 200"}
{"level":30,"time":"2026-08-04T07:45:31.892Z","service":"reddington-server","env":"development","req":{"id":"7b1b1ba1-9fdf-451c-a5b9-8d49216a970b","method":"GET","url":"/api/consents/purposes","remoteAddress":"::1"},"res":{"statusCode":304},"responseTime":4,"msg":"GET /purposes 304"}
{"level":30,"time":"2026-08-04T07:45:34.388Z","service":"reddington-server","env":"development","req":{"id":"3fd840f4-8c93-414f-b75e-63ff116e5257","method":"GET","url":"/api/products?category=accessories&search=&sort=&page=1&limit=12","remoteAddress":"::1"},"res":{"statusCode":304},"responseTime":9,"msg":"GET /?category=accessories&search=&sort=&page=1&limit=12 304"}
{"level":30,"time":"2026-08-04T07:45:34.390Z","service":"reddington-server","env":"development","req":{"id":"fa31dcd9-e7fc-44bd-8c07-920a4160ba47","method":"GET","url":"/api/users/wishlist","remoteAddress":"::1"},"res":{"statusCode":304},"responseTime":4,"msg":"GET /wishlist 304"}
{"level":30,"time":"2026-08-04T07:45:35.339Z","service":"reddington-server","env":"development","req":{"id":"65321ec8-1e76-4cb7-89b6-541b6d0ab924","method":"GET","url":"/api/products?sort=rating&limit=8","remoteAddress":"::1"},"res":{"statusCode":304},"responseTime":13,"msg":"GET /?sort=rating&limit=8 304"}
{"level":30,"time":"2026-08-04T07:45:35.340Z","service":"reddington-server","env":"development","req":{"id":"164c7b54-0d34-4f2f-b63e-6067c77741f0","method":"GET","url":"/api/users/wishlist","remoteAddress":"::1"},"res":{"statusCode":304},"responseTime":13,"msg":"GET /wishlist 304"}
{"level":30,"time":"2026-08-04T07:45:35.354Z","service":"reddington-server","env":"development","req":{"id":"1c7268b0-7273-4cb5-9b66-ba7ccf2a9107","method":"GET","url":"/api/recommendations","remoteAddress":"::1"},"res":{"statusCode":304},"responseTime":31,"msg":"GET / 304"}
{"level":30,"time":"2026-08-04T07:45:39.459Z","service":"reddington-server","env":"development","req":{"id":"f67bf5e1-d6ab-42bf-aec2-b5b65d231c21","method":"GET","url":"/api/products/offers?lat=22.511675316172663&lng=88.39988008371796","remoteAddress":"::1"},"res":{"statusCode":200},"responseTime":2,"msg":"GET /offers?lat=22.511675316172663&lng=88.39988008371796 200"}
{"level":30,"time":"2026-08-04T07:45:41.709Z","service":"reddington-server","env":"development","req":{"id":"bda3d2bf-9cd7-44dd-b70d-6e2451e7e033","method":"GET","url":"/api/products?category=accessories&search=&sort=&page=1&limit=12","remoteAddress":"::1"},"res":{"statusCode":304},"responseTime":4,"msg":"GET /?category=accessories&search=&sort=&page=1&limit=12 304"}
{"level":30,"time":"2026-08-04T07:45:41.710Z","service":"reddington-server","env":"development","req":{"id":"4bb23b66-ad57-4a6c-866b-d599ea0375f1","method":"GET","url":"/api/users/wishlist","remoteAddress":"::1"},"res":{"statusCode":304},"responseTime":3,"msg":"GET /wishlist 304"}
{"level":30,"time":"2026-08-04T07:45:42.389Z","service":"reddington-server","env":"development","req":{"id":"57141592-93e2-4745-aae5-2f1ecf114a4b","method":"GET","url":"/api/products?category=footwear&search=&sort=&page=1&limit=12","remoteAddress":"::1"},"res":{"statusCode":304},"responseTime":2,"msg":"GET /?category=footwear&search=&sort=&page=1&limit=12 304"}
{"level":30,"time":"2026-08-04T07:45:48.863Z","service":"reddington-server","env":"development","req":{"id":"60e9d642-f090-4377-b1d7-34b56e9b3ae6","method":"GET","url":"/api/notifications/unread-count","remoteAddress":"::1"},"res":{"statusCode":304},"responseTime":2,"msg":"GET /unread-count 304"}
{"level":30,"time":"2026-08-04T07:45:48.976Z","service":"reddington-server","env":"development","req":{"id":"0abf0dc3-9f55-49ee-a583-50e7cf0889fd","method":"GET","url":"/api/products?category=&search=titan&sort=&page=1&limit=12","remoteAddress":"::1"},"res":{"statusCode":200},"responseTime":43,"msg":"GET /?category=&search=titan&sort=&page=1&limit=12 200"}


####


{"level":30,"time":"2026-08-04T09:17:08.818Z","service":"reddington-server","env":"development","port":"5000","msg":"reddington server listening on http://localhost:5000"}
{"level":30,"time":"2026-08-04T09:17:08.819Z","service":"reddington-server","env":"development","module":"dsar-worker","intervalMs":30000,"msg":"started"}
{"level":30,"time":"2026-08-04T09:17:17.111Z","service":"reddington-server","env":"development","req":{"id":"b53c5c73-a2ae-41ad-8e16-6a3220caf077","method":"GET","url":"/api/auth/me","remoteAddress":"::1"},"res":{"statusCode":304},"responseTime":247,"msg":"GET /me 304"}
{"level":30,"time":"2026-08-04T09:17:17.131Z","service":"reddington-server","env":"development","req":{"id":"b594452c-7395-4c21-ac1d-63b0010ebac3","method":"GET","url":"/api/consents/me","remoteAddress":"::1"},"res":{"statusCode":304},"responseTime":9,"msg":"GET /me 304"}
{"level":30,"time":"2026-08-04T09:17:17.215Z","service":"reddington-server","env":"development","req":{"id":"e11a7e7d-a72b-416e-8a74-310bf4ed7957","method":"GET","url":"/api/auth/me","remoteAddress":"::1"},"res":{"statusCode":304},"responseTime":96,"msg":"GET /me 304"}
{"level":30,"time":"2026-08-04T09:17:17.233Z","service":"reddington-server","env":"development","req":{"id":"232593f2-a6a5-49fe-b340-fbb0c11ed7c2","method":"GET","url":"/api/consents/me","remoteAddress":"::1"},"res":{"statusCode":304},"responseTime":8,"msg":"GET /me 304"}







