{"level":30,"time":"2026-08-10T09:15:28.448Z","service":"reddington-server","env":"development","port":"5000","msg":"reddington server listening on http://localhost:5000"}
{"level":30,"time":"2026-08-10T09:15:28.448Z","service":"reddington-server","env":"development","module":"dsar-worker","intervalMs":30000,"msg":"started"}
{"level":30,"time":"2026-08-10T09:15:40.952Z","service":"reddington-server","env":"development","port":"5000","msg":"reddington server listening on http://localhost:5000"}
{"level":30,"time":"2026-08-10T09:15:40.952Z","service":"reddington-server","env":"development","module":"dsar-worker","intervalMs":30000,"msg":"started"}
{"level":40,"time":"2026-08-10T09:15:42.528Z","service":"reddington-server","env":"development","req":{"id":"44365018-0c72-4617-9e21-b5446265b830","method":"POST","url":"/api/auth/login","remoteAddress":"::1"},"err":{"type":"Object","message":"invalid_credentials","stack":"","status":401},"msg":"client error"}
{"level":40,"time":"2026-08-10T09:15:42.533Z","service":"reddington-server","env":"development","req":{"id":"44365018-0c72-4617-9e21-b5446265b830","method":"POST","url":"/api/auth/login","remoteAddress":"::1"},"res":{"statusCode":401},"responseTime":149,"msg":"POST /api/auth/login 401"}
{"level":40,"time":"2026-08-10T09:15:43.454Z","service":"reddington-server","env":"development","req":{"id":"ea94c699-f701-47dc-a290-1df76fd982d9","method":"POST","url":"/api/auth/login","remoteAddress":"::1"},"err":{"type":"Object","message":"invalid_credentials","stack":"","status":401},"msg":"client error"}
{"level":40,"time":"2026-08-10T09:15:43.455Z","service":"reddington-server","env":"development","req":{"id":"ea94c699-f701-47dc-a290-1df76fd982d9","method":"POST","url":"/api/auth/login","remoteAddress":"::1"},"res":{"statusCode":401},"responseTime":84,"msg":"POST /api/auth/login 401"}
{"level":40,"time":"2026-08-10T09:15:44.202Z","service":"reddington-server","env":"development","req":{"id":"3ca606a1-a29a-4fa0-b237-da9eae8922c4","method":"POST","url":"/api/auth/login","remoteAddress":"::1"},"err":{"type":"Object","message":"invalid_credentials","stack":"","status":401},"msg":"client error"}
{"level":40,"time":"2026-08-10T09:15:44.203Z","service":"reddington-server","env":"development","req":{"id":"3ca606a1-a29a-4fa0-b237-da9eae8922c4","method":"POST","url":"/api/auth/login","remoteAddress":"::1"},"res":{"statusCode":401},"responseTime":101,"msg":"POST /api/auth/login 401"}
{"level":40,"time":"2026-08-10T09:15:44.544Z","service":"reddington-server","env":"development","req":{"id":"ad44b435-0e44-4b32-9855-cfdc50788d88","method":"POST","url":"/api/auth/login","remoteAddress":"::1"},"err":{"type":"Object","message":"invalid_credentials","stack":"","status":401},"msg":"client error"}
{"level":40,"time":"2026-08-10T09:15:44.545Z","service":"reddington-server","env":"development","req":{"id":"ad44b435-0e44-4b32-9855-cfdc50788d88","method":"POST","url":"/api/auth/login","remoteAddress":"::1"},"res":{"statusCode":401},"responseTime":96,"msg":"POST /api/auth/login 401"}
{"level":40,"time":"2026-08-10T09:15:44.947Z","service":"reddington-server","env":"development","req":{"id":"436b9bc5-34a9-4a71-97ed-36995e8fe715","method":"POST","url":"/api/auth/login","remoteAddress":"::1"},"err":{"type":"Object","message":"invalid_credentials","stack":"","status":401},"msg":"client error"}
{"level":40,"time":"2026-08-10T09:15:44.948Z","service":"reddington-server","env":"development","req":{"id":"436b9bc5-34a9-4a71-97ed-36995e8fe715","method":"POST","url":"/api/auth/login","remoteAddress":"::1"},"res":{"statusCode":401},"responseTime":94,"msg":"POST /api/auth/login 401"}
{"level":40,"time":"2026-08-10T09:15:58.513Z","service":"reddington-server","env":"development","req":{"id":"179ca3b3-8c9e-486a-a39d-2e1479ad8824","method":"POST","url":"/api/auth/login","remoteAddress":"::1"},"err":{"type":"Object","message":"invalid_credentials","stack":"","status":401},"msg":"client error"}
{"level":40,"time":"2026-08-10T09:15:58.514Z","service":"reddington-server","env":"development","req":{"id":"179ca3b3-8c9e-486a-a39d-2e1479ad8824","method":"POST","url":"/api/auth/login","remoteAddress":"::1"},"res":{"statusCode":401},"responseTime":103,"msg":"POST /api/auth/login 401"}
{"level":40,"time":"2026-08-10T09:15:59.385Z","service":"reddington-server","env":"development","req":{"id":"287029aa-3e67-421c-b83e-127c0a96f199","method":"POST","url":"/api/auth/login","remoteAddress":"::1"},"err":{"type":"Object","message":"invalid_credentials","stack":"","status":401},"msg":"client error"}
{"level":40,"time":"2026-08-10T09:15:59.385Z","service":"reddington-server","env":"development","req":{"id":"287029aa-3e67-421c-b83e-127c0a96f199","method":"POST","url":"/api/auth/login","remoteAddress":"::1"},"res":{"statusCode":401},"responseTime":101,"msg":"POST /api/auth/login 401"}
{"level":40,"time":"2026-08-10T09:15:59.622Z","service":"reddington-server","env":"development","req":{"id":"086b10ba-e3bd-45c6-a7b1-51a22c30bc15","method":"POST","url":"/api/auth/login","remoteAddress":"::1"},"err":{"type":"Object","message":"invalid_credentials","stack":"","status":401},"msg":"client error"}
{"level":40,"time":"2026-08-10T09:15:59.623Z","service":"reddington-server","env":"development","req":{"id":"086b10ba-e3bd-45c6-a7b1-51a22c30bc15","method":"POST","url":"/api/auth/login","remoteAddress":"::1"},"res":{"statusCode":401},"responseTime":96,"msg":"POST /api/auth/login 401"}
{"level":40,"time":"2026-08-10T09:15:59.789Z","service":"reddington-server","env":"development","req":{"id":"71c1dd7f-5127-4e17-99dc-79fdcf937beb","method":"POST","url":"/api/auth/login","remoteAddress":"::1"},"err":{"type":"Object","message":"invalid_credentials","stack":"","status":401},"msg":"client error"}
{"level":40,"time":"2026-08-10T09:15:59.790Z","service":"reddington-server","env":"development","req":{"id":"71c1dd7f-5127-4e17-99dc-79fdcf937beb","method":"POST","url":"/api/auth/login","remoteAddress":"::1"},"res":{"statusCode":401},"responseTime":94,"msg":"POST /api/auth/login 401"}
{"level":40,"time":"2026-08-10T09:15:59.951Z","service":"reddington-server","env":"development","req":{"id":"d8ff1136-4afe-4a6d-b127-43e3a1191099","method":"POST","url":"/api/auth/login","remoteAddress":"::1"},"err":{"type":"Object","message":"invalid_credentials","stack":"","status":401},"msg":"client error"}
{"level":40,"time":"2026-08-10T09:15:59.952Z","service":"reddington-server","env":"development","req":{"id":"d8ff1136-4afe-4a6d-b127-43e3a1191099","method":"POST","url":"/api/auth/login","remoteAddress":"::1"},"res":{"statusCode":401},"responseTime":93,"msg":"POST /api/auth/login 401"}
{"level":30,"time":"2026-08-10T09:16:22.398Z","service":"reddington-server","env":"development","req":{"id":"29bc09b8-fcea-40a5-99c8-64c2265b53c1","method":"POST","url":"/api/auth/register","remoteAddress":"::1"},"res":{"statusCode":201},"responseTime":113,"msg":"POST /register 201"}
{"level":30,"time":"2026-08-10T09:16:22.502Z","service":"reddington-server","env":"development","req":{"id":"5032c9bf-22c0-438f-84e9-5b885ad12d36","method":"GET","url":"/api/cart","remoteAddress":"::1"},"res":{"statusCode":200},"responseTime":13,"msg":"GET / 200"}
{"level":40,"time":"2026-08-10T09:16:22.572Z","service":"reddington-server","env":"development","req":{"id":"07becbf0-c35a-43d8-b8fb-1ef6d08030ca","method":"GET","url":"/api/recommendations","remoteAddress":"::1"},"res":{"statusCode":403},"responseTime":96,"msg":"GET / 403"}
{"level":30,"time":"2026-08-10T09:16:22.584Z","service":"reddington-server","env":"development","req":{"id":"afa24a1d-ae68-47a6-a3fc-424af2612356","method":"GET","url":"/api/products?sort=rating&limit=8","remoteAddress":"::1"},"res":{"statusCode":200},"responseTime":103,"msg":"GET /?sort=rating&limit=8 200"}
{"level":30,"time":"2026-08-10T09:16:22.594Z","service":"reddington-server","env":"development","req":{"id":"b0fcf8e6-88a7-41b5-9833-e83d85b94d9b","method":"GET","url":"/api/users/wishlist","remoteAddress":"::1"},"res":{"statusCode":200},"responseTime":111,"msg":"GET /wishlist 200"}
{"level":30,"time":"2026-08-10T09:16:22.600Z","service":"reddington-server","env":"development","req":{"id":"fae53e44-1c44-4aee-ba84-bc057f96e6a3","method":"GET","url":"/api/notifications/unread-count","remoteAddress":"::1"},"res":{"statusCode":200},"responseTime":114,"msg":"GET /unread-count 200"}
{"level":30,"time":"2026-08-10T09:16:22.657Z","service":"reddington-server","env":"development","req":{"id":"234a3f4b-dc13-491c-bccc-64ada99f78a9","method":"GET","url":"/api/consents/purposes","remoteAddress":"::1"},"res":{"statusCode":200},"responseTime":182,"msg":"GET /purposes 200"}
{"level":30,"time":"2026-08-10T09:16:22.670Z","service":"reddington-server","env":"development","req":{"id":"d745a919-7d88-4220-b20d-627321156dfc","method":"GET","url":"/api/consents/purposes","remoteAddress":"::1"},"res":{"statusCode":304},"responseTime":7,"msg":"GET /purposes 304"}
{"level":30,"time":"2026-08-10T09:16:29.826Z","service":"reddington-server","env":"development","req":{"id":"3b77ee72-9a9f-4f6e-a0ca-8eb696b14fef","method":"GET","url":"/api/consents/purposes","remoteAddress":"::1"},"res":{"statusCode":304},"responseTime":5,"msg":"GET /purposes 304"}
{"level":30,"time":"2026-08-10T09:16:29.827Z","service":"reddington-server","env":"development","req":{"id":"bf3745b4-7101-45f6-aa02-0e6837cffad2","method":"GET","url":"/api/consents/history","remoteAddress":"::1"},"res":{"statusCode":200},"responseTime":8,"msg":"GET /history 200"}
{"level":30,"time":"2026-08-10T09:16:50.093Z","service":"reddington-server","env":"development","req":{"id":"2bbad1ab-7dbf-4be3-8c45-7855e7592ba0","method":"GET","url":"/api/products?category=&search=&sort=&page=1&limit=12","remoteAddress":"::1"},"res":{"statusCode":200},"responseTime":7,"msg":"GET /?category=&search=&sort=&page=1&limit=12 200"}
{"level":30,"time":"2026-08-10T09:16:50.095Z","service":"reddington-server","env":"development","req":{"id":"e645aea7-b5f5-4cbf-b144-2d52cf758230","method":"GET","url":"/api/users/wishlist","remoteAddress":"::1"},"res":{"statusCode":304},"responseTime":8,"msg":"GET /wishlist 304"}
{"level":30,"time":"2026-08-10T09:16:52.646Z","service":"reddington-server","env":"development","req":{"id":"e855cdb4-39c0-4e4d-8c9f-1eaa637140b6","method":"GET","url":"/api/notifications/unread-count","remoteAddress":"::1"},"res":{"statusCode":304},"responseTime":2,"msg":"GET /unread-count 304"}
{"level":30,"time":"2026-08-10T09:16:53.645Z","service":"reddington-server","env":"development","req":{"id":"3914d3d8-ce8f-418c-b2c0-9d6e1d25e44f","method":"GET","url":"/api/products?category=footwear&search=&sort=&page=1&limit=12","remoteAddress":"::1"},"res":{"statusCode":200},"responseTime":6,"msg":"GET /?category=footwear&search=&sort=&page=1&limit=12 200"}
{"level":30,"time":"2026-08-10T09:16:56.302Z","service":"reddington-server","env":"development","req":{"id":"368ce8c9-9c41-4d55-8d1a-159f21575ea0","method":"GET","url":"/api/orders","remoteAddress":"::1"},"res":{"statusCode":200},"responseTime":7,"msg":"GET / 200"}
{"level":30,"time":"2026-08-10T09:16:57.643Z","service":"reddington-server","env":"development","req":{"id":"2d96eb56-6a8d-404c-accf-a755da9b99bb","method":"GET","url":"/api/users/wishlist","remoteAddress":"::1"},"res":{"statusCode":304},"responseTime":4,"msg":"GET /wishlist 304"}
{"level":30,"time":"2026-08-10T09:16:57.645Z","service":"reddington-server","env":"development","req":{"id":"189f1e2b-8d65-43dc-b9a7-ecd9020bd699","method":"GET","url":"/api/products?category=&search=&sort=&page=1&limit=12","remoteAddress":"::1"},"res":{"statusCode":304},"responseTime":4,"msg":"GET /?category=&search=&sort=&page=1&limit=12 304"}
{"level":30,"time":"2026-08-10T09:16:58.591Z","service":"reddington-server","env":"development","req":{"id":"7a63c301-b5c7-4d5a-ad03-0dc7fc6545ee","method":"GET","url":"/api/products/cms5yueob001a5ao824qzlx04","remoteAddress":"::1"},"res":{"statusCode":200},"responseTime":4,"msg":"GET /cms5yueob001a5ao824qzlx04 200"}
{"level":40,"time":"2026-08-10T09:16:58.596Z","service":"reddington-server","env":"development","req":{"id":"4802a55e-cfc6-4724-9952-7e9b2e955220","method":"POST","url":"/api/recommendations/view","remoteAddress":"::1"},"res":{"statusCode":403},"responseTime":7,"msg":"POST /view 403"}
{"level":30,"time":"2026-08-10T09:16:58.598Z","service":"reddington-server","env":"development","req":{"id":"63b7cea7-5605-4f97-9628-27c8cf3a3ab8","method":"GET","url":"/api/users/wishlist","remoteAddress":"::1"},"res":{"statusCode":304},"responseTime":6,"msg":"GET /wishlist 304"}
{"level":40,"time":"2026-08-10T09:16:58.600Z","service":"reddington-server","env":"development","req":{"id":"385ba9ec-e8c1-48a7-82b9-1c47150518e9","method":"POST","url":"/api/recommendations/view","remoteAddress":"::1"},"res":{"statusCode":403},"responseTime":6,"msg":"POST /view 403"}
{"level":30,"time":"2026-08-10T09:16:59.635Z","service":"reddington-server","env":"development","req":{"id":"441a2160-93c2-41f6-bbd1-5bac37bd4e0e","method":"POST","url":"/api/cart/items","remoteAddress":"::1"},"res":{"statusCode":201},"responseTime":26,"msg":"POST /items 201"}
{"level":30,"time":"2026-08-10T09:16:59.648Z","service":"reddington-server","env":"development","req":{"id":"e9aae3f7-3ea4-443d-a879-903ab090be72","method":"GET","url":"/api/cart","remoteAddress":"::1"},"res":{"statusCode":200},"responseTime":4,"msg":"GET / 200"}
{"level":30,"time":"2026-08-10T09:17:00.790Z","service":"reddington-server","env":"development","req":{"id":"b4df876b-acc2-4fe6-a7d0-a4df5506e15e","method":"GET","url":"/api/cart","remoteAddress":"::1"},"res":{"statusCode":304},"responseTime":3,"msg":"GET / 304"}
{"level":30,"time":"2026-08-10T09:17:01.892Z","service":"reddington-server","env":"development","req":{"id":"2f4076b2-6182-421f-872e-c1df79cefccf","method":"GET","url":"/api/cart","remoteAddress":"::1"},"res":{"statusCode":304},"responseTime":2,"msg":"GET / 304"}
{"level":30,"time":"2026-08-10T09:17:01.902Z","service":"reddington-server","env":"development","req":{"id":"6702eeff-ada1-4d1d-b1c1-f98ff3d7f985","method":"GET","url":"/api/users/profile","remoteAddress":"::1"},"res":{"statusCode":200},"responseTime":11,"msg":"GET /profile 200"}
{"level":30,"time":"2026-08-10T09:17:07.789Z","service":"reddington-server","env":"development","req":{"id":"3777e2a5-e53f-49ca-8e4e-4ba2d354d738","method":"POST","url":"/api/consents/decisions","remoteAddress":"::1"},"res":{"statusCode":201},"responseTime":25,"msg":"POST /decisions 201"}
{"level":30,"time":"2026-08-10T09:17:07.807Z","service":"reddington-server","env":"development","req":{"id":"6b09c8ec-c763-41fe-a496-92e7a2b4e245","method":"GET","url":"/api/consents/me","remoteAddress":"::1"},"res":{"statusCode":200},"responseTime":3,"msg":"GET /me 200"}
{"level":30,"time":"2026-08-10T09:17:08.931Z","service":"reddington-server","env":"development","req":{"id":"faa85198-9ad5-4a40-bf40-229778a25590","method":"POST","url":"/api/orders","remoteAddress":"::1"},"res":{"statusCode":201},"responseTime":41,"msg":"POST / 201"}
{"level":30,"time":"2026-08-10T09:17:08.946Z","service":"reddington-server","env":"development","req":{"id":"ba2cc4cb-503f-4dee-8071-dfc5d6fd5bc7","method":"GET","url":"/api/cart","remoteAddress":"::1"},"res":{"statusCode":200},"responseTime":3,"msg":"GET / 200"}
{"level":30,"time":"2026-08-10T09:17:08.958Z","service":"reddington-server","env":"development","req":{"id":"7e15ece2-f4eb-411a-b85e-0cc8172adf8e","method":"GET","url":"/api/orders/cmsn0pj8s00075amw4mp4isid","remoteAddress":"::1"},"res":{"statusCode":200},"responseTime":5,"msg":"GET /cmsn0pj8s00075amw4mp4isid 200"}
{"level":30,"time":"2026-08-10T09:17:09.008Z","service":"reddington-server","env":"development","req":{"id":"b20bad8f-80da-4bfd-bbee-82a92d866bea","method":"GET","url":"/api/consents/purposes","remoteAddress":"::1"},"res":{"statusCode":304},"responseTime":5,"msg":"GET /purposes 304"}
{"level":30,"time":"2026-08-10T09:17:12.307Z","service":"reddington-server","env":"development","req":{"id":"09909c3d-d733-4d77-aa2d-1a9e7ee45504","method":"GET","url":"/api/consents/purposes","remoteAddress":"::1"},"res":{"statusCode":304},"responseTime":3,"msg":"GET /purposes 304"}
{"level":30,"time":"2026-08-10T09:17:12.309Z","service":"reddington-server","env":"development","req":{"id":"ef45fcf2-370b-4c51-9eca-ba7bc7fd0287","method":"GET","url":"/api/consents/history","remoteAddress":"::1"},"res":{"statusCode":200},"responseTime":4,"msg":"GET /history 200"}
{"level":30,"time":"2026-08-10T09:17:22.658Z","service":"reddington-server","env":"development","req":{"id":"899a915e-87f0-4c37-bdec-b519f1c3fa65","method":"GET","url":"/api/notifications/unread-count","remoteAddress":"::1"},"res":{"statusCode":200},"responseTime":4,"msg":"GET /unread-count 200"}
{"level":30,"time":"2026-08-10T09:17:49.879Z","service":"reddington-server","env":"development","req":{"id":"7434abaf-e471-44a8-9752-d1aec3e2a4a4","method":"GET","url":"/api/auth/me","remoteAddress":"::1"},"res":{"statusCode":200},"responseTime":5,"msg":"GET /me 200"}
{"level":30,"time":"2026-08-10T09:17:49.888Z","service":"reddington-server","env":"development","req":{"id":"b9a8fe04-df97-4d8e-b10a-8d3199d018d7","method":"GET","url":"/api/auth/me","remoteAddress":"::1"},"res":{"statusCode":304},"responseTime":5,"msg":"GET /me 304"}
{"level":30,"time":"2026-08-10T09:17:49.911Z","service":"reddington-server","env":"development","req":{"id":"adad9c00-b288-41bd-93f1-2dfcd54ce020","method":"GET","url":"/api/consents/me","remoteAddress":"::1"},"res":{"statusCode":304},"responseTime":3,"msg":"GET /me 304"}
{"level":30,"time":"2026-08-10T09:17:49.936Z","service":"reddington-server","env":"development","req":{"id":"920fa222-72f6-496d-a18c-be1455f8787c","method":"GET","url":"/api/consents/me","remoteAddress":"::1"},"res":{"statusCode":304},"responseTime":3,"msg":"GET /me 304"}
{"level":30,"time":"2026-08-10T09:17:49.996Z","service":"reddington-server","env":"development","req":{"id":"999dbf37-60f5-467d-9267-99ee83e81468","method":"GET","url":"/api/consents/purposes","remoteAddress":"::1"},"res":{"statusCode":304},"responseTime":2,"msg":"GET /purposes 304"}
{"level":30,"time":"2026-08-10T09:17:49.999Z","service":"reddington-server","env":"development","req":{"id":"1c8a61e2-7e89-4bbc-baeb-e8934ebc1eb1","method":"GET","url":"/api/consents/history","remoteAddress":"::1"},"res":{"statusCode":304},"responseTime":2,"msg":"GET /history 304"}
{"level":30,"time":"2026-08-10T09:17:50.004Z","service":"reddington-server","env":"development","req":{"id":"b4cdc467-4b8c-42bc-97fb-f5b990896c3e","method":"GET","url":"/api/cart","remoteAddress":"::1"},"res":{"statusCode":304},"responseTime":4,"msg":"GET / 304"}
{"level":30,"time":"2026-08-10T09:17:50.005Z","service":"reddington-server","env":"development","req":{"id":"4234eee9-6580-4efd-bc55-7b49afaf4718","method":"GET","url":"/api/notifications/unread-count","remoteAddress":"::1"},"res":{"statusCode":304},"responseTime":2,"msg":"GET /unread-count 304"}
{"level":30,"time":"2026-08-10T09:18:39.078Z","service":"reddington-server","env":"development","req":{"id":"9570c133-1a3e-42e7-9a98-7ccc1d6f78b3","method":"GET","url":"/api/auth/me","remoteAddress":"::1"},"res":{"statusCode":304},"responseTime":3,"msg":"GET /me 304"}
{"level":30,"time":"2026-08-10T09:18:39.084Z","service":"reddington-server","env":"development","req":{"id":"d675b24a-1d96-489d-b2f2-dc93ff5a9cfb","method":"GET","url":"/api/auth/me","remoteAddress":"::1"},"res":{"statusCode":304},"responseTime":3,"msg":"GET /me 304"}
{"level":30,"time":"2026-08-10T09:18:39.096Z","service":"reddington-server","env":"development","req":{"id":"e9f99692-961e-49e5-b9fd-9150fd651f74","method":"GET","url":"/api/consents/me","remoteAddress":"::1"},"res":{"statusCode":304},"responseTime":1,"msg":"GET /me 304"}
{"level":30,"time":"2026-08-10T09:18:39.111Z","service":"reddington-server","env":"development","req":{"id":"631162a4-23f4-4782-8a0c-e8e0c2fe945c","method":"GET","url":"/api/consents/me","remoteAddress":"::1"},"res":{"statusCode":304},"responseTime":2,"msg":"GET /me 304"}
{"level":30,"time":"2026-08-10T09:18:39.224Z","service":"reddington-server","env":"development","req":{"id":"8687ebac-333b-427c-ac6f-eaa39697e4a1","method":"GET","url":"/api/consents/purposes","remoteAddress":"::1"},"res":{"statusCode":304},"responseTime":2,"msg":"GET /purposes 304"}
{"level":30,"time":"2026-08-10T09:18:39.231Z","service":"reddington-server","env":"development","req":{"id":"3d3a8b05-20ac-4f6e-85d6-13bf6b4d8256","method":"GET","url":"/api/cart","remoteAddress":"::1"},"res":{"statusCode":304},"responseTime":1,"msg":"GET / 304"}
{"level":30,"time":"2026-08-10T09:18:39.232Z","service":"reddington-server","env":"development","req":{"id":"42487961-f919-4608-9e77-c5a20ff413f3","method":"GET","url":"/api/consents/history","remoteAddress":"::1"},"res":{"statusCode":304},"responseTime":4,"msg":"GET /history 304"}
{"level":30,"time":"2026-08-10T09:18:39.237Z","service":"reddington-server","env":"development","req":{"id":"aa7198b7-3f89-43d0-a89e-8c328146f9d6","method":"GET","url":"/api/notifications/unread-count","remoteAddress":"::1"},"res":{"statusCode":304},"responseTime":2,"msg":"GET /unread-count 304"}
{"level":30,"time":"2026-08-10T09:18:44.926Z","service":"reddington-server","env":"development","port":"5000","msg":"reddington server listening on http://localhost:5000"}
{"level":30,"time":"2026-08-10T09:18:44.927Z","service":"reddington-server","env":"development","module":"dsar-worker","intervalMs":30000,"msg":"started"}
{"level":30,"time":"2026-08-10T09:18:49.516Z","service":"reddington-server","env":"development","req":{"id":"6fa16aed-e903-40ae-b230-710ffb7f7dd3","method":"GET","url":"/api/auth/me","remoteAddress":"::1"},"res":{"statusCode":304},"responseTime":142,"msg":"GET /me 304"}
{"level":30,"time":"2026-08-10T09:18:49.530Z","service":"reddington-server","env":"development","req":{"id":"bb702e08-5b8c-49b9-9605-8c1edee4a5b5","method":"GET","url":"/api/auth/me","remoteAddress":"::1"},"res":{"statusCode":304},"responseTime":10,"msg":"GET /me 304"}
{"level":30,"time":"2026-08-10T09:18:49.532Z","service":"reddington-server","env":"development","req":{"id":"66aded0f-1ac0-4dbd-9a0e-48220f3bc41b","method":"GET","url":"/api/consents/me","remoteAddress":"::1"},"res":{"statusCode":304},"responseTime":6,"msg":"GET /me 304"}
{"level":30,"time":"2026-08-10T09:18:49.543Z","service":"reddington-server","env":"development","req":{"id":"de6ebb8a-09cf-46ca-8f51-afb5cdafdc81","method":"GET","url":"/api/consents/me","remoteAddress":"::1"},"res":{"statusCode":304},"responseTime":4,"msg":"GET /me 304"}
{"level":30,"time":"2026-08-10T09:18:49.588Z","service":"reddington-server","env":"development","req":{"id":"139b8461-ec50-4242-9ce3-44a2d57b4074","method":"GET","url":"/api/consents/purposes","remoteAddress":"::1"},"res":{"statusCode":304},"responseTime":9,"msg":"GET /purposes 304"}
{"level":30,"time":"2026-08-10T09:18:49.593Z","service":"reddington-server","env":"development","req":{"id":"817c677d-6a31-4f7e-b2bf-623b652839c5","method":"GET","url":"/api/consents/history","remoteAddress":"::1"},"res":{"statusCode":304},"responseTime":12,"msg":"GET /history 304"}
{"level":30,"time":"2026-08-10T09:18:49.594Z","service":"reddington-server","env":"development","req":{"id":"af7717d5-3658-4e65-92aa-96135271e22a","method":"GET","url":"/api/cart","remoteAddress":"::1"},"res":{"statusCode":304},"responseTime":9,"msg":"GET / 304"}
{"level":30,"time":"2026-08-10T09:18:49.599Z","service":"reddington-server","env":"development","req":{"id":"5f40d2ab-4449-416a-b3f2-03490ecaa8ba","method":"GET","url":"/api/notifications/unread-count","remoteAddress":"::1"},"res":{"statusCode":304},"responseTime":10,"msg":"GET /unread-count 304"}
{"level":30,"time":"2026-08-10T09:19:15.695Z","service":"reddington-server","env":"development","req":{"id":"5089e0c8-6dbb-48f6-805f-e7b4d693ab2b","method":"GET","url":"/api/auth/me","remoteAddress":"::1"},"res":{"statusCode":304},"responseTime":4,"msg":"GET /me 304"}
{"level":30,"time":"2026-08-10T09:19:15.703Z","service":"reddington-server","env":"development","req":{"id":"c4255e3c-863c-45ce-b892-83ac98efc623","method":"GET","url":"/api/auth/me","remoteAddress":"::1"},"res":{"statusCode":304},"responseTime":3,"msg":"GET /me 304"}
{"level":30,"time":"2026-08-10T09:19:15.713Z","service":"reddington-server","env":"development","req":{"id":"0198a4be-69cd-4fef-9937-7db4edd189c6","method":"GET","url":"/api/consents/me","remoteAddress":"::1"},"res":{"statusCode":304},"responseTime":2,"msg":"GET /me 304"}
{"level":30,"time":"2026-08-10T09:19:15.725Z","service":"reddington-server","env":"development","req":{"id":"060c3d6d-ba00-4ae4-a34f-bf232da51271","method":"GET","url":"/api/consents/me","remoteAddress":"::1"},"res":{"statusCode":304},"responseTime":4,"msg":"GET /me 304"}
{"level":30,"time":"2026-08-10T09:19:15.815Z","service":"reddington-server","env":"development","req":{"id":"55d7944e-23c1-4a12-a8e6-9df08d7382df","method":"GET","url":"/api/consents/purposes","remoteAddress":"::1"},"res":{"statusCode":304},"responseTime":7,"msg":"GET /purposes 304"}
{"level":30,"time":"2026-08-10T09:19:15.816Z","service":"reddington-server","env":"development","req":{"id":"b450f897-287b-4cce-b7ff-2bb6261b79d9","method":"GET","url":"/api/consents/history","remoteAddress":"::1"},"res":{"statusCode":304},"responseTime":2,"msg":"GET /history 304"}
{"level":30,"time":"2026-08-10T09:19:15.825Z","service":"reddington-server","env":"development","req":{"id":"6879799d-c5e3-4599-bc90-41eefd099aa2","method":"GET","url":"/api/cart","remoteAddress":"::1"},"res":{"statusCode":304},"responseTime":6,"msg":"GET / 304"}
{"level":30,"time":"2026-08-10T09:19:15.830Z","service":"reddington-server","env":"development","req":{"id":"42210f06-fa70-4acf-ae5b-7c7e693ad6ff","method":"GET","url":"/api/notifications/unread-count","remoteAddress":"::1"},"res":{"statusCode":304},"responseTime":8,"msg":"GET /unread-count 304"}
{"level":30,"time":"2026-08-10T09:19:23.923Z","service":"reddington-server","env":"development","req":{"id":"965908ca-e5c3-45d3-9f11-bb81fe637d26","method":"GET","url":"/api/auth/me","remoteAddress":"::1"},"res":{"statusCode":304},"responseTime":5,"msg":"GET /me 304"}
{"level":30,"time":"2026-08-10T09:19:23.933Z","service":"reddington-server","env":"development","req":{"id":"184c1d11-b938-46ab-9c9e-505035d37bf2","method":"GET","url":"/api/auth/me","remoteAddress":"::1"},"res":{"statusCode":304},"responseTime":5,"msg":"GET /me 304"}
{"level":30,"time":"2026-08-10T09:19:23.953Z","service":"reddington-server","env":"development","req":{"id":"52738d19-4511-41c5-a44a-4cf86ee37d3c","method":"GET","url":"/api/consents/me","remoteAddress":"::1"},"res":{"statusCode":304},"responseTime":6,"msg":"GET /me 304"}
{"level":30,"time":"2026-08-10T09:19:23.970Z","service":"reddington-server","env":"development","req":{"id":"4ebcf388-4ba2-4ffc-9d25-386d2a673a00","method":"GET","url":"/api/consents/me","remoteAddress":"::1"},"res":{"statusCode":304},"responseTime":2,"msg":"GET /me 304"}
{"level":30,"time":"2026-08-10T09:19:24.013Z","service":"reddington-server","env":"development","req":{"id":"9842c70e-5347-44e8-9fe2-5befa69f5a91","method":"GET","url":"/api/consents/purposes","remoteAddress":"::1"},"res":{"statusCode":304},"responseTime":3,"msg":"GET /purposes 304"}
{"level":30,"time":"2026-08-10T09:19:24.021Z","service":"reddington-server","env":"development","req":{"id":"a3c4309c-10fa-420b-956d-011203cca8ad","method":"GET","url":"/api/cart","remoteAddress":"::1"},"res":{"statusCode":304},"responseTime":3,"msg":"GET / 304"}
{"level":30,"time":"2026-08-10T09:19:24.024Z","service":"reddington-server","env":"development","req":{"id":"c8f1360c-7709-4ffe-af50-1b61419c2577","method":"GET","url":"/api/consents/history","remoteAddress":"::1"},"res":{"statusCode":304},"responseTime":9,"msg":"GET /history 304"}
{"level":30,"time":"2026-08-10T09:19:24.027Z","service":"reddington-server","env":"development","req":{"id":"1018c36d-f9c1-4abc-8351-98ad35a31d00","method":"GET","url":"/api/notifications/unread-count","remoteAddress":"::1"},"res":{"statusCode":304},"responseTime":5,"msg":"GET /unread-count 304"}
{"level":30,"time":"2026-08-10T09:19:37.240Z","service":"reddington-server","env":"development","req":{"id":"2490ccbf-6232-44c6-a5ea-b041dfc36152","method":"GET","url":"/api/auth/me","remoteAddress":"::1"},"res":{"statusCode":304},"responseTime":5,"msg":"GET /me 304"}
{"level":30,"time":"2026-08-10T09:19:37.251Z","service":"reddington-server","env":"development","req":{"id":"fac808de-d3c5-4c8b-be67-2268bdf8f730","method":"GET","url":"/api/auth/me","remoteAddress":"::1"},"res":{"statusCode":304},"responseTime":5,"msg":"GET /me 304"}
{"level":30,"time":"2026-08-10T09:19:37.267Z","service":"reddington-server","env":"development","req":{"id":"6a716053-2039-4de6-b38b-5f6e81b23df6","method":"GET","url":"/api/consents/me","remoteAddress":"::1"},"res":{"statusCode":304},"responseTime":3,"msg":"GET /me 304"}
{"level":30,"time":"2026-08-10T09:19:37.275Z","service":"reddington-server","env":"development","req":{"id":"17e0f6f0-9c80-4ab2-84d1-27ef7331f73e","method":"GET","url":"/api/consents/me","remoteAddress":"::1"},"res":{"statusCode":304},"responseTime":3,"msg":"GET /me 304"}
{"level":30,"time":"2026-08-10T09:19:37.333Z","service":"reddington-server","env":"development","req":{"id":"6473d3d2-8848-4570-8d3c-1bff4605c844","method":"GET","url":"/api/consents/purposes","remoteAddress":"::1"},"res":{"statusCode":304},"responseTime":4,"msg":"GET /purposes 304"}
{"level":30,"time":"2026-08-10T09:19:37.334Z","service":"reddington-server","env":"development","req":{"id":"2509767c-b91f-45ce-9e30-bf0f0f02a4d1","method":"GET","url":"/api/consents/history","remoteAddress":"::1"},"res":{"statusCode":304},"responseTime":3,"msg":"GET /history 304"}
{"level":30,"time":"2026-08-10T09:19:37.338Z","service":"reddington-server","env":"development","req":{"id":"4f9a0478-e207-42e7-a4a5-3208183e7706","method":"GET","url":"/api/cart","remoteAddress":"::1"},"res":{"statusCode":304},"responseTime":2,"msg":"GET / 304"}
{"level":30,"time":"2026-08-10T09:19:37.342Z","service":"reddington-server","env":"development","req":{"id":"609b46a9-10b0-4d37-8e80-90af76dab53d","method":"GET","url":"/api/notifications/unread-count","remoteAddress":"::1"},"res":{"statusCode":304},"responseTime":3,"msg":"GET /unread-count 304"}
{"level":30,"time":"2026-08-10T09:21:59.075Z","service":"reddington-server","env":"development","req":{"id":"351b7f4a-2303-46a0-977e-0d787f5df3c7","method":"GET","url":"/api/auth/me","remoteAddress":"::1"},"res":{"statusCode":304},"responseTime":5,"msg":"GET /me 304"}
{"level":30,"time":"2026-08-10T09:21:59.086Z","service":"reddington-server","env":"development","req":{"id":"10e55170-a73f-4ebf-b1a2-3911c262ae9c","method":"GET","url":"/api/auth/me","remoteAddress":"::1"},"res":{"statusCode":304},"responseTime":6,"msg":"GET /me 304"}
{"level":30,"time":"2026-08-10T09:21:59.102Z","service":"reddington-server","env":"development","req":{"id":"b1981792-05f4-430a-ace6-25df3c85fba4","method":"GET","url":"/api/consents/me","remoteAddress":"::1"},"res":{"statusCode":304},"responseTime":3,"msg":"GET /me 304"}
{"level":30,"time":"2026-08-10T09:21:59.114Z","service":"reddington-server","env":"development","req":{"id":"0d9dd08d-be6d-4a33-af4c-a7588719bdf3","method":"GET","url":"/api/consents/me","remoteAddress":"::1"},"res":{"statusCode":304},"responseTime":3,"msg":"GET /me 304"}
{"level":30,"time":"2026-08-10T09:21:59.166Z","service":"reddington-server","env":"development","req":{"id":"8b66540f-a4ec-4cd7-bc4f-36ebc0f65325","method":"GET","url":"/api/consents/purposes","remoteAddress":"::1"},"res":{"statusCode":304},"responseTime":4,"msg":"GET /purposes 304"}
{"level":30,"time":"2026-08-10T09:21:59.196Z","service":"reddington-server","env":"development","req":{"id":"2c99b318-00f3-4dcd-8b23-559b83719ca3","method":"GET","url":"/api/consents/history","remoteAddress":"::1"},"res":{"statusCode":304},"responseTime":5,"msg":"GET /history 304"}
{"level":30,"time":"2026-08-10T09:21:59.197Z","service":"reddington-server","env":"development","req":{"id":"56c3eb46-1033-4727-977e-5e6e38a6b745","method":"GET","url":"/api/cart","remoteAddress":"::1"},"res":{"statusCode":304},"responseTime":5,"msg":"GET / 304"}
{"level":30,"time":"2026-08-10T09:21:59.201Z","service":"reddington-server","env":"development","req":{"id":"f4408dac-f559-409d-8492-71068d3ae712","method":"GET","url":"/api/notifications/unread-count","remoteAddress":"::1"},"res":{"statusCode":304},"responseTime":2,"msg":"GET /unread-count 304"}
{"level":30,"time":"2026-08-10T09:24:31.783Z","service":"reddington-server","env":"development","req":{"id":"4feca375-ee04-46fe-8e84-58fde9fbe93d","method":"GET","url":"/api/auth/me","remoteAddress":"::1"},"res":{"statusCode":304},"responseTime":72,"msg":"GET /me 304"}
{"level":30,"time":"2026-08-10T09:24:31.796Z","service":"reddington-server","env":"development","req":{"id":"72a82387-cfb9-4b17-ad53-ef3b01797def","method":"GET","url":"/api/auth/me","remoteAddress":"::1"},"res":{"statusCode":304},"responseTime":9,"msg":"GET /me 304"}
{"level":30,"time":"2026-08-10T09:24:31.825Z","service":"reddington-server","env":"development","req":{"id":"83930755-e80b-42f1-9c77-22457a89055f","method":"GET","url":"/api/consents/me","remoteAddress":"::1"},"res":{"statusCode":304},"responseTime":6,"msg":"GET /me 304"}
{"level":30,"time":"2026-08-10T09:24:31.832Z","service":"reddington-server","env":"development","req":{"id":"10db2c89-44d4-4e62-805b-aa4572e87684","method":"GET","url":"/api/consents/me","remoteAddress":"::1"},"res":{"statusCode":304},"responseTime":3,"msg":"GET /me 304"}
{"level":30,"time":"2026-08-10T09:24:31.918Z","service":"reddington-server","env":"development","req":{"id":"af201e2a-a920-431a-a696-594a9f1fdbf9","method":"GET","url":"/api/consents/purposes","remoteAddress":"::1"},"res":{"statusCode":304},"responseTime":5,"msg":"GET /purposes 304"}
{"level":30,"time":"2026-08-10T09:24:31.921Z","service":"reddington-server","env":"development","req":{"id":"0f29a8c4-af1b-42c7-819e-4707ca9e9248","method":"GET","url":"/api/consents/history","remoteAddress":"::1"},"res":{"statusCode":304},"responseTime":5,"msg":"GET /history 304"}
{"level":30,"time":"2026-08-10T09:24:31.927Z","service":"reddington-server","env":"development","req":{"id":"ff9b22f3-ebe3-4cbb-8445-a2619d9bb9ee","method":"GET","url":"/api/cart","remoteAddress":"::1"},"res":{"statusCode":304},"responseTime":7,"msg":"GET / 304"}
{"level":30,"time":"2026-08-10T09:24:31.930Z","service":"reddington-server","env":"development","req":{"id":"e65c4a28-d4c8-4443-9882-1b75de60bc81","method":"GET","url":"/api/notifications/unread-count","remoteAddress":"::1"},"res":{"statusCode":304},"responseTime":6,"msg":"GET /unread-count 304"}
{"level":30,"time":"2026-08-10T09:24:33.848Z","service":"reddington-server","env":"development","req":{"id":"23f5b582-24bd-4985-b81f-60700c8b7daa","method":"GET","url":"/api/consents/me","remoteAddress":"::1"},"res":{"statusCode":304},"responseTime":4,"msg":"GET /me 304"}
{"level":30,"time":"2026-08-10T09:24:40.097Z","service":"reddington-server","env":"development","req":{"id":"46d1709a-2c3c-4727-999c-6c8164397c38","method":"GET","url":"/api/auth/me","remoteAddress":"::1"},"res":{"statusCode":304},"responseTime":5,"msg":"GET /me 304"}
{"level":30,"time":"2026-08-10T09:24:40.105Z","service":"reddington-server","env":"development","req":{"id":"c6abf0bd-457d-46e2-a6d8-b37276d5c524","method":"GET","url":"/api/auth/me","remoteAddress":"::1"},"res":{"statusCode":304},"responseTime":4,"msg":"GET /me 304"}
{"level":30,"time":"2026-08-10T09:24:40.126Z","service":"reddington-server","env":"development","req":{"id":"51d66747-df3a-4e4d-8899-8877e3a93652","method":"GET","url":"/api/consents/me","remoteAddress":"::1"},"res":{"statusCode":304},"responseTime":4,"msg":"GET /me 304"}
{"level":30,"time":"2026-08-10T09:24:40.159Z","service":"reddington-server","env":"development","req":{"id":"4a5e75de-8591-47cc-8ec0-b1a5ef5c3b66","method":"GET","url":"/api/consents/me","remoteAddress":"::1"},"res":{"statusCode":304},"responseTime":6,"msg":"GET /me 304"}
{"level":30,"time":"2026-08-10T09:24:40.228Z","service":"reddington-server","env":"development","req":{"id":"882c4937-2c7a-4490-9782-b921701dad18","method":"GET","url":"/api/consents/purposes","remoteAddress":"::1"},"res":{"statusCode":304},"responseTime":4,"msg":"GET /purposes 304"}
{"level":30,"time":"2026-08-10T09:24:40.233Z","service":"reddington-server","env":"development","req":{"id":"4d972bf3-8b7b-4ff6-af14-85eeaa039d0a","method":"GET","url":"/api/consents/history","remoteAddress":"::1"},"res":{"statusCode":304},"responseTime":7,"msg":"GET /history 304"}
{"level":30,"time":"2026-08-10T09:24:40.234Z","service":"reddington-server","env":"development","req":{"id":"01249c81-d896-48f6-a4cf-80886be4dbfd","method":"GET","url":"/api/cart","remoteAddress":"::1"},"res":{"statusCode":304},"responseTime":4,"msg":"GET / 304"}
{"level":30,"time":"2026-08-10T09:24:40.243Z","service":"reddington-server","env":"development","req":{"id":"bc2bdb2a-d14c-49fb-bd72-dbd0738369f7","method":"GET","url":"/api/notifications/unread-count","remoteAddress":"::1"},"res":{"statusCode":304},"responseTime":6,"msg":"GET /unread-count 304"}
{"level":30,"time":"2026-08-10T09:24:41.213Z","service":"reddington-server","env":"development","req":{"id":"607e1a6c-f419-4eca-9fb5-33b485e2c998","method":"GET","url":"/api/consents/me","remoteAddress":"::1"},"res":{"statusCode":304},"responseTime":2,"msg":"GET /me 304"}
{"level":30,"time":"2026-08-10T09:24:41.218Z","service":"reddington-server","env":"development","req":{"id":"da09571b-2c41-4416-b0ff-4754b12ee894","method":"GET","url":"/api/consents/me","remoteAddress":"::1"},"res":{"statusCode":304},"responseTime":2,"msg":"GET /me 304"}
{"level":30,"time":"2026-08-10T09:24:47.800Z","service":"reddington-server","env":"development","req":{"id":"4097bc27-bf83-4f28-86a2-320df9eff539","method":"GET","url":"/api/auth/me","remoteAddress":"::1"},"res":{"statusCode":304},"responseTime":4,"msg":"GET /me 304"}
{"level":30,"time":"2026-08-10T09:24:47.809Z","service":"reddington-server","env":"development","req":{"id":"7783bbfa-0771-4010-b157-8f2e0559f545","method":"GET","url":"/api/auth/me","remoteAddress":"::1"},"res":{"statusCode":304},"responseTime":5,"msg":"GET /me 304"}
{"level":30,"time":"2026-08-10T09:24:47.816Z","service":"reddington-server","env":"development","req":{"id":"59a62469-4b60-4779-818a-c8cdc05e142c","method":"GET","url":"/api/consents/me","remoteAddress":"::1"},"res":{"statusCode":304},"responseTime":3,"msg":"GET /me 304"}
{"level":30,"time":"2026-08-10T09:24:47.842Z","service":"reddington-server","env":"development","req":{"id":"d2b0f71f-41be-49f5-9d71-902d6b439c56","method":"GET","url":"/api/consents/me","remoteAddress":"::1"},"res":{"statusCode":304},"responseTime":2,"msg":"GET /me 304"}
{"level":30,"time":"2026-08-10T09:24:47.890Z","service":"reddington-server","env":"development","req":{"id":"ff533475-95c3-43d1-94b1-9e6e0dd2cb68","method":"GET","url":"/api/consents/purposes","remoteAddress":"::1"},"res":{"statusCode":304},"responseTime":4,"msg":"GET /purposes 304"}
{"level":30,"time":"2026-08-10T09:24:47.892Z","service":"reddington-server","env":"development","req":{"id":"71dec497-c402-44b5-9d4d-4651e5e1fd24","method":"GET","url":"/api/consents/history","remoteAddress":"::1"},"res":{"statusCode":304},"responseTime":3,"msg":"GET /history 304"}
{"level":30,"time":"2026-08-10T09:24:47.898Z","service":"reddington-server","env":"development","req":{"id":"29a88b7c-6aa0-4ecf-94fc-56472f701dd1","method":"GET","url":"/api/notifications/unread-count","remoteAddress":"::1"},"res":{"statusCode":304},"responseTime":2,"msg":"GET /unread-count 304"}
{"level":30,"time":"2026-08-10T09:24:47.901Z","service":"reddington-server","env":"development","req":{"id":"ba5ca955-64cc-4398-84d4-69a7828ed287","method":"GET","url":"/api/cart","remoteAddress":"::1"},"res":{"statusCode":304},"responseTime":6,"msg":"GET / 304"}
{"level":30,"time":"2026-08-10T09:24:48.795Z","service":"reddington-server","env":"development","req":{"id":"db631bd4-7279-44f4-8cf0-d300c28321af","method":"GET","url":"/api/consents/me","remoteAddress":"::1"},"res":{"statusCode":304},"responseTime":2,"msg":"GET /me 304"}
{"level":30,"time":"2026-08-10T09:24:48.800Z","service":"reddington-server","env":"development","req":{"id":"ab1af7bd-c95e-454c-a312-0ef4464d2eff","method":"GET","url":"/api/consents/me","remoteAddress":"::1"},"res":{"statusCode":304},"responseTime":2,"msg":"GET /me 304"}
{"level":30,"time":"2026-08-10T09:32:30.940Z","service":"reddington-server","env":"development","req":{"id":"c85b8179-f1c5-4c85-8b71-9cbf6a2d0f92","method":"GET","url":"/api/notifications/unread-count","remoteAddress":"::1"},"res":{"statusCode":304},"responseTime":7,"msg":"GET /unread-count 304"}
{"level":30,"time":"2026-08-10T09:34:00.959Z","service":"reddington-server","env":"development","req":{"id":"723ce452-3798-42b5-a9b1-c8e9e533be38","method":"GET","url":"/api/notifications/unread-count","remoteAddress":"::1"},"res":{"statusCode":304},"responseTime":2,"msg":"GET /unread-count 304"}
{"level":30,"time":"2026-08-10T09:34:10.527Z","service":"reddington-server","env":"development","req":{"id":"afd3c237-9bb6-475a-8f90-0e20a4fa14d7","method":"GET","url":"/api/auth/me","remoteAddress":"::1"},"res":{"statusCode":304},"responseTime":62,"msg":"GET /me 304"}
{"level":30,"time":"2026-08-10T09:34:10.539Z","service":"reddington-server","env":"development","req":{"id":"27f3b420-1bda-43c1-9059-a8cb7621c40d","method":"GET","url":"/api/auth/me","remoteAddress":"::1"},"res":{"statusCode":304},"responseTime":8,"msg":"GET /me 304"}
{"level":30,"time":"2026-08-10T09:34:10.551Z","service":"reddington-server","env":"development","req":{"id":"382acb0d-1f6b-46c5-b18f-50fa2e835c97","method":"GET","url":"/api/consents/me","remoteAddress":"::1"},"res":{"statusCode":304},"responseTime":6,"msg":"GET /me 304"}
{"level":30,"time":"2026-08-10T09:34:10.558Z","service":"reddington-server","env":"development","req":{"id":"8a6108a7-3aa6-44bf-9944-1e5426c36329","method":"GET","url":"/api/consents/me","remoteAddress":"::1"},"res":{"statusCode":304},"responseTime":2,"msg":"GET /me 304"}
{"level":30,"time":"2026-08-10T09:34:10.637Z","service":"reddington-server","env":"development","req":{"id":"b77bc70d-a938-41ba-860e-f8a7955a2cb8","method":"GET","url":"/api/consents/purposes","remoteAddress":"::1"},"res":{"statusCode":304},"responseTime":7,"msg":"GET /purposes 304"}
{"level":30,"time":"2026-08-10T09:34:10.639Z","service":"reddington-server","env":"development","req":{"id":"89a8098b-5408-4eaa-b898-f5e26f57162a","method":"GET","url":"/api/consents/history","remoteAddress":"::1"},"res":{"statusCode":304},"responseTime":7,"msg":"GET /history 304"}
{"level":30,"time":"2026-08-10T09:34:10.642Z","service":"reddington-server","env":"development","req":{"id":"406c2f1c-ebd5-4596-8d51-f8fa37dbd7b6","method":"GET","url":"/api/notifications/unread-count","remoteAddress":"::1"},"res":{"statusCode":304},"responseTime":3,"msg":"GET /unread-count 304"}
{"level":30,"time":"2026-08-10T09:34:10.642Z","service":"reddington-server","env":"development","req":{"id":"756ccc2e-bad5-4d39-ad2b-4c8e3ee0ede6","method":"GET","url":"/api/cart","remoteAddress":"::1"},"res":{"statusCode":304},"responseTime":6,"msg":"GET / 304"}
{"level":30,"time":"2026-08-10T09:34:11.489Z","service":"reddington-server","env":"development","req":{"id":"49d82257-73eb-4f12-9cd2-8af7ddc96bdd","method":"GET","url":"/api/consents/me","remoteAddress":"::1"},"res":{"statusCode":304},"responseTime":2,"msg":"GET /me 304"}
{"level":30,"time":"2026-08-10T09:34:11.495Z","service":"reddington-server","env":"development","req":{"id":"994b6c49-dbdb-4c7c-8be7-d2947d6d5255","method":"GET","url":"/api/consents/me","remoteAddress":"::1"},"res":{"statusCode":304},"responseTime":2,"msg":"GET /me 304"}
{"level":30,"time":"2026-08-10T09:34:29.131Z","service":"reddington-server","env":"development","req":{"id":"be47aa5c-8cef-472e-974d-c3e37843cd2e","method":"GET","url":"/api/auth/me","remoteAddress":"::1"},"res":{"statusCode":304},"responseTime":4,"msg":"GET /me 304"}
{"level":30,"time":"2026-08-10T09:34:29.138Z","service":"reddington-server","env":"development","req":{"id":"9e7075e3-bb50-481b-85e1-a97f54022d44","method":"GET","url":"/api/auth/me","remoteAddress":"::1"},"res":{"statusCode":304},"responseTime":3,"msg":"GET /me 304"}
{"level":30,"time":"2026-08-10T09:34:29.177Z","service":"reddington-server","env":"development","req":{"id":"6a32c62c-a57c-4e5f-b353-84dc2b6a654d","method":"GET","url":"/api/consents/me","remoteAddress":"::1"},"res":{"statusCode":304},"responseTime":2,"msg":"GET /me 304"}
{"level":30,"time":"2026-08-10T09:34:29.204Z","service":"reddington-server","env":"development","req":{"id":"bfd71ffe-b090-4624-9fb2-0889f9290d72","method":"GET","url":"/api/consents/me","remoteAddress":"::1"},"res":{"statusCode":304},"responseTime":3,"msg":"GET /me 304"}
{"level":30,"time":"2026-08-10T09:34:29.278Z","service":"reddington-server","env":"development","req":{"id":"a6be38d3-c6a5-448e-a85e-ab896a3d108d","method":"GET","url":"/api/consents/purposes","remoteAddress":"::1"},"res":{"statusCode":304},"responseTime":1,"msg":"GET /purposes 304"}
{"level":30,"time":"2026-08-10T09:34:29.289Z","service":"reddington-server","env":"development","req":{"id":"376a0744-b252-45dd-96db-20708c1eea67","method":"GET","url":"/api/consents/history","remoteAddress":"::1"},"res":{"statusCode":304},"responseTime":9,"msg":"GET /history 304"}
{"level":30,"time":"2026-08-10T09:34:29.292Z","service":"reddington-server","env":"development","req":{"id":"d9bfd4c1-5718-4b5e-9d7f-90d6b1b4cd9a","method":"GET","url":"/api/cart","remoteAddress":"::1"},"res":{"statusCode":304},"responseTime":7,"msg":"GET / 304"}
{"level":30,"time":"2026-08-10T09:34:29.294Z","service":"reddington-server","env":"development","req":{"id":"c0f52063-f58c-4295-a5fa-168252a1e5d2","method":"GET","url":"/api/notifications/unread-count","remoteAddress":"::1"},"res":{"statusCode":304},"responseTime":6,"msg":"GET /unread-count 304"}
{"level":30,"time":"2026-08-10T09:51:33.989Z","service":"reddington-server","env":"development","req":{"id":"81b80d3b-375a-429c-8c5f-ea42d2a5ece6","method":"GET","url":"/api/auth/me","remoteAddress":"::1"},"res":{"statusCode":304},"responseTime":75,"msg":"GET /me 304"}
{"level":30,"time":"2026-08-10T09:51:34.004Z","service":"reddington-server","env":"development","req":{"id":"f98fbb63-e7b9-4d9b-ab98-9daa3091625b","method":"GET","url":"/api/auth/me","remoteAddress":"::1"},"res":{"statusCode":304},"responseTime":11,"msg":"GET /me 304"}
{"level":30,"time":"2026-08-10T09:51:34.009Z","service":"reddington-server","env":"development","req":{"id":"29573d7a-cfe7-40b3-a3e9-15d379fb34ba","method":"GET","url":"/api/consents/me","remoteAddress":"::1"},"res":{"statusCode":304},"responseTime":8,"msg":"GET /me 304"}
{"level":30,"time":"2026-08-10T09:51:34.047Z","service":"reddington-server","env":"development","req":{"id":"cabefd9e-d55c-4b55-88fc-c55c11d2bfea","method":"GET","url":"/api/consents/me","remoteAddress":"::1"},"res":{"statusCode":304},"responseTime":3,"msg":"GET /me 304"}
{"level":30,"time":"2026-08-10T09:51:34.150Z","service":"reddington-server","env":"development","req":{"id":"e2e7eae3-693e-463f-b322-9b64230dc5d1","method":"GET","url":"/api/consents/purposes","remoteAddress":"::1"},"res":{"statusCode":304},"responseTime":9,"msg":"GET /purposes 304"}
{"level":30,"time":"2026-08-10T09:51:34.160Z","service":"reddington-server","env":"development","req":{"id":"3e90718f-1f68-4c97-a38f-8a7a5bd9d709","method":"GET","url":"/api/consents/history","remoteAddress":"::1"},"res":{"statusCode":304},"responseTime":7,"msg":"GET /history 304"}
{"level":30,"time":"2026-08-10T09:51:34.162Z","service":"reddington-server","env":"development","req":{"id":"254d0868-5d8c-451c-b0eb-668a9dd19c3e","method":"GET","url":"/api/cart","remoteAddress":"::1"},"res":{"statusCode":304},"responseTime":8,"msg":"GET / 304"}
{"level":30,"time":"2026-08-10T09:51:34.212Z","service":"reddington-server","env":"development","req":{"id":"f5ab52e6-2d2b-458d-afbe-7b3c5a419931","method":"GET","url":"/api/notifications/unread-count","remoteAddress":"::1"},"res":{"statusCode":304},"responseTime":57,"msg":"GET /unread-count 304"}
