{"level":30,"time":"2026-08-18T10:14:23.221Z","service":"reddington-server","env":"development","port":"5000","msg":"reddington server listening on http://localhost:5000"}
{"level":30,"time":"2026-08-18T10:14:23.221Z","service":"reddington-server","env":"development","module":"dsar-worker","intervalMs":30000,"msg":"started"}
{"level":30,"time":"2026-08-18T10:14:27.623Z","service":"reddington-server","env":"development","req":{"id":"70a54487-7c21-4d08-85c6-c7df0012aee2","method":"GET","url":"/api/auth/me","remoteAddress":"::1"},"res":{"statusCode":304},"responseTime":257,"msg":"GET /me 304"}
{"level":30,"time":"2026-08-18T10:14:27.649Z","service":"reddington-server","env":"development","req":{"id":"d82f06ef-7688-41b9-b7e5-ab563b493fb0","method":"GET","url":"/api/consents/me","remoteAddress":"::1"},"res":{"statusCode":304},"responseTime":19,"msg":"GET /me 304"}
{"level":30,"time":"2026-08-18T10:14:27.701Z","service":"reddington-server","env":"development","req":{"id":"438336e3-5025-4521-8a44-88abfe390da1","method":"GET","url":"/api/auth/me","remoteAddress":"::1"},"res":{"statusCode":304},"responseTime":74,"msg":"GET /me 304"}
{"level":30,"time":"2026-08-18T10:14:27.715Z","service":"reddington-server","env":"development","req":{"id":"8aaf947a-e5d8-464b-b3f3-10f1db6b97b0","method":"GET","url":"/api/consents/me","remoteAddress":"::1"},"res":{"statusCode":304},"responseTime":6,"msg":"GET /me 304"}
{"level":40,"time":"2026-08-18T10:14:34.192Z","service":"reddington-server","env":"development","req":{"id":"3f19dc51-1bf5-4dd4-970b-382b688e35fb","method":"POST","url":"/api/auth/login","remoteAddress":"::1"},"err":{"type":"Object","message":"invalid_credentials","stack":"","status":401},"msg":"client error"}
{"level":40,"time":"2026-08-18T10:14:34.194Z","service":"reddington-server","env":"development","req":{"id":"3f19dc51-1bf5-4dd4-970b-382b688e35fb","method":"POST","url":"/api/auth/login","remoteAddress":"::1"},"res":{"statusCode":401},"responseTime":5,"msg":"POST /api/auth/login 401"}
{"level":30,"time":"2026-08-18T10:14:35.053Z","service":"reddington-server","env":"development","port":"5000","msg":"reddington server listening on http://localhost:5000"}
{"level":30,"time":"2026-08-18T10:14:35.054Z","service":"reddington-server","env":"development","module":"dsar-worker","intervalMs":30000,"msg":"started"}
{"level":40,"time":"2026-08-18T10:14:43.684Z","service":"reddington-server","env":"development","req":{"id":"ee6f7978-b032-4acf-8cb8-ce8b865ec772","method":"POST","url":"/api/auth/login","remoteAddress":"::1"},"err":{"type":"Object","message":"invalid_credentials","stack":"","status":401},"msg":"client error"}
{"level":40,"time":"2026-08-18T10:14:43.691Z","service":"reddington-server","env":"development","req":{"id":"ee6f7978-b032-4acf-8cb8-ce8b865ec772","method":"POST","url":"/api/auth/login","remoteAddress":"::1"},"res":{"statusCode":401},"responseTime":71,"msg":"POST /api/auth/login 401"}
{"level":40,"time":"2026-08-18T10:14:48.771Z","service":"reddington-server","env":"development","req":{"id":"f58e404b-44ef-49de-832b-d38d0ea7ac2f","method":"POST","url":"/api/auth/login","remoteAddress":"::1"},"err":{"type":"Object","message":"invalid_credentials","stack":"","status":401},"msg":"client error"}
{"level":40,"time":"2026-08-18T10:14:48.772Z","service":"reddington-server","env":"development","req":{"id":"f58e404b-44ef-49de-832b-d38d0ea7ac2f","method":"POST","url":"/api/auth/login","remoteAddress":"::1"},"res":{"statusCode":401},"responseTime":94,"msg":"POST /api/auth/login 401"}
{"level":40,"time":"2026-08-18T10:14:49.810Z","service":"reddington-server","env":"development","req":{"id":"11df3663-b61b-4905-a4ab-a21bbe76c60e","method":"POST","url":"/api/auth/login","remoteAddress":"::1"},"err":{"type":"Object","message":"invalid_credentials","stack":"","status":401},"msg":"client error"}
{"level":40,"time":"2026-08-18T10:14:49.810Z","service":"reddington-server","env":"development","req":{"id":"11df3663-b61b-4905-a4ab-a21bbe76c60e","method":"POST","url":"/api/auth/login","remoteAddress":"::1"},"res":{"statusCode":401},"responseTime":83,"msg":"POST /api/auth/login 401"}
{"level":30,"time":"2026-08-18T10:14:55.420Z","service":"reddington-server","env":"development","req":{"id":"126cf06f-31ec-40e3-ad10-291fb6d2f86c","method":"POST","url":"/api/auth/login","remoteAddress":"::1"},"res":{"statusCode":200},"responseTime":129,"msg":"POST /login 200"}
{"level":30,"time":"2026-08-18T10:14:55.434Z","service":"reddington-server","env":"development","req":{"id":"1f154fd8-616f-4e7a-911c-3021d7a966bb","method":"GET","url":"/api/consents/me","remoteAddress":"::1"},"res":{"statusCode":304},"responseTime":7,"msg":"GET /me 304"}
{"level":40,"time":"2026-08-18T10:14:55.512Z","service":"reddington-server","env":"development","req":{"id":"f80c7aed-a6ef-429f-b35c-3db38ac1edb8","method":"GET","url":"/api/recommendations","remoteAddress":"::1"},"res":{"statusCode":403},"responseTime":5,"msg":"GET / 403"}
{"level":30,"time":"2026-08-18T10:14:55.533Z","service":"reddington-server","env":"development","req":{"id":"8b117486-5ef7-4d7d-8e7b-96663b2e0a9d","method":"GET","url":"/api/consents/purposes","remoteAddress":"::1"},"res":{"statusCode":304},"responseTime":23,"msg":"GET /purposes 304"}
{"level":30,"time":"2026-08-18T10:14:55.544Z","service":"reddington-server","env":"development","req":{"id":"7036a6ca-46d4-4e6f-aeea-0188dfdfd175","method":"GET","url":"/api/consents/purposes","remoteAddress":"::1"},"res":{"statusCode":304},"responseTime":7,"msg":"GET /purposes 304"}
{"level":30,"time":"2026-08-18T10:14:55.597Z","service":"reddington-server","env":"development","req":{"id":"cae661b5-7e3a-45fc-8171-c5d6c96514cf","method":"GET","url":"/api/products?sort=rating&limit=8","remoteAddress":"::1"},"res":{"statusCode":304},"responseTime":81,"msg":"GET /?sort=rating&limit=8 304"}
{"level":30,"time":"2026-08-18T10:14:55.602Z","service":"reddington-server","env":"development","req":{"id":"39849c62-849e-422e-a348-628cb00f0781","method":"GET","url":"/api/notifications/unread-count","remoteAddress":"::1"},"res":{"statusCode":304},"responseTime":83,"msg":"GET /unread-count 304"}
{"level":30,"time":"2026-08-18T10:14:55.603Z","service":"reddington-server","env":"development","req":{"id":"e5d736fe-625e-4fb1-81fd-97e79edeb2bb","method":"GET","url":"/api/users/wishlist","remoteAddress":"::1"},"res":{"statusCode":304},"responseTime":82,"msg":"GET /wishlist 304"}
{"level":30,"time":"2026-08-18T10:14:55.607Z","service":"reddington-server","env":"development","req":{"id":"8bffaf02-3f83-42c2-97d9-cfc41090c8f3","method":"GET","url":"/api/cart","remoteAddress":"::1"},"res":{"statusCode":304},"responseTime":83,"msg":"GET / 304"}
{"level":30,"time":"2026-08-18T10:15:25.650Z","service":"reddington-server","env":"development","req":{"id":"bdf8af12-c9db-4fdb-9fc1-3695c381064c","method":"GET","url":"/api/notifications/unread-count","remoteAddress":"::1"},"res":{"statusCode":304},"responseTime":7,"msg":"GET /unread-count 304"}
{"level":30,"time":"2026-08-18T10:15:55.472Z","service":"reddington-server","env":"development","req":{"id":"8a14685b-bbe9-4d9b-b9aa-bc7d38bafead","method":"GET","url":"/api/notifications","remoteAddress":"::1"},"res":{"statusCode":200},"responseTime":3,"msg":"GET / 200"}
{"level":30,"time":"2026-08-18T10:15:55.473Z","service":"reddington-server","env":"development","req":{"id":"f64e29bc-acd2-4969-b69c-b2cf77589f0b","method":"GET","url":"/api/consents/purposes","remoteAddress":"::1"},"res":{"statusCode":304},"responseTime":4,"msg":"GET /purposes 304"}
{"level":30,"time":"2026-08-18T10:15:55.664Z","service":"reddington-server","env":"development","req":{"id":"4e595203-4e0c-4bf7-8582-6527072e60b0","method":"GET","url":"/api/notifications/unread-count","remoteAddress":"::1"},"res":{"statusCode":304},"responseTime":2,"msg":"GET /unread-count 304"}
{"level":40,"time":"2026-08-18T10:16:05.303Z","service":"reddington-server","env":"development","req":{"id":"188c5123-bd8d-434a-a6d1-eec0bd1d4622","method":"GET","url":"/api/recommendations","remoteAddress":"::1"},"res":{"statusCode":403},"responseTime":7,"msg":"GET / 403"}
{"level":30,"time":"2026-08-18T10:16:05.304Z","service":"reddington-server","env":"development","req":{"id":"26827c15-b8a8-4033-bcf1-67985fd6fa0f","method":"GET","url":"/api/products?sort=rating&limit=8","remoteAddress":"::1"},"res":{"statusCode":304},"responseTime":5,"msg":"GET /?sort=rating&limit=8 304"}
{"level":30,"time":"2026-08-18T10:16:05.307Z","service":"reddington-server","env":"development","req":{"id":"57fc688c-8c37-4fc0-b645-4a8aae248311","method":"GET","url":"/api/users/wishlist","remoteAddress":"::1"},"res":{"statusCode":304},"responseTime":7,"msg":"GET /wishlist 304"}
{"level":30,"time":"2026-08-18T10:16:48.833Z","service":"reddington-server","env":"development","req":{"id":"1c6fd400-c8af-435f-9ff7-f4192b42646e","method":"GET","url":"/api/consents/purposes","remoteAddress":"::1"},"res":{"statusCode":304},"responseTime":7,"msg":"GET /purposes 304"}
{"level":30,"time":"2026-08-18T10:16:48.839Z","service":"reddington-server","env":"development","req":{"id":"80d95704-ee41-4387-9b73-c0030315730c","method":"GET","url":"/api/consents/history","remoteAddress":"::1"},"res":{"statusCode":304},"responseTime":12,"msg":"GET /history 304"}
{"level":30,"time":"2026-08-18T10:16:55.685Z","service":"reddington-server","env":"development","req":{"id":"3001272e-22f6-44ff-b23f-6cb2aaaa8ce6","method":"GET","url":"/api/notifications/unread-count","remoteAddress":"::1"},"res":{"statusCode":304},"responseTime":5,"msg":"GET /unread-count 304"}
{"level":30,"time":"2026-08-18T10:17:25.701Z","service":"reddington-server","env":"development","req":{"id":"fd842537-dd73-462d-a901-c2a80a56b190","method":"GET","url":"/api/notifications/unread-count","remoteAddress":"::1"},"res":{"statusCode":304},"responseTime":2,"msg":"GET /unread-count 304"}
{"level":30,"time":"2026-08-18T10:17:55.719Z","service":"reddington-server","env":"development","req":{"id":"4bbe375b-2171-4ac8-8f8a-a4777a9d9754","method":"GET","url":"/api/notifications/unread-count","remoteAddress":"::1"},"res":{"statusCode":304},"responseTime":2,"msg":"GET /unread-count 304"}
{"level":30,"time":"2026-08-18T10:18:17.924Z","service":"reddington-server","env":"development","req":{"id":"916816aa-f0fa-4fde-8555-80a1e42af576","method":"GET","url":"/api/products?sort=rating&limit=8","remoteAddress":"::1"},"res":{"statusCode":304},"responseTime":4,"msg":"GET /?sort=rating&limit=8 304"}
{"level":40,"time":"2026-08-18T10:18:17.925Z","service":"reddington-server","env":"development","req":{"id":"77872747-2664-4fad-9a05-57ff0fa7c655","method":"GET","url":"/api/recommendations","remoteAddress":"::1"},"res":{"statusCode":403},"responseTime":8,"msg":"GET / 403"}
{"level":30,"time":"2026-08-18T10:18:17.929Z","service":"reddington-server","env":"development","req":{"id":"4649b838-e7d9-4b26-b409-c969b0f8aa45","method":"GET","url":"/api/users/wishlist","remoteAddress":"::1"},"res":{"statusCode":304},"responseTime":8,"msg":"GET /wishlist 304"}
{"level":30,"time":"2026-08-18T10:18:25.736Z","service":"reddington-server","env":"development","req":{"id":"6757f4ac-c749-405b-99ee-53f57c515b86","method":"GET","url":"/api/notifications/unread-count","remoteAddress":"::1"},"res":{"statusCode":304},"responseTime":2,"msg":"GET /unread-count 304"}
{"level":30,"time":"2026-08-18T10:18:34.592Z","service":"reddington-server","env":"development","req":{"id":"139cc297-ce47-4612-a5d9-bb1172aeddfc","method":"POST","url":"/api/users/wishlist/cms5yuenc000s5ao8yqnvsz6u","remoteAddress":"::1"},"res":{"statusCode":201},"responseTime":22,"msg":"POST /wishlist/cms5yuenc000s5ao8yqnvsz6u 201"}
{"level":30,"time":"2026-08-18T10:18:34.600Z","service":"reddington-server","env":"development","req":{"id":"6f50cb0c-45cc-4c7d-8524-dbd68b69f13d","method":"GET","url":"/api/users/wishlist","remoteAddress":"::1"},"res":{"statusCode":200},"responseTime":3,"msg":"GET /wishlist 200"}
{"level":30,"time":"2026-08-18T10:18:55.752Z","service":"reddington-server","env":"development","req":{"id":"cff85ce8-e040-439a-bb41-9bdd61e79537","method":"GET","url":"/api/notifications/unread-count","remoteAddress":"::1"},"res":{"statusCode":304},"responseTime":2,"msg":"GET /unread-count 304"}
{"level":30,"time":"2026-08-18T10:19:25.770Z","service":"reddington-server","env":"development","req":{"id":"0cd12d68-992a-4759-b9ec-eda6321e6e62","method":"GET","url":"/api/notifications/unread-count","remoteAddress":"::1"},"res":{"statusCode":304},"responseTime":2,"msg":"GET /unread-count 304"}
{"level":30,"time":"2026-08-18T10:19:55.834Z","service":"reddington-server","env":"development","req":{"id":"69629693-9a9a-47b7-8d92-72095722777b","method":"GET","url":"/api/notifications/unread-count","remoteAddress":"::1"},"res":{"statusCode":304},"responseTime":45,"msg":"GET /unread-count 304"}
{"level":30,"time":"2026-08-18T10:20:25.845Z","service":"reddington-server","env":"development","req":{"id":"ab4d6eb2-76e3-4b5d-b493-2aeac61b7d55","method":"GET","url":"/api/notifications/unread-count","remoteAddress":"::1"},"res":{"statusCode":304},"responseTime":3,"msg":"GET /unread-count 304"}
{"level":30,"time":"2026-08-18T10:20:55.858Z","service":"reddington-server","env":"development","req":{"id":"c58cd745-d9be-443a-8727-f5cb30e8cad6","method":"GET","url":"/api/notifications/unread-count","remoteAddress":"::1"},"res":{"statusCode":304},"responseTime":1,"msg":"GET /unread-count 304"}
{"level":30,"time":"2026-08-18T10:21:25.875Z","service":"reddington-server","env":"development","req":{"id":"2e68e975-e62b-44fa-b595-8ea74c1e7730","method":"GET","url":"/api/notifications/unread-count","remoteAddress":"::1"},"res":{"statusCode":304},"responseTime":2,"msg":"GET /unread-count 304"}
{"level":30,"time":"2026-08-18T10:21:55.895Z","service":"reddington-server","env":"development","req":{"id":"388d5b83-d7c0-419a-a55d-bdd393b6baed","method":"GET","url":"/api/notifications/unread-count","remoteAddress":"::1"},"res":{"statusCode":304},"responseTime":1,"msg":"GET /unread-count 304"}
{"level":30,"time":"2026-08-18T10:22:25.913Z","service":"reddington-server","env":"development","req":{"id":"01a94ea2-dfa9-431b-a5dc-67f794260cdf","method":"GET","url":"/api/notifications/unread-count","remoteAddress":"::1"},"res":{"statusCode":304},"responseTime":1,"msg":"GET /unread-count 304"}
{"level":30,"time":"2026-08-18T10:22:55.931Z","service":"reddington-server","env":"development","req":{"id":"10218084-8713-4164-958d-b9538496c5e2","method":"GET","url":"/api/notifications/unread-count","remoteAddress":"::1"},"res":{"statusCode":304},"responseTime":2,"msg":"GET /unread-count 304"}
{"level":30,"time":"2026-08-18T10:23:25.950Z","service":"reddington-server","env":"development","req":{"id":"42584104-8a96-4f27-a099-61344644a47b","method":"GET","url":"/api/notifications/unread-count","remoteAddress":"::1"},"res":{"statusCode":304},"responseTime":1,"msg":"GET /unread-count 304"}
{"level":30,"time":"2026-08-18T10:23:55.968Z","service":"reddington-server","env":"development","req":{"id":"cad1b268-65fc-48f7-9150-4430bf64d3ad","method":"GET","url":"/api/notifications/unread-count","remoteAddress":"::1"},"res":{"statusCode":304},"responseTime":2,"msg":"GET /unread-count 304"}
{"level":30,"time":"2026-08-18T10:24:25.997Z","service":"reddington-server","env":"development","req":{"id":"5a342b8d-5446-43bf-b4b3-d493717daad3","method":"GET","url":"/api/notifications/unread-count","remoteAddress":"::1"},"res":{"statusCode":304},"responseTime":1,"msg":"GET /unread-count 304"}
{"level":30,"time":"2026-08-18T10:25:26.008Z","service":"reddington-server","env":"development","req":{"id":"17ef3c6a-fdd8-4d11-a2c1-1906a3c85b09","method":"GET","url":"/api/notifications/unread-count","remoteAddress":"::1"},"res":{"statusCode":304},"responseTime":4,"msg":"GET /unread-count 304"}
{"level":30,"time":"2026-08-18T10:25:56.025Z","service":"reddington-server","env":"development","req":{"id":"652cbcda-46f5-4678-a38a-d9ab3a3ff9f4","method":"GET","url":"/api/notifications/unread-count","remoteAddress":"::1"},"res":{"statusCode":304},"responseTime":2,"msg":"GET /unread-count 304"}
{"level":30,"time":"2026-08-18T10:26:26.041Z","service":"reddington-server","env":"development","req":{"id":"eb3ba0b6-cd79-4fb6-8419-f1bf2cc6b22b","method":"GET","url":"/api/notifications/unread-count","remoteAddress":"::1"},"res":{"statusCode":304},"responseTime":2,"msg":"GET /unread-count 304"}
{"level":30,"time":"2026-08-18T10:26:50.137Z","service":"reddington-server","env":"development","req":{"id":"a38d55f5-32b0-4065-9ff3-165e4701a90d","method":"GET","url":"/api/consents/purposes","remoteAddress":"::1"},"res":{"statusCode":304},"responseTime":60,"msg":"GET /purposes 304"}
{"level":30,"time":"2026-08-18T10:26:50.140Z","service":"reddington-server","env":"development","req":{"id":"1458f144-dc7d-4876-8790-feea35e1f294","method":"GET","url":"/api/notifications","remoteAddress":"::1"},"res":{"statusCode":304},"responseTime":62,"msg":"GET / 304"}
{"level":30,"time":"2026-08-18T10:26:55.463Z","service":"reddington-server","env":"development","req":{"id":"805f5c4e-c2a2-405a-b446-8417792feee3","method":"GET","url":"/api/consents/purposes","remoteAddress":"::1"},"res":{"statusCode":304},"responseTime":6,"msg":"GET /purposes 304"}
{"level":40,"time":"2026-08-18T10:26:55.466Z","service":"reddington-server","env":"development","req":{"id":"d6165603-1453-4ba1-8df7-62c77ab882a9","method":"GET","url":"/api/recommendations","remoteAddress":"::1"},"res":{"statusCode":403},"responseTime":8,"msg":"GET / 403"}
{"level":30,"time":"2026-08-18T10:26:55.471Z","service":"reddington-server","env":"development","req":{"id":"3acf3200-207a-4e90-b843-31ae571e512e","method":"GET","url":"/api/users/wishlist","remoteAddress":"::1"},"res":{"statusCode":304},"responseTime":9,"msg":"GET /wishlist 304"}
{"level":30,"time":"2026-08-18T10:26:55.495Z","service":"reddington-server","env":"development","req":{"id":"dc840f46-73c7-4779-a324-31aae8e9efff","method":"GET","url":"/api/consents/purposes","remoteAddress":"::1"},"res":{"statusCode":304},"responseTime":6,"msg":"GET /purposes 304"}
{"level":30,"time":"2026-08-18T10:26:55.521Z","service":"reddington-server","env":"development","req":{"id":"946520d3-9219-481d-a497-051f481bb293","method":"GET","url":"/api/products?sort=rating&limit=8","remoteAddress":"::1"},"res":{"statusCode":304},"responseTime":61,"msg":"GET /?sort=rating&limit=8 304"}
{"level":30,"time":"2026-08-18T10:26:56.061Z","service":"reddington-server","env":"development","req":{"id":"24cb1452-70f2-4da0-82f8-020cc2e9f1d9","method":"GET","url":"/api/notifications/unread-count","remoteAddress":"::1"},"res":{"statusCode":304},"responseTime":4,"msg":"GET /unread-count 304"}
{"level":30,"time":"2026-08-18T10:27:16.839Z","service":"reddington-server","env":"development","req":{"id":"138ed3c8-1aca-48dd-b6a8-c5b60d0b3118","method":"GET","url":"/api/users/profile","remoteAddress":"::1"},"res":{"statusCode":200},"responseTime":15,"msg":"GET /profile 200"}
{"level":30,"time":"2026-08-18T10:27:20.617Z","service":"reddington-server","env":"development","req":{"id":"ac1c2248-51ba-43b9-8657-a8819d49ead6","method":"GET","url":"/api/consents/purposes","remoteAddress":"::1"},"res":{"statusCode":304},"responseTime":2,"msg":"GET /purposes 304"}
{"level":30,"time":"2026-08-18T10:27:20.620Z","service":"reddington-server","env":"development","req":{"id":"b549b739-e99c-423b-ade7-ead5d3763483","method":"GET","url":"/api/consents/history","remoteAddress":"::1"},"res":{"statusCode":304},"responseTime":6,"msg":"GET /history 304"}
{"level":30,"time":"2026-08-18T10:27:26.069Z","service":"reddington-server","env":"development","req":{"id":"be87dafe-6ecf-4597-9cf3-81bc25533229","method":"GET","url":"/api/notifications/unread-count","remoteAddress":"::1"},"res":{"statusCode":304},"responseTime":1,"msg":"GET /unread-count 304"}
{"level":30,"time":"2026-08-18T10:43:45.140Z","service":"reddington-server","env":"development","req":{"id":"83d7b684-d06b-4bbc-a7ed-964742d05840","method":"GET","url":"/api/notifications/unread-count","remoteAddress":"::1"},"res":{"statusCode":304},"responseTime":7,"msg":"GET /unread-count 304"}
{"level":30,"time":"2026-08-18T10:43:49.662Z","service":"reddington-server","env":"development","req":{"id":"a6bb6a67-1cd0-4b1b-8815-151bb2497079","method":"GET","url":"/api/consents/purposes","remoteAddress":"::1"},"res":{"statusCode":304},"responseTime":68,"msg":"GET /purposes 304"}
{"level":40,"time":"2026-08-18T10:43:49.670Z","service":"reddington-server","env":"development","req":{"id":"d90b9156-5a63-43af-acba-b4a10033657f","method":"GET","url":"/api/recommendations","remoteAddress":"::1"},"res":{"statusCode":403},"responseTime":75,"msg":"GET / 403"}
{"level":30,"time":"2026-08-18T10:43:49.674Z","service":"reddington-server","env":"development","req":{"id":"e5757d47-9063-4b9a-89b0-368153e31cc1","method":"GET","url":"/api/products?sort=rating&limit=8","remoteAddress":"::1"},"res":{"statusCode":304},"responseTime":76,"msg":"GET /?sort=rating&limit=8 304"}
{"level":30,"time":"2026-08-18T10:43:49.681Z","service":"reddington-server","env":"development","req":{"id":"216d1177-f95c-4b27-8e9f-33acf5776e07","method":"GET","url":"/api/users/wishlist","remoteAddress":"::1"},"res":{"statusCode":304},"responseTime":82,"msg":"GET /wishlist 304"}
{"level":30,"time":"2026-08-18T10:43:49.693Z","service":"reddington-server","env":"development","req":{"id":"875e5954-cd8b-486a-809b-a97d7adb549e","method":"GET","url":"/api/consents/purposes","remoteAddress":"::1"},"res":{"statusCode":304},"responseTime":11,"msg":"GET /purposes 304"}
{"level":30,"time":"2026-08-18T10:44:15.159Z","service":"reddington-server","env":"development","req":{"id":"a0a33cb1-4e70-4786-ad6f-20952a57414d","method":"GET","url":"/api/notifications/unread-count","remoteAddress":"::1"},"res":{"statusCode":304},"responseTime":4,"msg":"GET /unread-count 304"}
{"level":30,"time":"2026-08-18T10:45:35.479Z","service":"reddington-server","env":"development","req":{"id":"6d3e9238-68d3-46cc-8c61-59b37dcd2f6c","method":"GET","url":"/api/consents/purposes","remoteAddress":"::1"},"res":{"statusCode":304},"responseTime":6,"msg":"GET /purposes 304"}
{"level":30,"time":"2026-08-18T10:45:35.479Z","service":"reddington-server","env":"development","req":{"id":"b32e574d-1d6d-449c-811f-22a11f3b54cc","method":"GET","url":"/api/consents/history","remoteAddress":"::1"},"res":{"statusCode":304},"responseTime":5,"msg":"GET /history 304"}
{"level":30,"time":"2026-08-18T10:59:40.551Z","service":"reddington-server","env":"development","req":{"id":"73901539-7f5a-46f8-ac92-fb0e4b645511","method":"GET","url":"/api/notifications/unread-count","remoteAddress":"::1"},"res":{"statusCode":304},"responseTime":55,"msg":"GET /unread-count 304"}
{"level":30,"time":"2026-08-18T10:59:52.482Z","service":"reddington-server","env":"development","req":{"id":"d248b5f4-45e4-409f-931d-7c718de0caf5","method":"GET","url":"/api/auth/me","remoteAddress":"::1"},"res":{"statusCode":304},"responseTime":58,"msg":"GET /me 304"}
{"level":30,"time":"2026-08-18T10:59:52.493Z","service":"reddington-server","env":"development","req":{"id":"8803dcd2-7840-48f5-9bc4-066bd27b5ff5","method":"GET","url":"/api/auth/me","remoteAddress":"::1"},"res":{"statusCode":304},"responseTime":7,"msg":"GET /me 304"}
{"level":30,"time":"2026-08-18T10:59:52.525Z","service":"reddington-server","env":"development","req":{"id":"a9e7adb5-9801-443a-bf03-9176aad28d94","method":"GET","url":"/api/consents/me","remoteAddress":"::1"},"res":{"statusCode":304},"responseTime":6,"msg":"GET /me 304"}
{"level":30,"time":"2026-08-18T10:59:52.531Z","service":"reddington-server","env":"development","req":{"id":"83bdfb50-aa79-419b-875d-80dd1f571ac5","method":"GET","url":"/api/consents/me","remoteAddress":"::1"},"res":{"statusCode":304},"responseTime":2,"msg":"GET /me 304"}
{"level":30,"time":"2026-08-18T10:59:57.050Z","service":"reddington-server","env":"development","req":{"id":"5dd1cdfe-1799-4591-9062-fe56d1db4b89","method":"POST","url":"/api/auth/login","remoteAddress":"::1"},"res":{"statusCode":200},"responseTime":82,"msg":"POST /login 200"}
{"level":30,"time":"2026-08-18T10:59:57.060Z","service":"reddington-server","env":"development","req":{"id":"3560fbd5-2349-4363-9a69-fdcdcde72e51","method":"GET","url":"/api/consents/me","remoteAddress":"::1"},"res":{"statusCode":304},"responseTime":4,"msg":"GET /me 304"}
{"level":40,"time":"2026-08-18T10:59:57.132Z","service":"reddington-server","env":"development","req":{"id":"9486cd31-7ad4-4a52-968e-157d957022ad","method":"GET","url":"/api/recommendations","remoteAddress":"::1"},"res":{"statusCode":403},"responseTime":3,"msg":"GET / 403"}
{"level":30,"time":"2026-08-18T10:59:57.134Z","service":"reddington-server","env":"development","req":{"id":"1e93d2c6-3234-4dea-96e0-54ae94e98bfe","method":"GET","url":"/api/consents/purposes","remoteAddress":"::1"},"res":{"statusCode":304},"responseTime":8,"msg":"GET /purposes 304"}
{"level":30,"time":"2026-08-18T10:59:57.143Z","service":"reddington-server","env":"development","req":{"id":"f8bbd8ac-aab7-4acb-a376-5fb3286c8fb1","method":"GET","url":"/api/users/wishlist","remoteAddress":"::1"},"res":{"statusCode":304},"responseTime":11,"msg":"GET /wishlist 304"}
{"level":30,"time":"2026-08-18T10:59:57.158Z","service":"reddington-server","env":"development","req":{"id":"29f1ca28-134e-4637-95bd-7d9a0163c56c","method":"GET","url":"/api/consents/purposes","remoteAddress":"::1"},"res":{"statusCode":304},"responseTime":6,"msg":"GET /purposes 304"}
{"level":30,"time":"2026-08-18T10:59:57.205Z","service":"reddington-server","env":"development","req":{"id":"9b6e7f7a-f0da-409a-a626-003301fd81c6","method":"GET","url":"/api/products?sort=rating&limit=8","remoteAddress":"::1"},"res":{"statusCode":304},"responseTime":71,"msg":"GET /?sort=rating&limit=8 304"}
{"level":30,"time":"2026-08-18T10:59:57.209Z","service":"reddington-server","env":"development","req":{"id":"0ea1026c-a61d-4a46-b956-d723631634da","method":"GET","url":"/api/cart","remoteAddress":"::1"},"res":{"statusCode":304},"responseTime":73,"msg":"GET / 304"}
{"level":30,"time":"2026-08-18T10:59:57.211Z","service":"reddington-server","env":"development","req":{"id":"3342a956-4da1-4e16-a005-7c505e8c18e9","method":"GET","url":"/api/notifications/unread-count","remoteAddress":"::1"},"res":{"statusCode":304},"responseTime":74,"msg":"GET /unread-count 304"}
{"level":30,"time":"2026-08-18T11:01:16.906Z","service":"reddington-server","env":"development","req":{"id":"48420e78-e1c6-4cb8-a908-eec2f35d55da","method":"GET","url":"/api/consents/purposes","remoteAddress":"::1"},"res":{"statusCode":304},"responseTime":6,"msg":"GET /purposes 304"}
{"level":30,"time":"2026-08-18T11:01:16.907Z","service":"reddington-server","env":"development","req":{"id":"5c4c05b5-dea0-4037-9a92-abce608f5b2a","method":"GET","url":"/api/consents/history","remoteAddress":"::1"},"res":{"statusCode":304},"responseTime":6,"msg":"GET /history 304"}
{"level":30,"time":"2026-08-18T11:01:27.245Z","service":"reddington-server","env":"development","req":{"id":"07df6869-d7f8-480f-a954-144b47865f05","method":"GET","url":"/api/notifications/unread-count","remoteAddress":"::1"},"res":{"statusCode":304},"responseTime":4,"msg":"GET /unread-count 304"}
{"level":30,"time":"2026-08-18T11:01:57.257Z","service":"reddington-server","env":"development","req":{"id":"96acc398-6a5a-4d04-b3ae-dc9fb94b0ebb","method":"GET","url":"/api/notifications/unread-count","remoteAddress":"::1"},"res":{"statusCode":304},"responseTime":2,"msg":"GET /unread-count 304"}
{"level":40,"time":"2026-08-18T11:02:21.433Z","service":"reddington-server","env":"development","req":{"id":"d82f4a48-bcca-4697-9f8b-057f2318a36d","method":"GET","url":"/api/recommendations","remoteAddress":"::1"},"res":{"statusCode":403},"responseTime":6,"msg":"GET / 403"}
{"level":30,"time":"2026-08-18T11:02:21.434Z","service":"reddington-server","env":"development","req":{"id":"f65b4eff-b9dc-4efb-bf86-78dd519f92cf","method":"GET","url":"/api/products?sort=rating&limit=8","remoteAddress":"::1"},"res":{"statusCode":304},"responseTime":6,"msg":"GET /?sort=rating&limit=8 304"}
{"level":30,"time":"2026-08-18T11:02:21.437Z","service":"reddington-server","env":"development","req":{"id":"eb9f8587-03b3-4b7a-9c25-f0817000113e","method":"GET","url":"/api/users/wishlist","remoteAddress":"::1"},"res":{"statusCode":304},"responseTime":8,"msg":"GET /wishlist 304"}
{"level":30,"time":"2026-08-18T11:02:27.274Z","service":"reddington-server","env":"development","req":{"id":"58777db1-6bb0-4af3-8973-04dae442867a","method":"GET","url":"/api/notifications/unread-count","remoteAddress":"::1"},"res":{"statusCode":304},"responseTime":4,"msg":"GET /unread-count 304"}
{"level":30,"time":"2026-08-18T11:03:22.037Z","service":"reddington-server","env":"development","req":{"id":"4ce10acb-d2c6-453e-98b1-f58e236fd067","method":"GET","url":"/api/products/cms5yuenr00105ao8c4a9yfje","remoteAddress":"::1"},"res":{"statusCode":200},"responseTime":4,"msg":"GET /cms5yuenr00105ao8c4a9yfje 200"}
{"level":30,"time":"2026-08-18T11:03:22.041Z","service":"reddington-server","env":"development","req":{"id":"b29f7408-0e2d-473e-a112-ad354bcdf382","method":"GET","url":"/api/users/wishlist","remoteAddress":"::1"},"res":{"statusCode":304},"responseTime":5,"msg":"GET /wishlist 304"}
{"level":40,"time":"2026-08-18T11:03:22.042Z","service":"reddington-server","env":"development","req":{"id":"3b911beb-79f8-4a08-ab0c-275b23cd82bb","method":"POST","url":"/api/recommendations/view","remoteAddress":"::1"},"res":{"statusCode":403},"responseTime":4,"msg":"POST /view 403"}
{"level":40,"time":"2026-08-18T11:03:22.044Z","service":"reddington-server","env":"development","req":{"id":"81c626d3-4ef7-40b9-89e2-dd68f17d7431","method":"POST","url":"/api/recommendations/view","remoteAddress":"::1"},"res":{"statusCode":403},"responseTime":5,"msg":"POST /view 403"}
{"level":30,"time":"2026-08-18T11:03:24.235Z","service":"reddington-server","env":"development","req":{"id":"456940dd-2c49-4490-9e30-631d70fef90c","method":"POST","url":"/api/cart/items","remoteAddress":"::1"},"res":{"statusCode":201},"responseTime":24,"msg":"POST /items 201"}
{"level":30,"time":"2026-08-18T11:03:24.244Z","service":"reddington-server","env":"development","req":{"id":"a57dfc6e-896d-45f7-8c8e-332103a79468","method":"GET","url":"/api/cart","remoteAddress":"::1"},"res":{"statusCode":200},"responseTime":2,"msg":"GET / 200"}
{"level":30,"time":"2026-08-18T11:03:25.394Z","service":"reddington-server","env":"development","req":{"id":"1818164f-7772-4230-adf8-c7b6a6b83345","method":"GET","url":"/api/cart","remoteAddress":"::1"},"res":{"statusCode":304},"responseTime":3,"msg":"GET / 304"}
{"level":30,"time":"2026-08-18T11:03:27.294Z","service":"reddington-server","env":"development","req":{"id":"173ff882-628d-4f2e-9edf-53a1e6abb80e","method":"GET","url":"/api/notifications/unread-count","remoteAddress":"::1"},"res":{"statusCode":304},"responseTime":2,"msg":"GET /unread-count 304"}
{"level":30,"time":"2026-08-18T11:03:27.605Z","service":"reddington-server","env":"development","req":{"id":"fb8fff4b-cf83-4c90-b6cf-87da710611c5","method":"GET","url":"/api/cart","remoteAddress":"::1"},"res":{"statusCode":304},"responseTime":3,"msg":"GET / 304"}
{"level":30,"time":"2026-08-18T11:03:27.610Z","service":"reddington-server","env":"development","req":{"id":"20d26597-e755-4590-a5eb-a08332285f61","method":"GET","url":"/api/users/profile","remoteAddress":"::1"},"res":{"statusCode":304},"responseTime":7,"msg":"GET /profile 304"}
{"level":30,"time":"2026-08-18T11:03:57.538Z","service":"reddington-server","env":"development","req":{"id":"776a6c7a-75dc-482d-b987-993fddfbee04","method":"GET","url":"/api/notifications/unread-count","remoteAddress":"::1"},"res":{"statusCode":304},"responseTime":2,"msg":"GET /unread-count 304"}
{"level":30,"time":"2026-08-18T11:04:27.562Z","service":"reddington-server","env":"development","req":{"id":"271205b4-c627-4668-95bb-09c330daec0d","method":"GET","url":"/api/notifications/unread-count","remoteAddress":"::1"},"res":{"statusCode":304},"responseTime":2,"msg":"GET /unread-count 304"}
{"level":30,"time":"2026-08-18T11:04:28.930Z","service":"reddington-server","env":"development","req":{"id":"2397b743-86b9-4fbe-9a87-0317c33b8edf","method":"POST","url":"/api/consents/decisions","remoteAddress":"::1"},"res":{"statusCode":201},"responseTime":34,"msg":"POST /decisions 201"}
{"level":30,"time":"2026-08-18T11:04:28.940Z","service":"reddington-server","env":"development","req":{"id":"6e6923bb-b174-4b0f-952f-b652f82e80c5","method":"GET","url":"/api/consents/me","remoteAddress":"::1"},"res":{"statusCode":200},"responseTime":4,"msg":"GET /me 200"}
{"level":30,"time":"2026-08-18T11:04:32.319Z","service":"reddington-server","env":"development","req":{"id":"c86ceb19-7686-46ca-9ed2-2a3699659be8","method":"GET","url":"/api/consents/purposes","remoteAddress":"::1"},"res":{"statusCode":304},"responseTime":2,"msg":"GET /purposes 304"}
{"level":30,"time":"2026-08-18T11:04:32.320Z","service":"reddington-server","env":"development","req":{"id":"fc597480-ecf6-4445-a443-ea52027ee147","method":"GET","url":"/api/notifications","remoteAddress":"::1"},"res":{"statusCode":304},"responseTime":2,"msg":"GET / 304"}
{"level":30,"time":"2026-08-18T11:06:27.587Z","service":"reddington-server","env":"development","req":{"id":"eeabcab0-7e2a-4ff7-894a-f798927fcc15","method":"GET","url":"/api/notifications/unread-count","remoteAddress":"::1"},"res":{"statusCode":304},"responseTime":4,"msg":"GET /unread-count 304"}
{"level":30,"time":"2026-08-18T11:06:47.280Z","service":"reddington-server","env":"development","req":{"id":"a1609911-2cf1-4f53-84b1-f9cd064158bc","method":"GET","url":"/api/users/wishlist","remoteAddress":"::1"},"res":{"statusCode":304},"responseTime":9,"msg":"GET /wishlist 304"}
{"level":30,"time":"2026-08-18T11:06:53.694Z","service":"reddington-server","env":"development","req":{"id":"709b7de2-498a-4caa-8eb9-c61cec9cdbcd","method":"GET","url":"/api/orders","remoteAddress":"::1"},"res":{"statusCode":200},"responseTime":14,"msg":"GET / 200"}
{"level":30,"time":"2026-08-18T11:06:57.186Z","service":"reddington-server","env":"development","req":{"id":"a180370f-34bf-4f95-9aea-51d474c681bd","method":"GET","url":"/api/users/profile","remoteAddress":"::1"},"res":{"statusCode":304},"responseTime":8,"msg":"GET /profile 304"}
{"level":30,"time":"2026-08-18T11:06:57.603Z","service":"reddington-server","env":"development","req":{"id":"6c2e34f6-7611-41f8-8e3b-a08fade2ec01","method":"GET","url":"/api/notifications/unread-count","remoteAddress":"::1"},"res":{"statusCode":304},"responseTime":1,"msg":"GET /unread-count 304"}
{"level":30,"time":"2026-08-18T11:06:59.911Z","service":"reddington-server","env":"development","req":{"id":"5b8bd820-ee04-4200-8d5b-1d274e2a3b3c","method":"GET","url":"/api/consents/history","remoteAddress":"::1"},"res":{"statusCode":200},"responseTime":61,"msg":"GET /history 200"}
{"level":30,"time":"2026-08-18T11:06:59.913Z","service":"reddington-server","env":"development","req":{"id":"e5967054-0b4f-4269-845b-821fb41d0147","method":"GET","url":"/api/consents/purposes","remoteAddress":"::1"},"res":{"statusCode":304},"responseTime":65,"msg":"GET /purposes 304"}
{"level":30,"time":"2026-08-18T11:20:27.732Z","service":"reddington-server","env":"development","req":{"id":"a8286426-2432-4765-b095-fb833ff5702a","method":"GET","url":"/api/auth/me","remoteAddress":"::1"},"res":{"statusCode":304},"responseTime":49,"msg":"GET /me 304"}
{"level":30,"time":"2026-08-18T11:20:27.740Z","service":"reddington-server","env":"development","req":{"id":"7d364574-e02a-40fb-8e02-174a52ec4a1b","method":"GET","url":"/api/auth/me","remoteAddress":"::1"},"res":{"statusCode":304},"responseTime":5,"msg":"GET /me 304"}
{"level":30,"time":"2026-08-18T11:20:27.742Z","service":"reddington-server","env":"development","req":{"id":"e71573ff-643c-40a6-9b7b-0d172d44e254","method":"GET","url":"/api/consents/me","remoteAddress":"::1"},"res":{"statusCode":304},"responseTime":4,"msg":"GET /me 304"}
{"level":30,"time":"2026-08-18T11:20:27.748Z","service":"reddington-server","env":"development","req":{"id":"61d5daa8-980c-438e-9637-dc8ed955ec99","method":"GET","url":"/api/consents/me","remoteAddress":"::1"},"res":{"statusCode":304},"responseTime":2,"msg":"GET /me 304"}
{"level":30,"time":"2026-08-18T11:51:38.187Z","service":"reddington-server","env":"development","req":{"id":"10856f65-cfdd-4726-8f18-93b611197ae9","method":"GET","url":"/api/notifications/unread-count","remoteAddress":"::1"},"res":{"statusCode":304},"responseTime":6,"msg":"GET /unread-count 304"}
{"level":30,"time":"2026-08-18T11:51:39.900Z","service":"reddington-server","env":"development","req":{"id":"8a5afb1f-0473-4a61-8e05-8b27f520d0eb","method":"GET","url":"/api/notifications/unread-count","remoteAddress":"::1"},"res":{"statusCode":304},"responseTime":2,"msg":"GET /unread-count 304"}
{"level":30,"time":"2026-08-18T11:55:09.944Z","service":"reddington-server","env":"development","req":{"id":"6866ad21-9d25-4e70-82dc-bf2a709f98fd","method":"GET","url":"/api/notifications/unread-count","remoteAddress":"::1"},"res":{"statusCode":304},"responseTime":4,"msg":"GET /unread-count 304"}
{"level":30,"time":"2026-08-18T12:29:53.802Z","service":"reddington-server","env":"development","req":{"id":"b503433f-5d09-4483-a899-7afd04549838","method":"GET","url":"/api/notifications/unread-count","remoteAddress":"::1"},"res":{"statusCode":304},"responseTime":7,"msg":"GET /unread-count 304"}
{"level":30,"time":"2026-08-18T12:29:56.595Z","service":"reddington-server","env":"development","req":{"id":"3a00f88f-26e1-493a-8ea4-38dfa28aa856","method":"GET","url":"/api/cart","remoteAddress":"::1"},"res":{"statusCode":304},"responseTime":7,"msg":"GET / 304"}
{"level":30,"time":"2026-08-18T12:29:58.863Z","service":"reddington-server","env":"development","req":{"id":"6b449477-bbfe-4895-9e64-8cca65f01c5e","method":"GET","url":"/api/consents/purposes","remoteAddress":"::1"},"res":{"statusCode":304},"responseTime":55,"msg":"GET /purposes 304"}
{"level":30,"time":"2026-08-18T12:29:58.866Z","service":"reddington-server","env":"development","req":{"id":"b494c524-3fe6-41de-8429-8b344dad00f1","method":"GET","url":"/api/notifications","remoteAddress":"::1"},"res":{"statusCode":304},"responseTime":56,"msg":"GET / 304"}
