{"level":30,"time":"2026-09-19T19:23:16.003Z","service":"reddington-server","env":"development","port":"5000","msg":"reddington server listening on http://localhost:5000"}
{"level":30,"time":"2026-09-19T19:23:16.004Z","service":"reddington-server","env":"development","module":"dsar-worker","intervalMs":30000,"msg":"started"}
{"level":30,"time":"2026-09-19T19:23:17.684Z","service":"reddington-server","env":"development","port":"5000","msg":"reddington server listening on http://localhost:5000"}
{"level":30,"time":"2026-09-19T19:23:17.684Z","service":"reddington-server","env":"development","module":"dsar-worker","intervalMs":30000,"msg":"started"}
{"level":30,"time":"2026-09-19T19:35:46.867Z","service":"reddington-server","env":"development","req":{"id":"ca786e5e-3465-4ad3-baed-cfa7a0c7b8b3","method":"GET","url":"/api/auth/me","remoteAddress":"::1"},"res":{"statusCode":304},"responseTime":3760,"msg":"GET /me 304"}
{"level":30,"time":"2026-09-19T19:35:47.513Z","service":"reddington-server","env":"development","req":{"id":"41f09f06-1b6a-438a-8a91-f0b0926eabc4","method":"GET","url":"/api/consents/me","remoteAddress":"::1"},"res":{"statusCode":304},"responseTime":586,"msg":"GET /me 304"}
{"level":30,"time":"2026-09-19T19:35:47.824Z","service":"reddington-server","env":"development","req":{"id":"d0a05a89-9b5f-486b-8919-130493a9587c","method":"GET","url":"/api/auth/me","remoteAddress":"::1"},"res":{"statusCode":304},"responseTime":908,"msg":"GET /me 304"}
{"level":30,"time":"2026-09-19T19:35:48.469Z","service":"reddington-server","env":"development","req":{"id":"d9443ad0-31d1-47ad-a062-58b1d6053858","method":"GET","url":"/api/notifications/unread-count","remoteAddress":"::1"},"res":{"statusCode":304},"responseTime":635,"msg":"GET /unread-count 304"}
{"level":30,"time":"2026-09-19T19:35:49.086Z","service":"reddington-server","env":"development","req":{"id":"2649966d-8d91-4301-8781-8e45f5293127","method":"GET","url":"/api/consents/me","remoteAddress":"::1"},"res":{"statusCode":304},"responseTime":607,"msg":"GET /me 304"}
{"level":30,"time":"2026-09-19T19:35:50.335Z","service":"reddington-server","env":"development","req":{"id":"2d10984e-4121-4472-807d-dee5b4634f2e","method":"GET","url":"/api/cart","remoteAddress":"::1"},"res":{"statusCode":304},"responseTime":2694,"msg":"GET / 304"}
{"level":30,"time":"2026-09-19T19:35:50.420Z","service":"reddington-server","env":"development","req":{"id":"d683d05c-f7d7-4fd0-9710-493f5450728c","method":"GET","url":"/api/products?sort=rating&limit=8","remoteAddress":"::1"},"res":{"statusCode":304},"responseTime":2782,"msg":"GET /?sort=rating&limit=8 304"}
{"level":30,"time":"2026-09-19T19:35:50.423Z","service":"reddington-server","env":"development","req":{"id":"ab8c4efd-a52c-4285-8261-c7ab8e386db3","method":"GET","url":"/api/consents/purposes","remoteAddress":"::1"},"res":{"statusCode":304},"responseTime":2796,"msg":"GET /purposes 304"}
{"level":30,"time":"2026-09-19T19:35:50.433Z","service":"reddington-server","env":"development","req":{"id":"e95eff7c-1fdc-49d3-ac31-e22b77a0aa0d","method":"GET","url":"/api/users/wishlist","remoteAddress":"::1"},"res":{"statusCode":304},"responseTime":2789,"msg":"GET /wishlist 304"}
{"level":40,"time":"2026-09-19T19:35:50.478Z","service":"reddington-server","env":"development","req":{"id":"1d3f878f-398f-4280-b4f0-2933bc87a85e","method":"GET","url":"/api/recommendations","remoteAddress":"::1"},"res":{"statusCode":403},"responseTime":2848,"msg":"GET / 403"}
{"level":30,"time":"2026-09-19T19:35:50.868Z","service":"reddington-server","env":"development","req":{"id":"6e48b73d-3234-4d45-9bec-2bf49c321a98","method":"GET","url":"/api/consents/purposes","remoteAddress":"::1"},"res":{"statusCode":null},"responseTime":283,"msg":"GET /purposes 200"}
{"level":30,"time":"2026-09-19T19:35:52.210Z","service":"reddington-server","env":"development","req":{"id":"73b78093-f81f-4bfe-9bea-8f945012cd06","method":"GET","url":"/api/auth/me","remoteAddress":"::1"},"res":{"statusCode":304},"responseTime":1214,"msg":"GET /me 304"}
{"level":30,"time":"2026-09-19T19:35:52.830Z","service":"reddington-server","env":"development","req":{"id":"2b346caa-2f0a-4f10-81fc-40094ce6d15c","method":"GET","url":"/api/consents/me","remoteAddress":"::1"},"res":{"statusCode":304},"responseTime":611,"msg":"GET /me 304"}
{"level":30,"time":"2026-09-19T19:35:53.140Z","service":"reddington-server","env":"development","req":{"id":"7cc0d2b7-8598-479b-8b3f-c0273300e014","method":"GET","url":"/api/auth/me","remoteAddress":"::1"},"res":{"statusCode":304},"responseTime":924,"msg":"GET /me 304"}
{"level":30,"time":"2026-09-19T19:35:53.478Z","service":"reddington-server","env":"development","req":{"id":"247bbc43-07c7-4159-85b4-293d1e331ce5","method":"GET","url":"/api/cart","remoteAddress":"::1"},"res":{"statusCode":304},"responseTime":572,"msg":"GET / 304"}
{"level":40,"time":"2026-09-19T19:35:53.492Z","service":"reddington-server","env":"development","req":{"id":"5e40cd48-a179-4fd5-9499-a6328bc490ac","method":"GET","url":"/api/recommendations","remoteAddress":"::1"},"res":{"statusCode":403},"responseTime":592,"msg":"GET / 403"}
{"level":30,"time":"2026-09-19T19:35:53.494Z","service":"reddington-server","env":"development","req":{"id":"3d10e067-78fb-4c81-8c43-ee72b77af194","method":"GET","url":"/api/products?sort=rating&limit=8","remoteAddress":"::1"},"res":{"statusCode":304},"responseTime":593,"msg":"GET /?sort=rating&limit=8 304"}
{"level":30,"time":"2026-09-19T19:35:53.496Z","service":"reddington-server","env":"development","req":{"id":"dcdbd1f2-0864-4244-9083-05e5e68806d8","method":"GET","url":"/api/users/wishlist","remoteAddress":"::1"},"res":{"statusCode":304},"responseTime":592,"msg":"GET /wishlist 304"}
{"level":30,"time":"2026-09-19T19:35:53.498Z","service":"reddington-server","env":"development","req":{"id":"ef343f84-f5a7-416b-9f7a-cb12de6775f3","method":"GET","url":"/api/consents/purposes","remoteAddress":"::1"},"res":{"statusCode":200},"responseTime":610,"msg":"GET /purposes 200"}
{"level":30,"time":"2026-09-19T19:35:53.759Z","service":"reddington-server","env":"development","req":{"id":"6cef187f-4410-494a-a3ce-05ed53ca49f9","method":"GET","url":"/api/notifications/unread-count","remoteAddress":"::1"},"res":{"statusCode":304},"responseTime":612,"msg":"GET /unread-count 304"}
{"level":30,"time":"2026-09-19T19:35:53.783Z","service":"reddington-server","env":"development","req":{"id":"8048d86b-59ee-4a94-9783-885afef00dcf","method":"GET","url":"/api/consents/me","remoteAddress":"::1"},"res":{"statusCode":304},"responseTime":298,"msg":"GET /me 304"}
{"level":30,"time":"2026-09-19T19:35:53.834Z","service":"reddington-server","env":"development","req":{"id":"9382a07e-73aa-4afc-95d6-d4cf138d2f38","method":"GET","url":"/api/consents/purposes","remoteAddress":"::1"},"res":{"statusCode":304},"responseTime":299,"msg":"GET /purposes 304"}
{"level":30,"time":"2026-09-19T19:36:24.374Z","service":"reddington-server","env":"development","req":{"id":"a31ce10b-e4cd-43fc-8325-22c1cb672dd4","method":"GET","url":"/api/notifications/unread-count","remoteAddress":"::1"},"res":{"statusCode":304},"responseTime":585,"msg":"GET /unread-count 304"}
{"level":30,"time":"2026-09-19T19:36:54.740Z","service":"reddington-server","env":"development","req":{"id":"0fd7d78e-d50f-4691-96e0-2f56316eaf3d","method":"GET","url":"/api/notifications/unread-count","remoteAddress":"::1"},"res":{"statusCode":304},"responseTime":301,"msg":"GET /unread-count 304"}
{"level":30,"time":"2026-09-19T19:37:25.075Z","service":"reddington-server","env":"development","req":{"id":"2402dc95-020b-4622-8c94-ca76afe37952","method":"GET","url":"/api/notifications/unread-count","remoteAddress":"::1"},"res":{"statusCode":304},"responseTime":306,"msg":"GET /unread-count 304"}
{"level":30,"time":"2026-09-19T19:38:25.403Z","service":"reddington-server","env":"development","req":{"id":"d314e62d-7a8e-4b3c-85ea-d0c4b361b087","method":"GET","url":"/api/notifications/unread-count","remoteAddress":"::1"},"res":{"statusCode":304},"responseTime":305,"msg":"GET /unread-count 304"}
{"level":30,"time":"2026-09-19T19:38:47.243Z","service":"reddington-server","env":"development","req":{"id":"c4018553-f24f-4f45-a88e-568671c27936","method":"POST","url":"/api/auth/logout","remoteAddress":"::1"},"res":{"statusCode":200},"responseTime":2,"msg":"POST /logout 200"}
{"level":40,"time":"2026-09-19T19:38:50.609Z","service":"reddington-server","env":"development","req":{"id":"bd845a42-eb64-446c-80e9-af85d63f146c","method":"GET","url":"/api/auth/me","remoteAddress":"::1"},"res":{"statusCode":401},"responseTime":1,"msg":"GET /me 401"}
{"level":40,"time":"2026-09-19T19:38:50.615Z","service":"reddington-server","env":"development","req":{"id":"c8415ce4-286d-4352-985b-820db4004bfd","method":"GET","url":"/api/auth/me","remoteAddress":"::1"},"res":{"statusCode":401},"responseTime":1,"msg":"GET /me 401"}
{"level":30,"time":"2026-09-19T19:39:00.845Z","service":"reddington-server","env":"development","port":"5000","msg":"reddington server listening on http://localhost:5000"}
{"level":30,"time":"2026-09-19T19:39:00.846Z","service":"reddington-server","env":"development","module":"dsar-worker","intervalMs":30000,"msg":"started"}
{"level":30,"time":"2026-09-19T19:39:26.528Z","service":"reddington-server","env":"development","port":"5000","msg":"reddington server listening on http://localhost:5000"}
{"level":30,"time":"2026-09-19T19:39:26.529Z","service":"reddington-server","env":"development","module":"dsar-worker","intervalMs":30000,"msg":"started"}
{"level":40,"time":"2026-09-19T19:39:35.183Z","service":"reddington-server","env":"development","req":{"id":"9a5cc810-e940-4ae5-8d74-1d0fed137c0f","method":"GET","url":"/api/auth/me","remoteAddress":"::1"},"res":{"statusCode":401},"responseTime":12,"msg":"GET /me 401"}
{"level":40,"time":"2026-09-19T19:39:35.200Z","service":"reddington-server","env":"development","req":{"id":"dfe0bc0f-1250-427b-bdb0-01b6e7d096c7","method":"GET","url":"/api/auth/me","remoteAddress":"::1"},"res":{"statusCode":401},"responseTime":2,"msg":"GET /me 401"}
{"level":40,"time":"2026-09-19T19:40:16.635Z","service":"reddington-server","env":"development","req":{"id":"bce011f5-3888-4685-8862-971a680b79c0","method":"POST","url":"/api/auth/login","remoteAddress":"::1"},"err":{"type":"Object","message":"invalid_credentials","stack":"","status":401},"msg":"client error"}
{"level":40,"time":"2026-09-19T19:40:16.637Z","service":"reddington-server","env":"development","req":{"id":"bce011f5-3888-4685-8862-971a680b79c0","method":"POST","url":"/api/auth/login","remoteAddress":"::1"},"res":{"statusCode":401},"responseTime":1087,"msg":"POST /api/auth/login 401"}
{"level":30,"time":"2026-09-19T19:40:29.084Z","service":"reddington-server","env":"development","req":{"id":"6893c633-c98e-4887-9580-1b01eb8742ac","method":"POST","url":"/api/auth/login","remoteAddress":"::1"},"res":{"statusCode":200},"responseTime":3345,"msg":"POST /login 200"}
{"level":30,"time":"2026-09-19T19:40:29.730Z","service":"reddington-server","env":"development","req":{"id":"42ec4088-8ec8-4d57-ac55-8e1fd0079f4f","method":"GET","url":"/api/consents/me","remoteAddress":"::1"},"res":{"statusCode":304},"responseTime":635,"msg":"GET /me 304"}
{"level":40,"time":"2026-09-19T19:40:30.419Z","service":"reddington-server","env":"development","req":{"id":"9c3ebf0f-efac-4b68-8eac-11e1db3125f1","method":"GET","url":"/api/recommendations","remoteAddress":"::1"},"res":{"statusCode":403},"responseTime":609,"msg":"GET / 403"}
{"level":30,"time":"2026-09-19T19:40:30.440Z","service":"reddington-server","env":"development","req":{"id":"b6149c23-6249-4f55-bc6a-49cd3b62d7d4","method":"GET","url":"/api/consents/purposes","remoteAddress":"::1"},"res":{"statusCode":304},"responseTime":632,"msg":"GET /purposes 304"}
{"level":30,"time":"2026-09-19T19:40:30.770Z","service":"reddington-server","env":"development","req":{"id":"cbe0dc8b-9787-430d-9697-af207283b758","method":"GET","url":"/api/consents/purposes","remoteAddress":"::1"},"res":{"statusCode":304},"responseTime":315,"msg":"GET /purposes 304"}
{"level":30,"time":"2026-09-19T19:40:32.421Z","service":"reddington-server","env":"development","req":{"id":"f9ad2da3-84d9-41f0-a2ce-1b495e236e1f","method":"GET","url":"/api/users/wishlist","remoteAddress":"::1"},"res":{"statusCode":304},"responseTime":2594,"msg":"GET /wishlist 304"}
{"level":30,"time":"2026-09-19T19:40:32.425Z","service":"reddington-server","env":"development","req":{"id":"79a3e5c7-4b34-4e8b-83fd-a034615dfb28","method":"GET","url":"/api/notifications/unread-count","remoteAddress":"::1"},"res":{"statusCode":304},"responseTime":2594,"msg":"GET /unread-count 304"}
{"level":30,"time":"2026-09-19T19:40:32.439Z","service":"reddington-server","env":"development","req":{"id":"5f5eb9a1-a243-48f7-bd2b-10525a5504cf","method":"GET","url":"/api/cart","remoteAddress":"::1"},"res":{"statusCode":304},"responseTime":2609,"msg":"GET / 304"}
{"level":30,"time":"2026-09-19T19:40:32.479Z","service":"reddington-server","env":"development","req":{"id":"8eb68367-cb4b-4cac-bfcc-51061e9c1c14","method":"GET","url":"/api/products?sort=rating&limit=8","remoteAddress":"::1"},"res":{"statusCode":304},"responseTime":2658,"msg":"GET /?sort=rating&limit=8 304"}
{"level":30,"time":"2026-09-19T19:41:03.054Z","service":"reddington-server","env":"development","req":{"id":"e336d3bb-790b-4876-9d9e-0a23375af9ba","method":"GET","url":"/api/notifications/unread-count","remoteAddress":"::1"},"res":{"statusCode":304},"responseTime":602,"msg":"GET /unread-count 304"}
{"level":30,"time":"2026-09-19T19:42:33.381Z","service":"reddington-server","env":"development","req":{"id":"2f796a8d-2527-4604-9ec5-a586d4313c48","method":"GET","url":"/api/notifications/unread-count","remoteAddress":"::1"},"res":{"statusCode":304},"responseTime":300,"msg":"GET /unread-count 304"}
{"level":30,"time":"2026-09-19T19:46:59.949Z","service":"reddington-server","env":"development","req":{"id":"04836477-6fad-4b4d-a236-7a710f47e2a1","method":"GET","url":"/api/auth/me","remoteAddress":"::1"},"res":{"statusCode":304},"responseTime":3447,"msg":"GET /me 304"}
{"level":30,"time":"2026-09-19T19:47:00.576Z","service":"reddington-server","env":"development","req":{"id":"ab9c023a-62be-49e0-830f-8ac99d91a829","method":"GET","url":"/api/consents/me","remoteAddress":"::1"},"res":{"statusCode":304},"responseTime":614,"msg":"GET /me 304"}
{"level":30,"time":"2026-09-19T19:47:00.815Z","service":"reddington-server","env":"development","req":{"id":"dc7493d9-9469-4962-9464-0e2f4ce82854","method":"GET","url":"/api/auth/me","remoteAddress":"::1"},"res":{"statusCode":304},"responseTime":859,"msg":"GET /me 304"}
{"level":30,"time":"2026-09-19T19:47:01.300Z","service":"reddington-server","env":"development","req":{"id":"f20cbafd-036e-4a9a-9ac2-cd8397831009","method":"GET","url":"/api/consents/purposes","remoteAddress":"::1"},"res":{"statusCode":304},"responseTime":617,"msg":"GET /purposes 304"}
{"level":30,"time":"2026-09-19T19:47:01.390Z","service":"reddington-server","env":"development","req":{"id":"297675ed-9f1b-4289-98fa-668cc73d4e69","method":"GET","url":"/api/notifications/unread-count","remoteAddress":"::1"},"res":{"statusCode":304},"responseTime":568,"msg":"GET /unread-count 304"}
{"level":30,"time":"2026-09-19T19:47:01.619Z","service":"reddington-server","env":"development","req":{"id":"a41fab3b-db7b-447f-a8bb-f824b4203875","method":"GET","url":"/api/consents/me","remoteAddress":"::1"},"res":{"statusCode":304},"responseTime":313,"msg":"GET /me 304"}
{"level":40,"time":"2026-09-19T19:47:03.350Z","service":"reddington-server","env":"development","req":{"id":"b23077a6-148e-43fa-bc71-3b96a9162fec","method":"GET","url":"/api/recommendations","remoteAddress":"::1"},"res":{"statusCode":403},"responseTime":2664,"msg":"GET / 403"}
{"level":30,"time":"2026-09-19T19:47:03.351Z","service":"reddington-server","env":"development","req":{"id":"1643e1d4-d30e-41b4-a965-a14a775685ca","method":"GET","url":"/api/users/wishlist","remoteAddress":"::1"},"res":{"statusCode":304},"responseTime":2655,"msg":"GET /wishlist 304"}
{"level":30,"time":"2026-09-19T19:47:03.390Z","service":"reddington-server","env":"development","req":{"id":"230abd10-b8f7-49a3-b909-0be4ee398b98","method":"GET","url":"/api/products?sort=rating&limit=8","remoteAddress":"::1"},"res":{"statusCode":304},"responseTime":2698,"msg":"GET /?sort=rating&limit=8 304"}
{"level":30,"time":"2026-09-19T19:47:03.429Z","service":"reddington-server","env":"development","req":{"id":"15150ed9-9d73-4356-bd9f-a1b39d5f815f","method":"GET","url":"/api/cart","remoteAddress":"::1"},"res":{"statusCode":304},"responseTime":2725,"msg":"GET / 304"}
{"level":30,"time":"2026-09-19T19:47:03.990Z","service":"reddington-server","env":"development","req":{"id":"adc51b31-7b5c-404b-b5f2-46d0335a4622","method":"GET","url":"/api/consents/purposes","remoteAddress":"::1"},"res":{"statusCode":304},"responseTime":598,"msg":"GET /purposes 304"}
{"level":30,"time":"2026-09-19T19:50:08.049Z","service":"reddington-server","env":"development","req":{"id":"c46e2cf6-5b52-4327-9d62-e20070f8b98a","method":"GET","url":"/api/consents/purposes","remoteAddress":"::1"},"res":{"statusCode":304},"responseTime":589,"msg":"GET /purposes 304"}
{"level":30,"time":"2026-09-19T19:50:08.339Z","service":"reddington-server","env":"development","req":{"id":"954bd98a-8c18-4f05-9d2d-501eff84cccd","method":"GET","url":"/api/cart","remoteAddress":"::1"},"res":{"statusCode":304},"responseTime":856,"msg":"GET / 304"}
{"level":30,"time":"2026-09-19T19:50:08.348Z","service":"reddington-server","env":"development","req":{"id":"62212fda-4499-4e0e-a243-df01e66dfebd","method":"GET","url":"/api/products?sort=rating&limit=8","remoteAddress":"::1"},"res":{"statusCode":304},"responseTime":876,"msg":"GET /?sort=rating&limit=8 304"}
{"level":40,"time":"2026-09-19T19:50:08.349Z","service":"reddington-server","env":"development","req":{"id":"26d3a0fb-982f-43e9-991b-d66243cc352e","method":"GET","url":"/api/recommendations","remoteAddress":"::1"},"res":{"statusCode":403},"responseTime":882,"msg":"GET / 403"}
{"level":30,"time":"2026-09-19T19:50:08.354Z","service":"reddington-server","env":"development","req":{"id":"b51a9d24-fc0b-46e8-a043-a8ca937f7f10","method":"GET","url":"/api/notifications/unread-count","remoteAddress":"::1"},"res":{"statusCode":304},"responseTime":867,"msg":"GET /unread-count 304"}
{"level":30,"time":"2026-09-19T19:50:08.408Z","service":"reddington-server","env":"development","req":{"id":"37ea25b2-db8c-4d7c-b048-7743e8f7cca0","method":"GET","url":"/api/users/wishlist","remoteAddress":"::1"},"res":{"statusCode":304},"responseTime":931,"msg":"GET /wishlist 304"}
{"level":30,"time":"2026-09-19T19:50:08.774Z","service":"reddington-server","env":"development","req":{"id":"33d5b833-27f5-4fde-9fa4-8db5253acf3b","method":"GET","url":"/api/consents/purposes","remoteAddress":"::1"},"res":{"statusCode":304},"responseTime":319,"msg":"GET /purposes 304"}
{"level":30,"time":"2026-09-19T19:50:09.224Z","service":"reddington-server","env":"development","req":{"id":"28b3e56b-60e7-4d9c-aee9-1fa620e0f24f","method":"GET","url":"/api/auth/me","remoteAddress":"::1"},"res":{"statusCode":304},"responseTime":1167,"msg":"GET /me 304"}
{"level":30,"time":"2026-09-19T19:50:09.844Z","service":"reddington-server","env":"development","req":{"id":"8582619a-8067-4414-8c7d-3bc79a1bae4d","method":"GET","url":"/api/consents/me","remoteAddress":"::1"},"res":{"statusCode":304},"responseTime":604,"msg":"GET /me 304"}
{"level":30,"time":"2026-09-19T19:50:11.029Z","service":"reddington-server","env":"development","req":{"id":"9e4d3494-e08b-4210-bac5-2acfdee937b5","method":"GET","url":"/api/users/wishlist","remoteAddress":"::1"},"res":{"statusCode":304},"responseTime":573,"msg":"GET /wishlist 304"}
{"level":30,"time":"2026-09-19T19:50:11.029Z","service":"reddington-server","env":"development","req":{"id":"e0712aa2-a440-48d2-890f-09867aeccc78","method":"GET","url":"/api/cart","remoteAddress":"::1"},"res":{"statusCode":304},"responseTime":569,"msg":"GET / 304"}
{"level":30,"time":"2026-09-19T19:50:11.052Z","service":"reddington-server","env":"development","req":{"id":"b2b4684d-20c4-462d-9aa6-bffeb34ced4f","method":"GET","url":"/api/products?sort=rating&limit=8","remoteAddress":"::1"},"res":{"statusCode":304},"responseTime":601,"msg":"GET /?sort=rating&limit=8 304"}
{"level":30,"time":"2026-09-19T19:50:11.053Z","service":"reddington-server","env":"development","req":{"id":"aa6d88a6-5864-49f2-b773-2b81ff8e0cbe","method":"GET","url":"/api/notifications/unread-count","remoteAddress":"::1"},"res":{"statusCode":304},"responseTime":590,"msg":"GET /unread-count 304"}
{"level":30,"time":"2026-09-19T19:50:11.054Z","service":"reddington-server","env":"development","req":{"id":"ba2b7bf9-fb21-452a-91b6-aab1bafb089d","method":"GET","url":"/api/consents/purposes","remoteAddress":"::1"},"res":{"statusCode":304},"responseTime":612,"msg":"GET /purposes 304"}
{"level":40,"time":"2026-09-19T19:50:11.065Z","service":"reddington-server","env":"development","req":{"id":"38b245c5-c879-4d94-b13f-a5706f17afa8","method":"GET","url":"/api/recommendations","remoteAddress":"::1"},"res":{"statusCode":403},"responseTime":619,"msg":"GET / 403"}
{"level":30,"time":"2026-09-19T19:50:11.841Z","service":"reddington-server","env":"development","req":{"id":"be6bc22e-789b-4144-9321-43f300c217cc","method":"GET","url":"/api/consents/purposes","remoteAddress":"::1"},"res":{"statusCode":304},"responseTime":624,"msg":"GET /purposes 304"}
{"level":30,"time":"2026-09-19T19:50:12.195Z","service":"reddington-server","env":"development","req":{"id":"45beeac0-17ff-4ec4-bd27-84d80de99318","method":"GET","url":"/api/auth/me","remoteAddress":"::1"},"res":{"statusCode":304},"responseTime":1158,"msg":"GET /me 304"}
{"level":30,"time":"2026-09-19T19:50:12.834Z","service":"reddington-server","env":"development","req":{"id":"3c40d252-f456-4169-9c1a-5b94ee021d2d","method":"GET","url":"/api/users/wishlist","remoteAddress":"::1"},"res":{"statusCode":304},"responseTime":392,"msg":"GET /wishlist 304"}
{"level":30,"time":"2026-09-19T19:50:12.836Z","service":"reddington-server","env":"development","req":{"id":"430bfed2-3fea-4139-8bf5-a545edb5fe2b","method":"GET","url":"/api/consents/purposes","remoteAddress":"::1"},"res":{"statusCode":304},"responseTime":408,"msg":"GET /purposes 304"}
{"level":30,"time":"2026-09-19T19:50:12.837Z","service":"reddington-server","env":"development","req":{"id":"b2b6f266-ccf3-4c36-8a5b-a6e652452872","method":"GET","url":"/api/consents/me","remoteAddress":"::1"},"res":{"statusCode":304},"responseTime":627,"msg":"GET /me 304"}
{"level":30,"time":"2026-09-19T19:50:13.110Z","service":"reddington-server","env":"development","req":{"id":"ef2c0c70-412a-4b2d-b0ed-cd269fdc4137","method":"GET","url":"/api/products?sort=rating&limit=8","remoteAddress":"::1"},"res":{"statusCode":304},"responseTime":671,"msg":"GET /?sort=rating&limit=8 304"}
{"level":30,"time":"2026-09-19T19:50:13.132Z","service":"reddington-server","env":"development","req":{"id":"b03323a7-df5f-4753-9e64-a04e3808c7f0","method":"GET","url":"/api/cart","remoteAddress":"::1"},"res":{"statusCode":304},"responseTime":687,"msg":"GET / 304"}
{"level":40,"time":"2026-09-19T19:50:13.428Z","service":"reddington-server","env":"development","req":{"id":"d92c1353-c631-4bfe-af5b-d6206660bd92","method":"GET","url":"/api/recommendations","remoteAddress":"::1"},"res":{"statusCode":403},"responseTime":994,"msg":"GET / 403"}
{"level":30,"time":"2026-09-19T19:50:13.478Z","service":"reddington-server","env":"development","req":{"id":"70245f0e-812f-41db-9484-eab2234766ef","method":"GET","url":"/api/notifications/unread-count","remoteAddress":"::1"},"res":{"statusCode":304},"responseTime":628,"msg":"GET /unread-count 304"}
{"level":30,"time":"2026-09-19T19:50:13.724Z","service":"reddington-server","env":"development","req":{"id":"1a7378b9-33ed-45dc-800f-de8675aabba4","method":"GET","url":"/api/auth/me","remoteAddress":"::1"},"res":{"statusCode":304},"responseTime":875,"msg":"GET /me 304"}
{"level":30,"time":"2026-09-19T19:50:14.088Z","service":"reddington-server","env":"development","req":{"id":"7e1a2192-bfe8-4a00-aac1-ec488ed31c90","method":"GET","url":"/api/consents/purposes","remoteAddress":"::1"},"res":{"statusCode":304},"responseTime":594,"msg":"GET /purposes 304"}
{"level":30,"time":"2026-09-19T19:50:14.333Z","service":"reddington-server","env":"development","req":{"id":"90a0e874-5715-485f-b045-c0d98a099b79","method":"GET","url":"/api/consents/me","remoteAddress":"::1"},"res":{"statusCode":304},"responseTime":597,"msg":"GET /me 304"}
{"level":30,"time":"2026-09-19T19:50:15.700Z","service":"reddington-server","env":"development","req":{"id":"1a13d93b-33c8-417f-9e24-45617fb33d13","method":"GET","url":"/api/products?sort=rating&limit=8","remoteAddress":"::1"},"res":{"statusCode":304},"responseTime":283,"msg":"GET /?sort=rating&limit=8 304"}
{"level":30,"time":"2026-09-19T19:50:15.713Z","service":"reddington-server","env":"development","req":{"id":"0a60e80c-3ee4-4ef7-b2b4-efdf69f17da8","method":"GET","url":"/api/users/wishlist","remoteAddress":"::1"},"res":{"statusCode":304},"responseTime":291,"msg":"GET /wishlist 304"}
{"level":40,"time":"2026-09-19T19:50:15.719Z","service":"reddington-server","env":"development","req":{"id":"16ac2556-4084-4569-af42-d7b6326c6b9c","method":"GET","url":"/api/recommendations","remoteAddress":"::1"},"res":{"statusCode":403},"responseTime":307,"msg":"GET / 403"}
{"level":30,"time":"2026-09-19T19:50:15.720Z","service":"reddington-server","env":"development","req":{"id":"4e8d6ad4-2eab-4c84-9c3b-2ab522328f6d","method":"GET","url":"/api/cart","remoteAddress":"::1"},"res":{"statusCode":304},"responseTime":294,"msg":"GET / 304"}
{"level":30,"time":"2026-09-19T19:50:15.724Z","service":"reddington-server","env":"development","req":{"id":"4b1fdf14-9087-4309-bcb0-4bdee1f9e1bd","method":"GET","url":"/api/notifications/unread-count","remoteAddress":"::1"},"res":{"statusCode":304},"responseTime":294,"msg":"GET /unread-count 304"}
{"level":30,"time":"2026-09-19T19:50:15.997Z","service":"reddington-server","env":"development","req":{"id":"d3e78128-c1f5-4c9e-9dd7-31ef42ddfb53","method":"GET","url":"/api/consents/purposes","remoteAddress":"::1"},"res":{"statusCode":304},"responseTime":589,"msg":"GET /purposes 304"}
{"level":30,"time":"2026-09-19T19:50:16.274Z","service":"reddington-server","env":"development","req":{"id":"a6adac86-b3fd-44a5-b839-ed9c62ff6f3f","method":"GET","url":"/api/auth/me","remoteAddress":"::1"},"res":{"statusCode":304},"responseTime":567,"msg":"GET /me 304"}
{"level":30,"time":"2026-09-19T19:50:16.609Z","service":"reddington-server","env":"development","req":{"id":"ac1542c2-493a-4793-8383-2c66ca571f9b","method":"GET","url":"/api/consents/purposes","remoteAddress":"::1"},"res":{"statusCode":304},"responseTime":605,"msg":"GET /purposes 304"}
{"level":30,"time":"2026-09-19T19:50:16.895Z","service":"reddington-server","env":"development","req":{"id":"b088c65b-ada7-4423-ac26-b8d99828e34f","method":"GET","url":"/api/consents/me","remoteAddress":"::1"},"res":{"statusCode":304},"responseTime":600,"msg":"GET /me 304"}
{"level":40,"time":"2026-09-19T19:50:17.713Z","service":"reddington-server","env":"development","req":{"id":"b5826c90-d145-4e96-89b6-a82e9aaa9ae2","method":"GET","url":"/api/recommendations","remoteAddress":"::1"},"res":{"statusCode":403},"responseTime":297,"msg":"GET / 403"}
{"level":30,"time":"2026-09-19T19:50:17.718Z","service":"reddington-server","env":"development","req":{"id":"c7dcb908-7698-4e64-a1e7-05bc21bc7e2f","method":"GET","url":"/api/notifications/unread-count","remoteAddress":"::1"},"res":{"statusCode":304},"responseTime":282,"msg":"GET /unread-count 304"}
{"level":30,"time":"2026-09-19T19:50:17.726Z","service":"reddington-server","env":"development","req":{"id":"eb5834a0-13d2-41ed-926a-604422467a13","method":"GET","url":"/api/users/wishlist","remoteAddress":"::1"},"res":{"statusCode":304},"responseTime":300,"msg":"GET /wishlist 304"}
{"level":30,"time":"2026-09-19T19:50:17.989Z","service":"reddington-server","env":"development","req":{"id":"63ec7193-5ece-4428-9c44-535efb34d1d0","method":"GET","url":"/api/consents/purposes","remoteAddress":"::1"},"res":{"statusCode":304},"responseTime":583,"msg":"GET /purposes 304"}
{"level":30,"time":"2026-09-19T19:50:18.024Z","service":"reddington-server","env":"development","req":{"id":"661d5905-6a04-4a5a-a06f-31e40944e24b","method":"GET","url":"/api/cart","remoteAddress":"::1"},"res":{"statusCode":304},"responseTime":593,"msg":"GET / 304"}
{"level":30,"time":"2026-09-19T19:50:18.049Z","service":"reddington-server","env":"development","req":{"id":"3c1a744b-4be8-4bf1-acce-277c45e69413","method":"GET","url":"/api/products?sort=rating&limit=8","remoteAddress":"::1"},"res":{"statusCode":304},"responseTime":627,"msg":"GET /?sort=rating&limit=8 304"}
{"level":30,"time":"2026-09-19T19:50:18.298Z","service":"reddington-server","env":"development","req":{"id":"f8e4524c-3238-46d2-a06a-5d5c5cc680aa","method":"GET","url":"/api/consents/purposes","remoteAddress":"::1"},"res":{"statusCode":304},"responseTime":303,"msg":"GET /purposes 304"}
{"level":30,"time":"2026-09-19T19:50:18.618Z","service":"reddington-server","env":"development","req":{"id":"32d8d4ba-4017-456b-9bb7-19137e40d9c4","method":"GET","url":"/api/auth/me","remoteAddress":"::1"},"res":{"statusCode":304},"responseTime":895,"msg":"GET /me 304"}
{"level":30,"time":"2026-09-19T19:50:19.222Z","service":"reddington-server","env":"development","req":{"id":"b3ef0cd9-76fc-4c32-8cc7-5036724d3c17","method":"GET","url":"/api/consents/me","remoteAddress":"::1"},"res":{"statusCode":304},"responseTime":590,"msg":"GET /me 304"}
{"level":40,"time":"2026-09-19T19:51:20.781Z","service":"reddington-server","env":"development","req":{"id":"95d08752-ed5c-4a30-be44-d521dee528e9","method":"GET","url":"/api/auth/me","remoteAddress":"::1"},"res":{"statusCode":401},"responseTime":1,"msg":"GET /me 401"}
{"level":40,"time":"2026-09-19T19:51:20.789Z","service":"reddington-server","env":"development","req":{"id":"45ac340b-aeb6-41b3-b6ae-7050d1708077","method":"GET","url":"/api/auth/me","remoteAddress":"::1"},"res":{"statusCode":401},"responseTime":1,"msg":"GET /me 401"}
{"level":40,"time":"2026-09-19T19:54:38.752Z","service":"reddington-server","env":"development","req":{"id":"18ff57a8-a0a9-4e0b-be76-4ac32ebbe2e0","method":"GET","url":"/api/recommendations","remoteAddress":"::1"},"res":{"statusCode":403},"responseTime":600,"msg":"GET / 403"}
{"level":30,"time":"2026-09-19T19:54:40.799Z","service":"reddington-server","env":"development","req":{"id":"81f5f2e7-2096-4882-8512-653f3bafe880","method":"GET","url":"/api/cart","remoteAddress":"::1"},"res":{"statusCode":304},"responseTime":2641,"msg":"GET / 304"}
{"level":30,"time":"2026-09-19T19:54:40.918Z","service":"reddington-server","env":"development","req":{"id":"2e12f5ac-06da-4191-87bb-d9a7809c762b","method":"GET","url":"/api/users/wishlist","remoteAddress":"::1"},"res":{"statusCode":304},"responseTime":2762,"msg":"GET /wishlist 304"}
{"level":30,"time":"2026-09-19T19:54:40.918Z","service":"reddington-server","env":"development","req":{"id":"62963c9d-d758-46c6-b472-4c5130feab15","method":"GET","url":"/api/notifications/unread-count","remoteAddress":"::1"},"res":{"statusCode":304},"responseTime":2758,"msg":"GET /unread-count 304"}
{"level":30,"time":"2026-09-19T19:54:40.949Z","service":"reddington-server","env":"development","req":{"id":"f692c016-4672-415f-b2a3-764448c6d7a1","method":"GET","url":"/api/products?sort=rating&limit=8","remoteAddress":"::1"},"res":{"statusCode":304},"responseTime":2795,"msg":"GET /?sort=rating&limit=8 304"}
{"level":30,"time":"2026-09-19T19:54:52.676Z","service":"reddington-server","env":"development","req":{"id":"676e3b41-017d-4fb1-8fec-52a191461f67","method":"GET","url":"/api/auth/me","remoteAddress":"::1"},"res":{"statusCode":304},"responseTime":1286,"msg":"GET /me 304"}
{"level":30,"time":"2026-09-19T19:54:53.293Z","service":"reddington-server","env":"development","req":{"id":"6621b3e9-f3ec-4dd8-909a-12169831bfd3","method":"GET","url":"/api/consents/me","remoteAddress":"::1"},"res":{"statusCode":304},"responseTime":597,"msg":"GET /me 304"}
{"level":30,"time":"2026-09-19T19:54:53.603Z","service":"reddington-server","env":"development","req":{"id":"449b176a-456d-4ba4-981d-dc7d5a17c48c","method":"GET","url":"/api/auth/me","remoteAddress":"::1"},"res":{"statusCode":304},"responseTime":917,"msg":"GET /me 304"}
{"level":30,"time":"2026-09-19T19:54:54.221Z","service":"reddington-server","env":"development","req":{"id":"33abc914-a4ab-4f7c-a670-537b181d860e","method":"GET","url":"/api/consents/me","remoteAddress":"::1"},"res":{"statusCode":304},"responseTime":610,"msg":"GET /me 304"}
{"level":40,"time":"2026-09-19T21:20:53.536Z","service":"reddington-server","env":"development","req":{"id":"5c7c57bc-ce75-40e5-8535-542599aa9098","method":"GET","url":"/api/auth/me","remoteAddress":"::1"},"res":{"statusCode":401},"responseTime":3,"msg":"GET /me 401"}
{"level":40,"time":"2026-09-19T21:20:53.539Z","service":"reddington-server","env":"development","req":{"id":"11c8dcce-b1af-4128-a05a-67fd460ef1b0","method":"GET","url":"/api/auth/me","remoteAddress":"::1"},"res":{"statusCode":401},"responseTime":0,"msg":"GET /me 401"}
{"level":30,"time":"2026-09-19T22:16:34.063Z","service":"reddington-server","env":"development","req":{"id":"5461fef8-fc12-4d5d-b91a-ec78fe1fea4c","method":"GET","url":"/api/auth/me","remoteAddress":"::1"},"res":{"statusCode":304},"responseTime":3307,"msg":"GET /me 304"}
{"level":30,"time":"2026-09-19T22:16:34.646Z","service":"reddington-server","env":"development","req":{"id":"25b62c53-5c62-4243-b042-e4f3759b5ea3","method":"GET","url":"/api/consents/me","remoteAddress":"::1"},"res":{"statusCode":304},"responseTime":572,"msg":"GET /me 304"}
{"level":30,"time":"2026-09-19T22:16:34.968Z","service":"reddington-server","env":"development","req":{"id":"617e4a0f-daa8-48f5-8229-a53963cb0af2","method":"GET","url":"/api/auth/me","remoteAddress":"::1"},"res":{"statusCode":304},"responseTime":899,"msg":"GET /me 304"}
{"level":30,"time":"2026-09-19T22:16:35.561Z","service":"reddington-server","env":"development","req":{"id":"36bd1053-6d01-44ef-841d-33eb0cd9eca0","method":"GET","url":"/api/consents/me","remoteAddress":"::1"},"res":{"statusCode":304},"responseTime":586,"msg":"GET /me 304"}
{"level":50,"time":"2026-09-20T03:35:38.564Z","service":"reddington-server","env":"development","module":"dsar-worker","err":{"type":"PrismaClientKnownRequestError","message":"\nInvalid `prisma.dsarRequest.findMany()` invocation:\n\n\nCan't reach database server at `ep-odd-dawn-aue5pi7n-pooler.c-10.us-east-1.aws.neon.tech:5432`\n\nPlease make sure your database server is running at `ep-odd-dawn-aue5pi7n-pooler.c-10.us-east-1.aws.neon.tech:5432`.","stack":"PrismaClientKnownRequestError: \nInvalid `prisma.dsarRequest.findMany()` invocation:\n\n\nCan't reach database server at `ep-odd-dawn-aue5pi7n-pooler.c-10.us-east-1.aws.neon.tech:5432`\n\nPlease make sure your database server is running at `ep-odd-dawn-aue5pi7n-pooler.c-10.us-east-1.aws.neon.tech:5432`.\n    at ei.handleRequestError (C:\\Users\\subha\\Downloads\\Reddington-demo\\server\\node_modules\\@prisma\\client\\runtime\\library.js:121:7268)\n    at ei.handleAndLogRequestError (C:\\Users\\subha\\Downloads\\Reddington-demo\\server\\node_modules\\@prisma\\client\\runtime\\library.js:121:6593)\n    at ei.request (C:\\Users\\subha\\Downloads\\Reddington-demo\\server\\node_modules\\@prisma\\client\\runtime\\library.js:121:6300)\n    at async a (C:\\Users\\subha\\Downloads\\Reddington-demo\\server\\node_modules\\@prisma\\client\\runtime\\library.js:130:9551)\n    at async processPending (file:///C:/Users/subha/Downloads/Reddington-demo/server/src/modules/dsar/processor.js:268:19)\n    at async Timeout.tick [as _onTimeout] (file:///C:/Users/subha/Downloads/Reddington-demo/server/src/jobs/dsarWorker.js:16:20)","code":"P1001","meta":{"modelName":"DsarRequest","database_location":"ep-odd-dawn-aue5pi7n-pooler.c-10.us-east-1.aws.neon.tech:5432"},"clientVersion":"6.19.3","name":"PrismaClientKnownRequestError"},"msg":"tick failed"}
{"level":50,"time":"2026-09-20T04:51:13.469Z","service":"reddington-server","env":"development","module":"dsar-worker","err":{"type":"PrismaClientKnownRequestError","message":"\nInvalid `prisma.dsarRequest.findMany()` invocation:\n\n\nCan't reach database server at `ep-odd-dawn-aue5pi7n-pooler.c-10.us-east-1.aws.neon.tech:5432`\n\nPlease make sure your database server is running at `ep-odd-dawn-aue5pi7n-pooler.c-10.us-east-1.aws.neon.tech:5432`.","stack":"PrismaClientKnownRequestError: \nInvalid `prisma.dsarRequest.findMany()` invocation:\n\n\nCan't reach database server at `ep-odd-dawn-aue5pi7n-pooler.c-10.us-east-1.aws.neon.tech:5432`\n\nPlease make sure your database server is running at `ep-odd-dawn-aue5pi7n-pooler.c-10.us-east-1.aws.neon.tech:5432`.\n    at ei.handleRequestError (C:\\Users\\subha\\Downloads\\Reddington-demo\\server\\node_modules\\@prisma\\client\\runtime\\library.js:121:7268)\n    at ei.handleAndLogRequestError (C:\\Users\\subha\\Downloads\\Reddington-demo\\server\\node_modules\\@prisma\\client\\runtime\\library.js:121:6593)\n    at ei.request (C:\\Users\\subha\\Downloads\\Reddington-demo\\server\\node_modules\\@prisma\\client\\runtime\\library.js:121:6300)\n    at async a (C:\\Users\\subha\\Downloads\\Reddington-demo\\server\\node_modules\\@prisma\\client\\runtime\\library.js:130:9551)\n    at async processPending (file:///C:/Users/subha/Downloads/Reddington-demo/server/src/modules/dsar/processor.js:268:19)\n    at async Timeout.tick [as _onTimeout] (file:///C:/Users/subha/Downloads/Reddington-demo/server/src/jobs/dsarWorker.js:16:20)","code":"P1001","meta":{"modelName":"DsarRequest","database_location":"ep-odd-dawn-aue5pi7n-pooler.c-10.us-east-1.aws.neon.tech:5432"},"clientVersion":"6.19.3","name":"PrismaClientKnownRequestError"},"msg":"tick failed"}
{"level":30,"time":"2026-09-20T06:08:26.226Z","service":"reddington-server","env":"development","req":{"id":"d6044769-011d-42b4-9d36-c72165b540ef","method":"GET","url":"/api/auth/me","remoteAddress":"::1"},"res":{"statusCode":304},"responseTime":3792,"msg":"GET /me 304"}
{"level":30,"time":"2026-09-20T06:08:26.900Z","service":"reddington-server","env":"development","req":{"id":"7e535781-a600-479d-937b-a9d75227c5e7","method":"GET","url":"/api/consents/me","remoteAddress":"::1"},"res":{"statusCode":304},"responseTime":591,"msg":"GET /me 304"}
{"level":30,"time":"2026-09-20T06:08:58.509Z","service":"reddington-server","env":"development","port":"5000","msg":"reddington server listening on http://localhost:5000"}
{"level":30,"time":"2026-09-20T06:08:58.509Z","service":"reddington-server","env":"development","module":"dsar-worker","intervalMs":30000,"msg":"started"}
{"level":30,"time":"2026-09-20T06:09:05.988Z","service":"reddington-server","env":"development","port":"5000","msg":"reddington server listening on http://localhost:5000"}
{"level":30,"time":"2026-09-20T06:09:05.989Z","service":"reddington-server","env":"development","module":"dsar-worker","intervalMs":30000,"msg":"started"}
{"level":30,"time":"2026-09-20T06:27:54.674Z","service":"reddington-server","env":"development","req":{"id":"2a50369c-14b6-4b22-80b6-169d694a9a58","method":"GET","url":"/api/auth/me","remoteAddress":"::1"},"res":{"statusCode":200},"responseTime":3265,"msg":"GET /me 200"}
{"level":30,"time":"2026-09-20T06:27:55.383Z","service":"reddington-server","env":"development","req":{"id":"2f0c2f6b-6bc5-4f8e-b762-3586abc5d93e","method":"GET","url":"/api/consents/me","remoteAddress":"::1"},"res":{"statusCode":304},"responseTime":693,"msg":"GET /me 304"}
{"level":30,"time":"2026-09-20T06:27:57.653Z","service":"reddington-server","env":"development","req":{"id":"a8c7e7b9-d9bb-4c35-b35e-c408842a9091","method":"GET","url":"/api/auth/me","remoteAddress":"::1"},"res":{"statusCode":304},"responseTime":2971,"msg":"GET /me 304"}
{"level":30,"time":"2026-09-20T06:27:58.233Z","service":"reddington-server","env":"development","req":{"id":"829e0713-8d61-4e08-9316-2bbc2cab95d3","method":"GET","url":"/api/consents/me","remoteAddress":"::1"},"res":{"statusCode":304},"responseTime":565,"msg":"GET /me 304"}
{"level":50,"time":"2026-09-20T07:09:59.494Z","service":"reddington-server","env":"development","module":"dsar-worker","err":{"type":"PrismaClientKnownRequestError","message":"\nInvalid `prisma.dsarRequest.findMany()` invocation:\n\n\nCan't reach database server at `ep-odd-dawn-aue5pi7n-pooler.c-10.us-east-1.aws.neon.tech:5432`\n\nPlease make sure your database server is running at `ep-odd-dawn-aue5pi7n-pooler.c-10.us-east-1.aws.neon.tech:5432`.","stack":"PrismaClientKnownRequestError: \nInvalid `prisma.dsarRequest.findMany()` invocation:\n\n\nCan't reach database server at `ep-odd-dawn-aue5pi7n-pooler.c-10.us-east-1.aws.neon.tech:5432`\n\nPlease make sure your database server is running at `ep-odd-dawn-aue5pi7n-pooler.c-10.us-east-1.aws.neon.tech:5432`.\n    at ei.handleRequestError (C:\\Users\\subha\\Downloads\\Reddington-demo\\server\\node_modules\\@prisma\\client\\runtime\\library.js:121:7268)\n    at ei.handleAndLogRequestError (C:\\Users\\subha\\Downloads\\Reddington-demo\\server\\node_modules\\@prisma\\client\\runtime\\library.js:121:6593)\n    at ei.request (C:\\Users\\subha\\Downloads\\Reddington-demo\\server\\node_modules\\@prisma\\client\\runtime\\library.js:121:6300)\n    at async a (C:\\Users\\subha\\Downloads\\Reddington-demo\\server\\node_modules\\@prisma\\client\\runtime\\library.js:130:9551)\n    at async processPending (file:///C:/Users/subha/Downloads/Reddington-demo/server/src/modules/dsar/processor.js:268:19)\n    at async Timeout.tick [as _onTimeout] (file:///C:/Users/subha/Downloads/Reddington-demo/server/src/jobs/dsarWorker.js:16:20)","code":"P1001","meta":{"modelName":"DsarRequest","database_location":"ep-odd-dawn-aue5pi7n-pooler.c-10.us-east-1.aws.neon.tech:5432"},"clientVersion":"6.19.3","name":"PrismaClientKnownRequestError"},"msg":"tick failed"}
{"level":50,"time":"2026-09-20T07:10:02.220Z","service":"reddington-server","env":"development","req":{"id":"09a59e05-e8c5-4fcb-8bb2-87b83b19649e","method":"GET","url":"/api/auth/me","remoteAddress":"::1"},"userId":"cmu7e59q800005a94khnyrjdw","err":{"type":"PrismaClientKnownRequestError","message":"\nInvalid `prisma.user.findUnique()` invocation:\n\n\nCan't reach database server at `ep-odd-dawn-aue5pi7n-pooler.c-10.us-east-1.aws.neon.tech:5432`\n\nPlease make sure your database server is running at `ep-odd-dawn-aue5pi7n-pooler.c-10.us-east-1.aws.neon.tech:5432`.","stack":"PrismaClientKnownRequestError: \nInvalid `prisma.user.findUnique()` invocation:\n\n\nCan't reach database server at `ep-odd-dawn-aue5pi7n-pooler.c-10.us-east-1.aws.neon.tech:5432`\n\nPlease make sure your database server is running at `ep-odd-dawn-aue5pi7n-pooler.c-10.us-east-1.aws.neon.tech:5432`.\n    at ei.handleRequestError (C:\\Users\\subha\\Downloads\\Reddington-demo\\server\\node_modules\\@prisma\\client\\runtime\\library.js:121:7268)\n    at ei.handleAndLogRequestError (C:\\Users\\subha\\Downloads\\Reddington-demo\\server\\node_modules\\@prisma\\client\\runtime\\library.js:121:6593)\n    at ei.request (C:\\Users\\subha\\Downloads\\Reddington-demo\\server\\node_modules\\@prisma\\client\\runtime\\library.js:121:6300)\n    at async a (C:\\Users\\subha\\Downloads\\Reddington-demo\\server\\node_modules\\@prisma\\client\\runtime\\library.js:130:9551)\n    at async file:///C:/Users/subha/Downloads/Reddington-demo/server/src/modules/auth/routes.js:51:18","code":"P1001","meta":{"modelName":"User","database_location":"ep-odd-dawn-aue5pi7n-pooler.c-10.us-east-1.aws.neon.tech:5432"},"clientVersion":"6.19.3","name":"PrismaClientKnownRequestError"},"status":500,"msg":"unhandled error"}
{"level":50,"time":"2026-09-20T07:10:02.222Z","service":"reddington-server","env":"development","req":{"id":"09a59e05-e8c5-4fcb-8bb2-87b83b19649e","method":"GET","url":"/api/auth/me","remoteAddress":"::1"},"res":{"statusCode":500},"err":{"type":"Error","message":"failed with status code 500","stack":"Error: failed with status code 500\n    at onResFinished (C:\\Users\\subha\\Downloads\\Reddington-demo\\server\\node_modules\\pino-http\\logger.js:115:39)\n    at ServerResponse.onResponseComplete (C:\\Users\\subha\\Downloads\\Reddington-demo\\server\\node_modules\\pino-http\\logger.js:178:14)\n    at ServerResponse.emit (node:events:521:24)\n    at onFinish (node:_http_outgoing:1031:10)\n    at callback (node:internal/streams/writable:763:21)\n    at afterWrite (node:internal/streams/writable:707:5)\n    at afterWriteTick (node:internal/streams/writable:693:10)\n    at process.processTicksAndRejections (node:internal/process/task_queues:89:21)"},"responseTime":6,"msg":"GET /api/auth/me 500 failed with status code 500"}
{"level":50,"time":"2026-09-20T07:10:02.233Z","service":"reddington-server","env":"development","req":{"id":"16ceba43-d06a-4989-b0f7-6bd66ab2a00e","method":"GET","url":"/api/auth/me","remoteAddress":"::1"},"userId":"cmu7e59q800005a94khnyrjdw","err":{"type":"PrismaClientKnownRequestError","message":"\nInvalid `prisma.user.findUnique()` invocation:\n\n\nCan't reach database server at `ep-odd-dawn-aue5pi7n-pooler.c-10.us-east-1.aws.neon.tech:5432`\n\nPlease make sure your database server is running at `ep-odd-dawn-aue5pi7n-pooler.c-10.us-east-1.aws.neon.tech:5432`.","stack":"PrismaClientKnownRequestError: \nInvalid `prisma.user.findUnique()` invocation:\n\n\nCan't reach database server at `ep-odd-dawn-aue5pi7n-pooler.c-10.us-east-1.aws.neon.tech:5432`\n\nPlease make sure your database server is running at `ep-odd-dawn-aue5pi7n-pooler.c-10.us-east-1.aws.neon.tech:5432`.\n    at ei.handleRequestError (C:\\Users\\subha\\Downloads\\Reddington-demo\\server\\node_modules\\@prisma\\client\\runtime\\library.js:121:7268)\n    at ei.handleAndLogRequestError (C:\\Users\\subha\\Downloads\\Reddington-demo\\server\\node_modules\\@prisma\\client\\runtime\\library.js:121:6593)\n    at ei.request (C:\\Users\\subha\\Downloads\\Reddington-demo\\server\\node_modules\\@prisma\\client\\runtime\\library.js:121:6300)\n    at async a (C:\\Users\\subha\\Downloads\\Reddington-demo\\server\\node_modules\\@prisma\\client\\runtime\\library.js:130:9551)\n    at async file:///C:/Users/subha/Downloads/Reddington-demo/server/src/modules/auth/routes.js:51:18","code":"P1001","meta":{"modelName":"User","database_location":"ep-odd-dawn-aue5pi7n-pooler.c-10.us-east-1.aws.neon.tech:5432"},"clientVersion":"6.19.3","name":"PrismaClientKnownRequestError"},"status":500,"msg":"unhandled error"}
{"level":50,"time":"2026-09-20T07:10:02.234Z","service":"reddington-server","env":"development","req":{"id":"16ceba43-d06a-4989-b0f7-6bd66ab2a00e","method":"GET","url":"/api/auth/me","remoteAddress":"::1"},"res":{"statusCode":500},"err":{"type":"Error","message":"failed with status code 500","stack":"Error: failed with status code 500\n    at onResFinished (C:\\Users\\subha\\Downloads\\Reddington-demo\\server\\node_modules\\pino-http\\logger.js:115:39)\n    at ServerResponse.onResponseComplete (C:\\Users\\subha\\Downloads\\Reddington-demo\\server\\node_modules\\pino-http\\logger.js:178:14)\n    at ServerResponse.emit (node:events:521:24)\n    at onFinish (node:_http_outgoing:1031:10)\n    at callback (node:internal/streams/writable:763:21)\n    at afterWrite (node:internal/streams/writable:707:5)\n    at afterWriteTick (node:internal/streams/writable:693:10)\n    at process.processTicksAndRejections (node:internal/process/task_queues:89:21)"},"responseTime":5,"msg":"GET /api/auth/me 500 failed with status code 500"}
{"level":50,"time":"2026-09-20T14:35:29.558Z","service":"reddington-server","env":"development","module":"dsar-worker","err":{"type":"PrismaClientKnownRequestError","message":"\nInvalid `prisma.dsarRequest.findMany()` invocation:\n\n\nCan't reach database server at `ep-odd-dawn-aue5pi7n-pooler.c-10.us-east-1.aws.neon.tech:5432`\n\nPlease make sure your database server is running at `ep-odd-dawn-aue5pi7n-pooler.c-10.us-east-1.aws.neon.tech:5432`.","stack":"PrismaClientKnownRequestError: \nInvalid `prisma.dsarRequest.findMany()` invocation:\n\n\nCan't reach database server at `ep-odd-dawn-aue5pi7n-pooler.c-10.us-east-1.aws.neon.tech:5432`\n\nPlease make sure your database server is running at `ep-odd-dawn-aue5pi7n-pooler.c-10.us-east-1.aws.neon.tech:5432`.\n    at ei.handleRequestError (C:\\Users\\subha\\Downloads\\Reddington-demo\\server\\node_modules\\@prisma\\client\\runtime\\library.js:121:7268)\n    at ei.handleAndLogRequestError (C:\\Users\\subha\\Downloads\\Reddington-demo\\server\\node_modules\\@prisma\\client\\runtime\\library.js:121:6593)\n    at ei.request (C:\\Users\\subha\\Downloads\\Reddington-demo\\server\\node_modules\\@prisma\\client\\runtime\\library.js:121:6300)\n    at async a (C:\\Users\\subha\\Downloads\\Reddington-demo\\server\\node_modules\\@prisma\\client\\runtime\\library.js:130:9551)\n    at async processPending (file:///C:/Users/subha/Downloads/Reddington-demo/server/src/modules/dsar/processor.js:268:19)\n    at async Timeout.tick [as _onTimeout] (file:///C:/Users/subha/Downloads/Reddington-demo/server/src/jobs/dsarWorker.js:16:20)","code":"P1001","meta":{"modelName":"DsarRequest","database_location":"ep-odd-dawn-aue5pi7n-pooler.c-10.us-east-1.aws.neon.tech:5432"},"clientVersion":"6.19.3","name":"PrismaClientKnownRequestError"},"msg":"tick failed"}
{"level":30,"time":"2026-09-20T14:35:44.607Z","service":"reddington-server","env":"development","req":{"id":"d0f432b1-53ac-4d27-9d81-3c9fe3840359","method":"GET","url":"/api/auth/me","remoteAddress":"::1"},"res":{"statusCode":200},"responseTime":7876,"msg":"GET /me 200"}
{"level":30,"time":"2026-09-20T14:35:45.255Z","service":"reddington-server","env":"development","req":{"id":"cbcd3985-7137-483b-90e3-be9a45080ab4","method":"GET","url":"/api/consents/me","remoteAddress":"::1"},"res":{"statusCode":304},"responseTime":630,"msg":"GET /me 304"}
{"level":30,"time":"2026-09-20T14:35:47.972Z","service":"reddington-server","env":"development","req":{"id":"7def0e41-9d14-4bb0-a99d-f809cb2305c9","method":"GET","url":"/api/auth/me","remoteAddress":"::1"},"res":{"statusCode":304},"responseTime":3357,"msg":"GET /me 304"}
{"level":30,"time":"2026-09-20T14:35:48.565Z","service":"reddington-server","env":"development","req":{"id":"802499ad-b965-480d-80d9-227447ba3cb6","method":"GET","url":"/api/consents/me","remoteAddress":"::1"},"res":{"statusCode":304},"responseTime":579,"msg":"GET /me 304"}
{"level":40,"time":"2026-09-20T14:55:18.935Z","service":"reddington-server","env":"development","req":{"id":"afbf932f-3a1b-42a3-9c45-6598ae5ee97f","method":"GET","url":"/api/auth/me","remoteAddress":"::1"},"res":{"statusCode":401},"responseTime":9,"msg":"GET /me 401"}
{"level":40,"time":"2026-09-20T14:55:18.941Z","service":"reddington-server","env":"development","req":{"id":"2d2ca7f2-3808-4ea6-a672-991f61f4e89a","method":"GET","url":"/api/auth/me","remoteAddress":"::1"},"res":{"statusCode":401},"responseTime":1,"msg":"GET /me 401"}
{"level":50,"time":"2026-09-20T14:57:34.943Z","service":"reddington-server","env":"development","module":"dsar-worker","err":{"type":"PrismaClientKnownRequestError","message":"\nInvalid `prisma.dsarRequest.findMany()` invocation:\n\n\nCan't reach database server at `ep-odd-dawn-aue5pi7n-pooler.c-10.us-east-1.aws.neon.tech:5432`\n\nPlease make sure your database server is running at `ep-odd-dawn-aue5pi7n-pooler.c-10.us-east-1.aws.neon.tech:5432`.","stack":"PrismaClientKnownRequestError: \nInvalid `prisma.dsarRequest.findMany()` invocation:\n\n\nCan't reach database server at `ep-odd-dawn-aue5pi7n-pooler.c-10.us-east-1.aws.neon.tech:5432`\n\nPlease make sure your database server is running at `ep-odd-dawn-aue5pi7n-pooler.c-10.us-east-1.aws.neon.tech:5432`.\n    at ei.handleRequestError (C:\\Users\\subha\\Downloads\\Reddington-demo\\server\\node_modules\\@prisma\\client\\runtime\\library.js:121:7268)\n    at ei.handleAndLogRequestError (C:\\Users\\subha\\Downloads\\Reddington-demo\\server\\node_modules\\@prisma\\client\\runtime\\library.js:121:6593)\n    at ei.request (C:\\Users\\subha\\Downloads\\Reddington-demo\\server\\node_modules\\@prisma\\client\\runtime\\library.js:121:6300)\n    at async a (C:\\Users\\subha\\Downloads\\Reddington-demo\\server\\node_modules\\@prisma\\client\\runtime\\library.js:130:9551)\n    at async processPending (file:///C:/Users/subha/Downloads/Reddington-demo/server/src/modules/dsar/processor.js:268:19)\n    at async Timeout.tick [as _onTimeout] (file:///C:/Users/subha/Downloads/Reddington-demo/server/src/jobs/dsarWorker.js:16:20)","code":"P1001","meta":{"modelName":"DsarRequest","database_location":"ep-odd-dawn-aue5pi7n-pooler.c-10.us-east-1.aws.neon.tech:5432"},"clientVersion":"6.19.3","name":"PrismaClientKnownRequestError"},"msg":"tick failed"}
{"level":30,"time":"2026-09-20T15:09:23.627Z","service":"reddington-server","env":"development","port":"5000","msg":"reddington server listening on http://localhost:5000"}
{"level":30,"time":"2026-09-20T15:09:23.628Z","service":"reddington-server","env":"development","module":"dsar-worker","intervalMs":30000,"msg":"started"}
{"level":30,"time":"2026-09-20T15:09:38.198Z","service":"reddington-server","env":"development","port":"5000","msg":"reddington server listening on http://localhost:5000"}
{"level":30,"time":"2026-09-20T15:09:38.199Z","service":"reddington-server","env":"development","module":"dsar-worker","intervalMs":30000,"msg":"started"}
{"level":30,"time":"2026-09-20T15:09:46.565Z","service":"reddington-server","env":"development","req":{"id":"b53579bf-4fb0-480a-b750-cfba3577010a","method":"GET","url":"/api/auth/me","remoteAddress":"::1"},"res":{"statusCode":304},"responseTime":5970,"msg":"GET /me 304"}
{"level":30,"time":"2026-09-20T15:09:47.169Z","service":"reddington-server","env":"development","req":{"id":"7aad089b-c1cd-44de-88fd-a15f1e975873","method":"GET","url":"/api/consents/me","remoteAddress":"::1"},"res":{"statusCode":304},"responseTime":585,"msg":"GET /me 304"}
{"level":30,"time":"2026-09-20T15:09:47.478Z","service":"reddington-server","env":"development","req":{"id":"8b990f4a-a78b-4096-adea-29f15bb3f57f","method":"GET","url":"/api/auth/me","remoteAddress":"::1"},"res":{"statusCode":304},"responseTime":902,"msg":"GET /me 304"}
{"level":30,"time":"2026-09-20T15:09:48.091Z","service":"reddington-server","env":"development","req":{"id":"947a4f2a-7ce4-43bb-a0ec-f07c9a8b0c2f","method":"GET","url":"/api/consents/me","remoteAddress":"::1"},"res":{"statusCode":304},"responseTime":601,"msg":"GET /me 304"}
{"level":30,"time":"2026-09-20T15:09:50.371Z","service":"reddington-server","env":"development","req":{"id":"a8be3a10-68b6-43b3-9ccb-466854d15660","method":"POST","url":"/api/auth/login","remoteAddress":"::1"},"res":{"statusCode":200},"responseTime":3473,"msg":"POST /login 200"}
{"level":30,"time":"2026-09-20T15:09:50.974Z","service":"reddington-server","env":"development","req":{"id":"2716b6eb-a46b-4554-9c21-ec44d3efe2ed","method":"GET","url":"/api/consents/me","remoteAddress":"::1"},"res":{"statusCode":304},"responseTime":591,"msg":"GET /me 304"}
{"level":40,"time":"2026-09-20T15:09:51.645Z","service":"reddington-server","env":"development","req":{"id":"3046a465-ffe4-46b2-a07c-6b3546bc936f","method":"GET","url":"/api/recommendations","remoteAddress":"::1"},"res":{"statusCode":403},"responseTime":602,"msg":"GET / 403"}
{"level":30,"time":"2026-09-20T15:09:51.669Z","service":"reddington-server","env":"development","req":{"id":"bc69234c-1203-445c-a515-649578b0e56f","method":"GET","url":"/api/consents/purposes","remoteAddress":"::1"},"res":{"statusCode":304},"responseTime":629,"msg":"GET /purposes 304"}
{"level":30,"time":"2026-09-20T15:09:52.271Z","service":"reddington-server","env":"development","req":{"id":"42b33a76-2d26-4c00-bc28-a2c03fea5492","method":"GET","url":"/api/consents/purposes","remoteAddress":"::1"},"res":{"statusCode":304},"responseTime":589,"msg":"GET /purposes 304"}
{"level":30,"time":"2026-09-20T15:09:53.739Z","service":"reddington-server","env":"development","req":{"id":"4fcd1559-ff3b-4c52-b9a9-cc4db4fff096","method":"GET","url":"/api/cart","remoteAddress":"::1"},"res":{"statusCode":304},"responseTime":2676,"msg":"GET / 304"}
{"level":30,"time":"2026-09-20T15:09:53.764Z","service":"reddington-server","env":"development","req":{"id":"c73becaa-b5d6-4c65-921a-2c1b42720927","method":"GET","url":"/api/users/wishlist","remoteAddress":"::1"},"res":{"statusCode":304},"responseTime":2703,"msg":"GET /wishlist 304"}
{"level":30,"time":"2026-09-20T15:09:53.781Z","service":"reddington-server","env":"development","req":{"id":"1742db28-aa1a-48e7-8f3a-838e9534664c","method":"GET","url":"/api/notifications/unread-count","remoteAddress":"::1"},"res":{"statusCode":304},"responseTime":2716,"msg":"GET /unread-count 304"}
{"level":30,"time":"2026-09-20T15:09:53.830Z","service":"reddington-server","env":"development","req":{"id":"99373d1b-5540-47a0-bde4-61464a462637","method":"GET","url":"/api/products?sort=rating&limit=8","remoteAddress":"::1"},"res":{"statusCode":304},"responseTime":2774,"msg":"GET /?sort=rating&limit=8 304"}
{"level":40,"time":"2026-09-20T15:27:58.415Z","service":"reddington-server","env":"development","req":{"id":"eeb25f9f-c601-4d11-9e4e-dcbfd02fd33d","method":"GET","url":"/api/auth/me","remoteAddress":"::1"},"res":{"statusCode":401},"responseTime":5,"msg":"GET /me 401"}
{"level":40,"time":"2026-09-20T15:27:58.420Z","service":"reddington-server","env":"development","req":{"id":"4482741b-558c-48b4-bf9c-73c96448d9f5","method":"GET","url":"/api/auth/me","remoteAddress":"::1"},"res":{"statusCode":401},"responseTime":1,"msg":"GET /me 401"}
{"level":30,"time":"2026-09-20T16:18:16.998Z","service":"reddington-server","env":"development","req":{"id":"d1d8c7fc-1bde-4f9e-b3c2-bc91d5f438ed","method":"GET","url":"/api/notifications/unread-count","remoteAddress":"::1"},"res":{"statusCode":null},"responseTime":83,"msg":"GET /unread-count 200"}
{"level":30,"time":"2026-09-20T16:18:21.154Z","service":"reddington-server","env":"development","req":{"id":"4d7f6421-23ee-4687-9f3f-886a4bc88145","method":"GET","url":"/api/auth/me","remoteAddress":"::1"},"res":{"statusCode":304},"responseTime":3806,"msg":"GET /me 304"}
{"level":30,"time":"2026-09-20T16:18:21.861Z","service":"reddington-server","env":"development","req":{"id":"57040071-43c8-4fb9-adb4-1da5ce0b775f","method":"GET","url":"/api/auth/me","remoteAddress":"::1"},"res":{"statusCode":null},"responseTime":700,"msg":"GET /me 200"}
{"level":30,"time":"2026-09-20T16:18:21.863Z","service":"reddington-server","env":"development","req":{"id":"f6a9e164-6002-487e-951b-0a1e4da102c7","method":"GET","url":"/api/consents/me","remoteAddress":"::1"},"res":{"statusCode":null},"responseTime":691,"msg":"GET /me 200"}
{"level":30,"time":"2026-09-20T16:18:25.590Z","service":"reddington-server","env":"development","req":{"id":"d5e9429a-da00-4e7d-b8af-67e49132ad36","method":"GET","url":"/api/auth/me","remoteAddress":"::1"},"res":{"statusCode":200},"responseTime":3572,"msg":"GET /me 200"}
{"level":30,"time":"2026-09-20T16:18:25.905Z","service":"reddington-server","env":"development","req":{"id":"f83e6342-bc10-4e5e-84ae-32d28fb94557","method":"GET","url":"/api/consents/me","remoteAddress":"::1"},"res":{"statusCode":200},"responseTime":289,"msg":"GET /me 200"}
{"level":30,"time":"2026-09-20T16:18:26.205Z","service":"reddington-server","env":"development","req":{"id":"5c0860a2-9b66-4fbf-bd0e-6c8df3b8ffcc","method":"GET","url":"/api/auth/me","remoteAddress":"::1"},"res":{"statusCode":304},"responseTime":591,"msg":"GET /me 304"}
{"level":30,"time":"2026-09-20T16:18:26.841Z","service":"reddington-server","env":"development","req":{"id":"26fb4324-eaac-40d5-81b7-5e7ed925136f","method":"GET","url":"/api/consents/me","remoteAddress":"::1"},"res":{"statusCode":304},"responseTime":624,"msg":"GET /me 304"}
{"level":30,"time":"2026-09-20T16:22:41.834Z","service":"reddington-server","env":"development","req":{"id":"e6266a17-3734-46ee-82df-08b24c91d075","method":"GET","url":"/api/auth/me","remoteAddress":"::1"},"res":{"statusCode":304},"responseTime":891,"msg":"GET /me 304"}
{"level":30,"time":"2026-09-20T16:22:42.138Z","service":"reddington-server","env":"development","req":{"id":"566fc5d4-54d8-4d34-ad85-7f0e0c299d4e","method":"GET","url":"/api/consents/me","remoteAddress":"::1"},"res":{"statusCode":304},"responseTime":297,"msg":"GET /me 304"}
{"level":30,"time":"2026-09-20T16:22:45.061Z","service":"reddington-server","env":"development","req":{"id":"68c87f63-e823-4546-b803-0a4d96603f0a","method":"GET","url":"/api/auth/me","remoteAddress":"::1"},"res":{"statusCode":304},"responseTime":3224,"msg":"GET /me 304"}
{"level":30,"time":"2026-09-20T16:22:45.754Z","service":"reddington-server","env":"development","req":{"id":"aa70710e-0911-4d46-8b00-f75678850843","method":"GET","url":"/api/consents/me","remoteAddress":"::1"},"res":{"statusCode":304},"responseTime":688,"msg":"GET /me 304"}
{"level":40,"time":"2026-09-20T16:23:03.995Z","service":"reddington-server","env":"development","req":{"id":"99069744-79b1-46c6-be6d-03066b0aacfe","method":"GET","url":"/api/auth/me","remoteAddress":"::1"},"res":{"statusCode":401},"responseTime":1,"msg":"GET /me 401"}
{"level":40,"time":"2026-09-20T16:23:03.998Z","service":"reddington-server","env":"development","req":{"id":"f1092128-ff36-4716-b702-f4f3832c6d5b","method":"GET","url":"/api/auth/me","remoteAddress":"::1"},"res":{"statusCode":401},"responseTime":0,"msg":"GET /me 401"}
{"level":30,"time":"2026-09-20T16:23:34.048Z","service":"reddington-server","env":"development","req":{"id":"b7592c4a-ae82-48bb-820f-59afec6c57d2","method":"POST","url":"/api/auth/login","remoteAddress":"::1"},"res":{"statusCode":200},"responseTime":3986,"msg":"POST /login 200"}
{"level":30,"time":"2026-09-20T16:23:34.660Z","service":"reddington-server","env":"development","req":{"id":"b36417e8-df3c-41b4-8dae-1c6e6bd569d9","method":"GET","url":"/api/consents/me","remoteAddress":"::1"},"res":{"statusCode":200},"responseTime":604,"msg":"GET /me 200"}
{"level":30,"time":"2026-09-20T16:23:35.285Z","service":"reddington-server","env":"development","req":{"id":"5dca5e4e-88d7-4351-a76a-70cfc5f598d1","method":"GET","url":"/api/consents/purposes","remoteAddress":"::1"},"res":{"statusCode":200},"responseTime":596,"msg":"GET /purposes 200"}
{"level":40,"time":"2026-09-20T16:23:37.598Z","service":"reddington-server","env":"development","req":{"id":"17afb149-cb88-49e7-9a2d-287ec3e82e32","method":"GET","url":"/api/recommendations","remoteAddress":"::1"},"res":{"statusCode":403},"responseTime":2908,"msg":"GET / 403"}
{"level":30,"time":"2026-09-20T16:23:37.602Z","service":"reddington-server","env":"development","req":{"id":"b120234a-3809-465b-a2ff-082358aa19a6","method":"GET","url":"/api/notifications/unread-count","remoteAddress":"::1"},"res":{"statusCode":200},"responseTime":2903,"msg":"GET /unread-count 200"}
{"level":30,"time":"2026-09-20T16:23:37.603Z","service":"reddington-server","env":"development","req":{"id":"095d0e19-6c0e-4353-8de2-1961947c6ad1","method":"GET","url":"/api/cart","remoteAddress":"::1"},"res":{"statusCode":200},"responseTime":2906,"msg":"GET / 200"}
{"level":30,"time":"2026-09-20T16:23:37.603Z","service":"reddington-server","env":"development","req":{"id":"45feaf82-bec8-4239-add6-bb1359396ea0","method":"GET","url":"/api/users/wishlist","remoteAddress":"::1"},"res":{"statusCode":200},"responseTime":2909,"msg":"GET /wishlist 200"}
{"level":30,"time":"2026-09-20T16:23:37.604Z","service":"reddington-server","env":"development","req":{"id":"ed0e71f3-246c-4cd1-8375-a86e204107b1","method":"GET","url":"/api/products?sort=rating&limit=8","remoteAddress":"::1"},"res":{"statusCode":200},"responseTime":2907,"msg":"GET /?sort=rating&limit=8 200"}
{"level":30,"time":"2026-09-20T16:23:38.220Z","service":"reddington-server","env":"development","req":{"id":"26a5bb06-de6b-4529-a92a-eee5232e9181","method":"GET","url":"/api/consents/purposes","remoteAddress":"::1"},"res":{"statusCode":304},"responseTime":610,"msg":"GET /purposes 304"}
{"level":30,"time":"2026-09-20T16:24:08.603Z","service":"reddington-server","env":"development","req":{"id":"8e84f09e-c381-4d6f-a93a-027a38803b44","method":"GET","url":"/api/notifications/unread-count","remoteAddress":"::1"},"res":{"statusCode":304},"responseTime":976,"msg":"GET /unread-count 304"}
{"level":30,"time":"2026-09-20T16:24:39.236Z","service":"reddington-server","env":"development","req":{"id":"ed300c28-6b5c-420e-bbfe-d7ddb3008843","method":"GET","url":"/api/notifications/unread-count","remoteAddress":"::1"},"res":{"statusCode":304},"responseTime":622,"msg":"GET /unread-count 304"}
{"level":30,"time":"2026-09-20T16:25:09.862Z","service":"reddington-server","env":"development","req":{"id":"5b27e6ef-fb5c-4fcf-8ee9-7cd8029ca01a","method":"GET","url":"/api/notifications/unread-count","remoteAddress":"::1"},"res":{"statusCode":304},"responseTime":615,"msg":"GET /unread-count 304"}
{"level":30,"time":"2026-09-20T16:31:12.070Z","service":"reddington-server","env":"development","req":{"id":"4d2273a0-1298-4dd7-944c-fd89184a10b5","method":"GET","url":"/api/notifications/unread-count","remoteAddress":"::1"},"res":{"statusCode":304},"responseTime":595,"msg":"GET /unread-count 304"}
{"level":30,"time":"2026-09-20T16:31:19.842Z","service":"reddington-server","env":"development","req":{"id":"43a3b39d-571f-40d5-8ab7-10add5974de6","method":"GET","url":"/api/consents/purposes","remoteAddress":"::1"},"res":{"statusCode":304},"responseTime":2868,"msg":"GET /purposes 304"}
{"level":30,"time":"2026-09-20T16:31:19.867Z","service":"reddington-server","env":"development","req":{"id":"c8cb2a85-a797-4b1c-a50b-657cc8eb324e","method":"GET","url":"/api/consents/history","remoteAddress":"::1"},"res":{"statusCode":200},"responseTime":2889,"msg":"GET /history 200"}
{"level":30,"time":"2026-09-20T16:31:28.017Z","service":"reddington-server","env":"development","req":{"id":"825c0603-2a88-4746-a20e-b0494eaeca2d","method":"GET","url":"/api/consents/purposes","remoteAddress":"::1"},"res":{"statusCode":304},"responseTime":620,"msg":"GET /purposes 304"}
{"level":40,"time":"2026-09-20T16:31:28.308Z","service":"reddington-server","env":"development","req":{"id":"2fd3e1c9-622c-41bb-a589-3349960b5099","method":"GET","url":"/api/recommendations","remoteAddress":"::1"},"res":{"statusCode":403},"responseTime":909,"msg":"GET / 403"}
{"level":30,"time":"2026-09-20T16:31:28.943Z","service":"reddington-server","env":"development","req":{"id":"02570b35-86f9-4c4b-b7bf-ce7dd449776a","method":"GET","url":"/api/consents/purposes","remoteAddress":"::1"},"res":{"statusCode":304},"responseTime":603,"msg":"GET /purposes 304"}
{"level":30,"time":"2026-09-20T16:31:30.135Z","service":"reddington-server","env":"development","req":{"id":"89ff2623-f4bb-4bf8-b9bd-67b45a2836cb","method":"GET","url":"/api/users/wishlist","remoteAddress":"::1"},"res":{"statusCode":304},"responseTime":2733,"msg":"GET /wishlist 304"}
{"level":30,"time":"2026-09-20T16:31:30.137Z","service":"reddington-server","env":"development","req":{"id":"d40149a2-9f5a-4b13-9147-c5e3e8951ebc","method":"GET","url":"/api/products?sort=rating&limit=8","remoteAddress":"::1"},"res":{"statusCode":304},"responseTime":2736,"msg":"GET /?sort=rating&limit=8 304"}
{"level":30,"time":"2026-09-20T16:31:31.502Z","service":"reddington-server","env":"development","req":{"id":"39b65432-d4b4-4c51-abbf-44e5682efad9","method":"POST","url":"/api/auth/logout","remoteAddress":"::1"},"res":{"statusCode":200},"responseTime":6,"msg":"POST /logout 200"}
{"level":30,"time":"2026-09-20T16:32:18.397Z","service":"reddington-server","env":"development","req":{"id":"c7064ddf-e208-4765-8db5-c8175a82e200","method":"POST","url":"/api/auth/login","remoteAddress":"::1"},"res":{"statusCode":200},"responseTime":1624,"msg":"POST /login 200"}
{"level":30,"time":"2026-09-20T16:32:19.003Z","service":"reddington-server","env":"development","req":{"id":"a056eff2-df21-48c6-9905-2462fff803cf","method":"GET","url":"/api/consents/me","remoteAddress":"::1"},"res":{"statusCode":304},"responseTime":598,"msg":"GET /me 304"}
{"level":30,"time":"2026-09-20T16:32:19.605Z","service":"reddington-server","env":"development","req":{"id":"f8e3679f-c825-4b8f-a9ad-4284025866f0","method":"GET","url":"/api/products?sort=rating&limit=8","remoteAddress":"::1"},"res":{"statusCode":304},"responseTime":565,"msg":"GET /?sort=rating&limit=8 304"}
{"level":40,"time":"2026-09-20T16:32:19.638Z","service":"reddington-server","env":"development","req":{"id":"8b263282-d9e2-4bca-a873-e07997ed4d09","method":"GET","url":"/api/recommendations","remoteAddress":"::1"},"res":{"statusCode":403},"responseTime":603,"msg":"GET / 403"}
{"level":30,"time":"2026-09-20T16:32:20.003Z","service":"reddington-server","env":"development","req":{"id":"c0fc6176-f62a-4d24-a429-d6a50b177549","method":"GET","url":"/api/cart","remoteAddress":"::1"},"res":{"statusCode":304},"responseTime":961,"msg":"GET / 304"}
{"level":30,"time":"2026-09-20T16:32:20.006Z","service":"reddington-server","env":"development","req":{"id":"0cb459f5-6ef9-49ac-b03e-319aef1c4042","method":"GET","url":"/api/notifications/unread-count","remoteAddress":"::1"},"res":{"statusCode":304},"responseTime":963,"msg":"GET /unread-count 304"}
{"level":30,"time":"2026-09-20T16:32:20.007Z","service":"reddington-server","env":"development","req":{"id":"c132a14f-8fc9-4774-afaf-881f14d6c6ff","method":"GET","url":"/api/users/wishlist","remoteAddress":"::1"},"res":{"statusCode":304},"responseTime":966,"msg":"GET /wishlist 304"}
{"level":30,"time":"2026-09-20T17:01:05.593Z","service":"reddington-server","env":"development","req":{"id":"db44b733-dd88-4bb2-982b-1f4d75974481","method":"GET","url":"/api/notifications/unread-count","remoteAddress":"::1"},"res":{"statusCode":null},"responseTime":77,"msg":"GET /unread-count 200"}
{"level":30,"time":"2026-09-20T17:01:09.631Z","service":"reddington-server","env":"development","req":{"id":"615652a6-e890-46cc-b1d3-ca99bb900330","method":"GET","url":"/api/auth/me","remoteAddress":"::1"},"res":{"statusCode":200},"responseTime":3559,"msg":"GET /me 200"}
{"level":30,"time":"2026-09-20T17:01:09.757Z","service":"reddington-server","env":"development","req":{"id":"bb97d097-4a6e-4f41-9700-4ae6019fcf8f","method":"GET","url":"/api/consents/me","remoteAddress":"::1"},"res":{"statusCode":null},"responseTime":118,"msg":"GET /me 200"}
{"level":30,"time":"2026-09-20T17:01:09.758Z","service":"reddington-server","env":"development","req":{"id":"cb39dce9-fcca-45b2-a42f-4b0d2ee22c56","method":"GET","url":"/api/auth/me","remoteAddress":"::1"},"res":{"statusCode":null},"responseTime":123,"msg":"GET /me 200"}
{"level":30,"time":"2026-09-20T17:01:13.634Z","service":"reddington-server","env":"development","req":{"id":"9ef95371-6f37-4baa-8600-23b8ba43d8a4","method":"GET","url":"/api/auth/me","remoteAddress":"::1"},"res":{"statusCode":200},"responseTime":3483,"msg":"GET /me 200"}
{"level":30,"time":"2026-09-20T17:01:14.275Z","service":"reddington-server","env":"development","req":{"id":"f3bccb6f-9f67-4796-bed9-066c22eafe5e","method":"GET","url":"/api/consents/me","remoteAddress":"::1"},"res":{"statusCode":200},"responseTime":632,"msg":"GET /me 200"}
{"level":30,"time":"2026-09-20T17:01:14.590Z","service":"reddington-server","env":"development","req":{"id":"00d28302-82ad-4860-b36c-bced89f7ffd8","method":"GET","url":"/api/auth/me","remoteAddress":"::1"},"res":{"statusCode":304},"responseTime":951,"msg":"GET /me 304"}
{"level":30,"time":"2026-09-20T17:01:15.184Z","service":"reddington-server","env":"development","req":{"id":"4fb95628-f07a-4085-8cb7-fa0bb7b40bbf","method":"GET","url":"/api/consents/me","remoteAddress":"::1"},"res":{"statusCode":304},"responseTime":587,"msg":"GET /me 304"}
{"level":30,"time":"2026-09-20T17:01:33.315Z","service":"reddington-server","env":"development","req":{"id":"375c3f22-2c52-47aa-bc08-3731d793a4aa","method":"POST","url":"/api/auth/login","remoteAddress":"::1"},"res":{"statusCode":200},"responseTime":1561,"msg":"POST /login 200"}
{"level":30,"time":"2026-09-20T17:01:33.921Z","service":"reddington-server","env":"development","req":{"id":"cda49c25-cad5-4fec-aba4-5919b1b84a83","method":"GET","url":"/api/consents/me","remoteAddress":"::1"},"res":{"statusCode":304},"responseTime":597,"msg":"GET /me 304"}
{"level":30,"time":"2026-09-20T17:01:34.572Z","service":"reddington-server","env":"development","req":{"id":"d222f4ba-b462-429c-8512-0f9a3d02baba","method":"GET","url":"/api/consents/purposes","remoteAddress":"::1"},"res":{"statusCode":304},"responseTime":602,"msg":"GET /purposes 304"}
{"level":40,"time":"2026-09-20T17:01:34.916Z","service":"reddington-server","env":"development","req":{"id":"ca18ddf5-866e-4327-a523-691a21938cb6","method":"GET","url":"/api/recommendations","remoteAddress":"::1"},"res":{"statusCode":403},"responseTime":943,"msg":"GET / 403"}
{"level":30,"time":"2026-09-20T17:01:34.918Z","service":"reddington-server","env":"development","req":{"id":"3f66c9e3-6f4a-4112-9e20-c72cddf7ab06","method":"GET","url":"/api/products?sort=rating&limit=8","remoteAddress":"::1"},"res":{"statusCode":304},"responseTime":943,"msg":"GET /?sort=rating&limit=8 304"}
{"level":30,"time":"2026-09-20T17:01:35.561Z","service":"reddington-server","env":"development","req":{"id":"89b58c01-6511-4b7e-a3d7-b551beb27903","method":"GET","url":"/api/consents/purposes","remoteAddress":"::1"},"res":{"statusCode":304},"responseTime":625,"msg":"GET /purposes 304"}
{"level":30,"time":"2026-09-20T17:01:36.830Z","service":"reddington-server","env":"development","req":{"id":"ee38a3c1-c90d-4ce5-8b4d-a181550cb7d8","method":"GET","url":"/api/users/wishlist","remoteAddress":"::1"},"res":{"statusCode":304},"responseTime":2854,"msg":"GET /wishlist 304"}
{"level":30,"time":"2026-09-20T17:01:36.835Z","service":"reddington-server","env":"development","req":{"id":"d3b6e848-1c2c-4fa7-87f2-0c6e41d42b52","method":"GET","url":"/api/notifications/unread-count","remoteAddress":"::1"},"res":{"statusCode":200},"responseTime":2855,"msg":"GET /unread-count 200"}
{"level":30,"time":"2026-09-20T17:01:36.836Z","service":"reddington-server","env":"development","req":{"id":"90259552-475b-4178-80bb-9addac831210","method":"GET","url":"/api/cart","remoteAddress":"::1"},"res":{"statusCode":304},"responseTime":2857,"msg":"GET / 304"}
{"level":30,"time":"2026-09-20T17:11:44.399Z","service":"reddington-server","env":"development","port":"5000","msg":"reddington server listening on http://localhost:5000"}
{"level":30,"time":"2026-09-20T17:11:44.399Z","service":"reddington-server","env":"development","module":"dsar-worker","intervalMs":30000,"msg":"started"}
{"level":30,"time":"2026-09-20T17:11:48.320Z","service":"reddington-server","env":"development","port":"5000","msg":"reddington server listening on http://localhost:5000"}
{"level":30,"time":"2026-09-20T17:11:48.320Z","service":"reddington-server","env":"development","module":"dsar-worker","intervalMs":30000,"msg":"started"}
{"level":40,"time":"2026-09-20T17:12:11.817Z","service":"reddington-server","env":"development","req":{"id":"04fcbd2d-1180-458c-a934-4dd67edef663","method":"GET","url":"/api/auth/me","remoteAddress":"::1"},"res":{"statusCode":401},"responseTime":9,"msg":"GET /me 401"}
{"level":40,"time":"2026-09-20T17:12:11.822Z","service":"reddington-server","env":"development","req":{"id":"70ab8d12-1ea9-4264-936f-1633a5560608","method":"GET","url":"/api/auth/me","remoteAddress":"::1"},"res":{"statusCode":401},"responseTime":2,"msg":"GET /me 401"}
{"level":40,"time":"2026-09-20T17:12:31.127Z","service":"reddington-server","env":"development","req":{"id":"b193467f-27fa-453f-8404-29358d462638","method":"GET","url":"/api/auth/me","remoteAddress":"::1"},"res":{"statusCode":401},"responseTime":1,"msg":"GET /me 401"}
{"level":40,"time":"2026-09-20T17:12:31.130Z","service":"reddington-server","env":"development","req":{"id":"eed844e1-4bc8-4a01-8de9-7026822da6c2","method":"GET","url":"/api/auth/me","remoteAddress":"::1"},"res":{"statusCode":401},"responseTime":0,"msg":"GET /me 401"}
{"level":30,"time":"2026-09-20T17:20:30.916Z","service":"reddington-server","env":"development","req":{"id":"2fd8e26f-668b-4882-9bd6-c1b723145229","method":"GET","url":"/api/notifications/unread-count","remoteAddress":"::1"},"res":{"statusCode":null},"responseTime":75,"msg":"GET /unread-count 200"}
{"level":30,"time":"2026-09-20T17:20:35.009Z","service":"reddington-server","env":"development","req":{"id":"bfc982b2-39d8-454c-bb09-1ccbed5094a1","method":"GET","url":"/api/auth/me","remoteAddress":"::1"},"res":{"statusCode":304},"responseTime":3741,"msg":"GET /me 304"}
{"level":30,"time":"2026-09-20T17:20:35.601Z","service":"reddington-server","env":"development","req":{"id":"d4f7d2dc-1ddd-483f-8484-4db29cf1354e","method":"GET","url":"/api/consents/me","remoteAddress":"::1"},"res":{"statusCode":304},"responseTime":584,"msg":"GET /me 304"}
{"level":30,"time":"2026-09-20T17:20:38.130Z","service":"reddington-server","env":"development","req":{"id":"2fe69892-fc5f-4b06-8742-b75a678ee606","method":"GET","url":"/api/auth/me","remoteAddress":"::1"},"res":{"statusCode":304},"responseTime":3118,"msg":"GET /me 304"}
{"level":30,"time":"2026-09-20T17:20:38.144Z","service":"reddington-server","env":"development","req":{"id":"4d28551f-8b70-40f3-9769-5128da13fa45","method":"GET","url":"/api/products?sort=rating&limit=8","remoteAddress":"::1"},"res":{"statusCode":null},"responseTime":2510,"msg":"GET /?sort=rating&limit=8 200"}
{"level":30,"time":"2026-09-20T17:20:38.146Z","service":"reddington-server","env":"development","req":{"id":"4ed53ef9-06af-4f82-a138-f36c4dd8f33a","method":"GET","url":"/api/cart","remoteAddress":"::1"},"res":{"statusCode":null},"responseTime":7,"msg":"GET / 200"}
{"level":30,"time":"2026-09-20T17:20:38.147Z","service":"reddington-server","env":"development","req":{"id":"631a1dc5-8c61-4812-95f8-cf37fadf9a1e","method":"GET","url":"/api/users/wishlist","remoteAddress":"::1"},"res":{"statusCode":null},"responseTime":2512,"msg":"GET /wishlist 200"}
{"level":30,"time":"2026-09-20T17:20:38.148Z","service":"reddington-server","env":"development","req":{"id":"ebbcb5ff-79ef-429b-9ef8-db2ff974c394","method":"GET","url":"/api/notifications/unread-count","remoteAddress":"::1"},"res":{"statusCode":null},"responseTime":2512,"msg":"GET /unread-count 200"}
{"level":30,"time":"2026-09-20T17:20:38.148Z","service":"reddington-server","env":"development","req":{"id":"b381cf1d-a76e-46f6-8551-d914a0365ebc","method":"GET","url":"/api/consents/purposes","remoteAddress":"::1"},"res":{"statusCode":null},"responseTime":2518,"msg":"GET /purposes 200"}
{"level":30,"time":"2026-09-20T17:20:38.148Z","service":"reddington-server","env":"development","req":{"id":"d34a2968-ea64-4905-8dc5-d30813715929","method":"GET","url":"/api/recommendations","remoteAddress":"::1"},"res":{"statusCode":null},"responseTime":2516,"msg":"GET / 200"}
{"level":30,"time":"2026-09-20T17:20:39.259Z","service":"reddington-server","env":"development","req":{"id":"20eccb18-064e-4070-968a-253c871c7972","method":"GET","url":"/api/auth/me","remoteAddress":"::1"},"res":{"statusCode":304},"responseTime":920,"msg":"GET /me 304"}
{"level":30,"time":"2026-09-20T17:20:39.557Z","service":"reddington-server","env":"development","req":{"id":"db2f8b0f-42ff-405e-9de3-7af75d102bce","method":"GET","url":"/api/consents/me","remoteAddress":"::1"},"res":{"statusCode":200},"responseTime":291,"msg":"GET /me 200"}
{"level":30,"time":"2026-09-20T17:20:40.162Z","service":"reddington-server","env":"development","req":{"id":"3f8bbcac-e495-4ca8-b724-57a879c283d5","method":"GET","url":"/api/auth/me","remoteAddress":"::1"},"res":{"statusCode":304},"responseTime":899,"msg":"GET /me 304"}
{"level":30,"time":"2026-09-20T17:20:40.178Z","service":"reddington-server","env":"development","req":{"id":"8ff099b4-012c-4241-be54-72bc56206d8f","method":"GET","url":"/api/products?sort=rating&limit=8","remoteAddress":"::1"},"res":{"statusCode":200},"responseTime":586,"msg":"GET /?sort=rating&limit=8 200"}
{"level":30,"time":"2026-09-20T17:20:40.178Z","service":"reddington-server","env":"development","req":{"id":"7b507afe-4eef-4727-b965-14d254a79b34","method":"GET","url":"/api/consents/purposes","remoteAddress":"::1"},"res":{"statusCode":200},"responseTime":593,"msg":"GET /purposes 200"}
{"level":30,"time":"2026-09-20T17:20:40.179Z","service":"reddington-server","env":"development","req":{"id":"aa51b5da-7612-4de2-b55b-195ecf610f1a","method":"GET","url":"/api/users/wishlist","remoteAddress":"::1"},"res":{"statusCode":200},"responseTime":585,"msg":"GET /wishlist 200"}
{"level":40,"time":"2026-09-20T17:20:40.179Z","service":"reddington-server","env":"development","req":{"id":"1f607ecb-8967-424e-aa1e-dc84645ffd3f","method":"GET","url":"/api/recommendations","remoteAddress":"::1"},"res":{"statusCode":403},"responseTime":589,"msg":"GET / 403"}
{"level":30,"time":"2026-09-20T17:20:40.179Z","service":"reddington-server","env":"development","req":{"id":"2885e49c-87e0-46a0-94c5-2263cbd045c3","method":"GET","url":"/api/cart","remoteAddress":"::1"},"res":{"statusCode":200},"responseTime":586,"msg":"GET / 200"}
{"level":30,"time":"2026-09-20T17:20:40.766Z","service":"reddington-server","env":"development","req":{"id":"6b4515aa-e434-4d2c-b27e-3cd96aeeb47e","method":"GET","url":"/api/consents/me","remoteAddress":"::1"},"res":{"statusCode":304},"responseTime":584,"msg":"GET /me 304"}
{"level":30,"time":"2026-09-20T17:20:40.766Z","service":"reddington-server","env":"development","req":{"id":"d287fa80-f276-4503-a7db-087d4a095141","method":"GET","url":"/api/notifications/unread-count","remoteAddress":"::1"},"res":{"statusCode":200},"responseTime":600,"msg":"GET /unread-count 200"}
{"level":30,"time":"2026-09-20T17:20:40.782Z","service":"reddington-server","env":"development","req":{"id":"de0e32fd-aefb-437e-a1bd-d720d697bbde","method":"GET","url":"/api/consents/purposes","remoteAddress":"::1"},"res":{"statusCode":304},"responseTime":586,"msg":"GET /purposes 304"}
{"level":30,"time":"2026-09-20T17:20:45.627Z","service":"reddington-server","env":"development","req":{"id":"cfc9eda2-df0e-4870-a390-5f8ec9bc6bd3","method":"GET","url":"/api/users/profile","remoteAddress":"::1"},"res":{"statusCode":200},"responseTime":1290,"msg":"GET /profile 200"}
{"level":30,"time":"2026-09-20T17:27:29.511Z","service":"reddington-server","env":"development","req":{"id":"5c062970-23ba-42c1-8d92-3841b3270da3","method":"GET","url":"/api/notifications/unread-count","remoteAddress":"::1"},"res":{"statusCode":null},"responseTime":30,"msg":"GET /unread-count 200"}
{"level":30,"time":"2026-09-20T17:27:33.138Z","service":"reddington-server","env":"development","req":{"id":"bd6cf93d-2705-466b-8662-f9658ab93f72","method":"GET","url":"/api/auth/me","remoteAddress":"::1"},"res":{"statusCode":null},"responseTime":3459,"msg":"GET /me 200"}
{"level":30,"time":"2026-09-20T17:28:50.775Z","service":"reddington-server","env":"development","req":{"id":"2049136f-a6b3-4aa7-8526-682e8466e548","method":"GET","url":"/api/auth/me","remoteAddress":"::1"},"res":{"statusCode":200},"responseTime":948,"msg":"GET /me 200"}
{"level":30,"time":"2026-09-20T17:28:51.371Z","service":"reddington-server","env":"development","req":{"id":"c0f4ec65-1b4e-482d-b873-f48b11a296e4","method":"GET","url":"/api/consents/me","remoteAddress":"::1"},"res":{"statusCode":304},"responseTime":587,"msg":"GET /me 304"}
{"level":30,"time":"2026-09-20T17:28:53.978Z","service":"reddington-server","env":"development","req":{"id":"cc883190-7bfb-4e6d-9f64-25c01aaf9525","method":"GET","url":"/api/auth/me","remoteAddress":"::1"},"res":{"statusCode":304},"responseTime":3200,"msg":"GET /me 304"}
{"level":30,"time":"2026-09-20T17:28:54.555Z","service":"reddington-server","env":"development","req":{"id":"102f455f-b3b3-4fe8-8b81-021e7ea6cbbc","method":"GET","url":"/api/consents/me","remoteAddress":"::1"},"res":{"statusCode":304},"responseTime":571,"msg":"GET /me 304"}
{"level":30,"time":"2026-09-20T17:29:14.158Z","service":"reddington-server","env":"development","port":"5000","msg":"reddington server listening on http://localhost:5000"}
{"level":30,"time":"2026-09-20T17:29:14.158Z","service":"reddington-server","env":"development","module":"dsar-worker","intervalMs":30000,"msg":"started"}
{"level":30,"time":"2026-09-20T17:29:31.577Z","service":"reddington-server","env":"development","req":{"id":"057e3341-07b7-48d7-b650-2460a64b71d6","method":"POST","url":"/api/auth/login","remoteAddress":"::1"},"res":{"statusCode":200},"responseTime":6138,"msg":"POST /login 200"}
{"level":30,"time":"2026-09-20T17:29:32.185Z","service":"reddington-server","env":"development","req":{"id":"546c6637-d7fe-4bcd-8b83-0488e43f9fe9","method":"GET","url":"/api/consents/me","remoteAddress":"::1"},"res":{"statusCode":304},"responseTime":601,"msg":"GET /me 304"}
{"level":30,"time":"2026-09-20T17:29:32.863Z","service":"reddington-server","env":"development","req":{"id":"4314b95d-3440-486a-90e5-fbddd0ce791b","method":"GET","url":"/api/consents/purposes","remoteAddress":"::1"},"res":{"statusCode":304},"responseTime":642,"msg":"GET /purposes 304"}
{"level":30,"time":"2026-09-20T17:29:35.060Z","service":"reddington-server","env":"development","req":{"id":"d283d6d9-4c77-42bb-bbad-6066517bbe75","method":"GET","url":"/api/users/wishlist","remoteAddress":"::1"},"res":{"statusCode":304},"responseTime":2833,"msg":"GET /wishlist 304"}
{"level":30,"time":"2026-09-20T17:29:35.061Z","service":"reddington-server","env":"development","req":{"id":"562675f6-82b8-4f8d-afd1-e57b19ca4ef0","method":"GET","url":"/api/cart","remoteAddress":"::1"},"res":{"statusCode":304},"responseTime":2832,"msg":"GET / 304"}
{"level":30,"time":"2026-09-20T17:29:35.062Z","service":"reddington-server","env":"development","req":{"id":"4fdcf82b-dd7b-46c3-8b9f-7539973bbbdb","method":"GET","url":"/api/notifications/unread-count","remoteAddress":"::1"},"res":{"statusCode":200},"responseTime":2832,"msg":"GET /unread-count 200"}
{"level":40,"time":"2026-09-20T17:29:35.066Z","service":"reddington-server","env":"development","req":{"id":"d2de58a1-c8b7-4121-b92d-3e1418199863","method":"GET","url":"/api/recommendations","remoteAddress":"::1"},"res":{"statusCode":403},"responseTime":2843,"msg":"GET / 403"}
{"level":30,"time":"2026-09-20T17:29:35.072Z","service":"reddington-server","env":"development","req":{"id":"e0c8ec0f-ccea-43e9-b0eb-2703aee5ba11","method":"GET","url":"/api/products?sort=rating&limit=8","remoteAddress":"::1"},"res":{"statusCode":304},"responseTime":2846,"msg":"GET /?sort=rating&limit=8 304"}
{"level":30,"time":"2026-09-20T17:29:35.712Z","service":"reddington-server","env":"development","req":{"id":"cba4c58c-8c29-4cdb-ad7d-500d6bffb551","method":"GET","url":"/api/consents/purposes","remoteAddress":"::1"},"res":{"statusCode":304},"responseTime":605,"msg":"GET /purposes 304"}
{"level":30,"time":"2026-09-20T17:29:39.001Z","service":"reddington-server","env":"development","req":{"id":"cb38e6ba-a73a-4247-8186-adf2ec84cb39","method":"GET","url":"/api/users/profile","remoteAddress":"::1"},"res":{"statusCode":304},"responseTime":1212,"msg":"GET /profile 304"}
{"level":30,"time":"2026-09-20T17:30:06.136Z","service":"reddington-server","env":"development","req":{"id":"453ed2fe-148e-4636-aeb6-17cd20417916","method":"GET","url":"/api/notifications/unread-count","remoteAddress":"::1"},"res":{"statusCode":304},"responseTime":1055,"msg":"GET /unread-count 304"}
{"level":30,"time":"2026-09-20T17:31:36.734Z","service":"reddington-server","env":"development","req":{"id":"503e489c-224b-48ca-81ec-e0ddf064ba3e","method":"GET","url":"/api/notifications/unread-count","remoteAddress":"::1"},"res":{"statusCode":304},"responseTime":588,"msg":"GET /unread-count 304"}
