{"level":30,"time":"2026-09-04T12:46:20.604Z","service":"reddington-server","env":"development","port":"5000","msg":"reddington server listening on http://localhost:5000"}
{"level":30,"time":"2026-09-04T12:46:20.605Z","service":"reddington-server","env":"development","module":"dsar-worker","intervalMs":30000,"msg":"started"}
{"level":40,"time":"2026-09-04T12:46:21.549Z","service":"reddington-server","env":"development","req":{"id":"9476400b-244f-4779-842f-4e5a1f0ee7af","method":"POST","url":"/api/auth/login","remoteAddress":"::1"},"err":{"type":"Object","message":"invalid_credentials","stack":"","status":401},"msg":"client error"}
{"level":40,"time":"2026-09-04T12:46:21.553Z","service":"reddington-server","env":"development","req":{"id":"9476400b-244f-4779-842f-4e5a1f0ee7af","method":"POST","url":"/api/auth/login","remoteAddress":"::1"},"res":{"statusCode":401},"responseTime":58,"msg":"POST /api/auth/login 401"}
{"level":40,"time":"2026-09-04T12:46:21.804Z","service":"reddington-server","env":"development","req":{"id":"7c48b043-66d7-4fb0-8c12-6e9ad27a94ab","method":"POST","url":"/api/auth/login","remoteAddress":"::1"},"err":{"type":"Object","message":"invalid_credentials","stack":"","status":401},"msg":"client error"}
{"level":40,"time":"2026-09-04T12:46:21.805Z","service":"reddington-server","env":"development","req":{"id":"7c48b043-66d7-4fb0-8c12-6e9ad27a94ab","method":"POST","url":"/api/auth/login","remoteAddress":"::1"},"res":{"statusCode":401},"responseTime":3,"msg":"POST /api/auth/login 401"}
{"level":40,"time":"2026-09-04T12:46:21.970Z","service":"reddington-server","env":"development","req":{"id":"72a6a67b-e9e3-4bde-926b-395414f54d80","method":"POST","url":"/api/auth/login","remoteAddress":"::1"},"err":{"type":"Object","message":"invalid_credentials","stack":"","status":401},"msg":"client error"}
{"level":40,"time":"2026-09-04T12:46:21.970Z","service":"reddington-server","env":"development","req":{"id":"72a6a67b-e9e3-4bde-926b-395414f54d80","method":"POST","url":"/api/auth/login","remoteAddress":"::1"},"res":{"statusCode":401},"responseTime":2,"msg":"POST /api/auth/login 401"}
{"level":40,"time":"2026-09-04T12:46:22.122Z","service":"reddington-server","env":"development","req":{"id":"f387c462-04e4-45c9-b4ba-2bed2fba23e9","method":"POST","url":"/api/auth/login","remoteAddress":"::1"},"err":{"type":"Object","message":"invalid_credentials","stack":"","status":401},"msg":"client error"}
{"level":40,"time":"2026-09-04T12:46:22.123Z","service":"reddington-server","env":"development","req":{"id":"f387c462-04e4-45c9-b4ba-2bed2fba23e9","method":"POST","url":"/api/auth/login","remoteAddress":"::1"},"res":{"statusCode":401},"responseTime":2,"msg":"POST /api/auth/login 401"}
{"level":40,"time":"2026-09-04T12:46:22.282Z","service":"reddington-server","env":"development","req":{"id":"d452068b-35c5-43c0-9bfe-c247b7959d65","method":"POST","url":"/api/auth/login","remoteAddress":"::1"},"err":{"type":"Object","message":"invalid_credentials","stack":"","status":401},"msg":"client error"}
{"level":40,"time":"2026-09-04T12:46:22.283Z","service":"reddington-server","env":"development","req":{"id":"d452068b-35c5-43c0-9bfe-c247b7959d65","method":"POST","url":"/api/auth/login","remoteAddress":"::1"},"res":{"statusCode":401},"responseTime":2,"msg":"POST /api/auth/login 401"}
{"level":40,"time":"2026-09-04T12:46:22.438Z","service":"reddington-server","env":"development","req":{"id":"3e32688c-e1d6-421a-9f0d-434296d9a085","method":"POST","url":"/api/auth/login","remoteAddress":"::1"},"err":{"type":"Object","message":"invalid_credentials","stack":"","status":401},"msg":"client error"}
{"level":40,"time":"2026-09-04T12:46:22.438Z","service":"reddington-server","env":"development","req":{"id":"3e32688c-e1d6-421a-9f0d-434296d9a085","method":"POST","url":"/api/auth/login","remoteAddress":"::1"},"res":{"statusCode":401},"responseTime":2,"msg":"POST /api/auth/login 401"}
{"level":40,"time":"2026-09-04T12:46:22.598Z","service":"reddington-server","env":"development","req":{"id":"028408bb-2500-43f7-9906-cbd8818463a7","method":"POST","url":"/api/auth/login","remoteAddress":"::1"},"err":{"type":"Object","message":"invalid_credentials","stack":"","status":401},"msg":"client error"}
{"level":40,"time":"2026-09-04T12:46:22.599Z","service":"reddington-server","env":"development","req":{"id":"028408bb-2500-43f7-9906-cbd8818463a7","method":"POST","url":"/api/auth/login","remoteAddress":"::1"},"res":{"statusCode":401},"responseTime":3,"msg":"POST /api/auth/login 401"}
{"level":40,"time":"2026-09-04T12:46:22.764Z","service":"reddington-server","env":"development","req":{"id":"eccf2d81-726e-45aa-8c6a-e89d9519d5b4","method":"POST","url":"/api/auth/login","remoteAddress":"::1"},"err":{"type":"Object","message":"invalid_credentials","stack":"","status":401},"msg":"client error"}
{"level":40,"time":"2026-09-04T12:46:22.765Z","service":"reddington-server","env":"development","req":{"id":"eccf2d81-726e-45aa-8c6a-e89d9519d5b4","method":"POST","url":"/api/auth/login","remoteAddress":"::1"},"res":{"statusCode":401},"responseTime":3,"msg":"POST /api/auth/login 401"}
{"level":40,"time":"2026-09-04T12:46:22.918Z","service":"reddington-server","env":"development","req":{"id":"124c3b00-1fe4-439f-abc0-de32e5f47931","method":"POST","url":"/api/auth/login","remoteAddress":"::1"},"err":{"type":"Object","message":"invalid_credentials","stack":"","status":401},"msg":"client error"}
{"level":40,"time":"2026-09-04T12:46:22.918Z","service":"reddington-server","env":"development","req":{"id":"124c3b00-1fe4-439f-abc0-de32e5f47931","method":"POST","url":"/api/auth/login","remoteAddress":"::1"},"res":{"statusCode":401},"responseTime":2,"msg":"POST /api/auth/login 401"}
{"level":40,"time":"2026-09-04T12:46:23.138Z","service":"reddington-server","env":"development","req":{"id":"dd8004f7-b2fc-47b7-9ac6-99c1b794a512","method":"POST","url":"/api/auth/login","remoteAddress":"::1"},"err":{"type":"Object","message":"invalid_credentials","stack":"","status":401},"msg":"client error"}
{"level":40,"time":"2026-09-04T12:46:23.139Z","service":"reddington-server","env":"development","req":{"id":"dd8004f7-b2fc-47b7-9ac6-99c1b794a512","method":"POST","url":"/api/auth/login","remoteAddress":"::1"},"res":{"statusCode":401},"responseTime":3,"msg":"POST /api/auth/login 401"}
{"level":40,"time":"2026-09-04T12:46:24.489Z","service":"reddington-server","env":"development","req":{"id":"6e1270b0-c1b2-449d-b5ed-0a95dac6b4d7","method":"POST","url":"/api/auth/login","remoteAddress":"::1"},"err":{"type":"Object","message":"invalid_credentials","stack":"","status":401},"msg":"client error"}
{"level":40,"time":"2026-09-04T12:46:24.490Z","service":"reddington-server","env":"development","req":{"id":"6e1270b0-c1b2-449d-b5ed-0a95dac6b4d7","method":"POST","url":"/api/auth/login","remoteAddress":"::1"},"res":{"statusCode":401},"responseTime":3,"msg":"POST /api/auth/login 401"}
{"level":40,"time":"2026-09-04T12:46:25.185Z","service":"reddington-server","env":"development","req":{"id":"0953b2c0-9500-4910-b450-f870d76c899e","method":"POST","url":"/api/auth/login","remoteAddress":"::1"},"err":{"type":"Object","message":"invalid_credentials","stack":"","status":401},"msg":"client error"}
{"level":40,"time":"2026-09-04T12:46:25.185Z","service":"reddington-server","env":"development","req":{"id":"0953b2c0-9500-4910-b450-f870d76c899e","method":"POST","url":"/api/auth/login","remoteAddress":"::1"},"res":{"statusCode":401},"responseTime":2,"msg":"POST /api/auth/login 401"}
{"level":40,"time":"2026-09-04T12:46:25.754Z","service":"reddington-server","env":"development","req":{"id":"bab37760-939f-483d-8f00-a9067afa6b35","method":"POST","url":"/api/auth/login","remoteAddress":"::1"},"err":{"type":"Object","message":"invalid_credentials","stack":"","status":401},"msg":"client error"}
{"level":40,"time":"2026-09-04T12:46:25.754Z","service":"reddington-server","env":"development","req":{"id":"bab37760-939f-483d-8f00-a9067afa6b35","method":"POST","url":"/api/auth/login","remoteAddress":"::1"},"res":{"statusCode":401},"responseTime":2,"msg":"POST /api/auth/login 401"}
{"level":40,"time":"2026-09-04T12:46:26.104Z","service":"reddington-server","env":"development","req":{"id":"cb73ff51-1903-4a6e-9623-78a2d6088402","method":"POST","url":"/api/auth/login","remoteAddress":"::1"},"err":{"type":"Object","message":"invalid_credentials","stack":"","status":401},"msg":"client error"}
{"level":40,"time":"2026-09-04T12:46:26.104Z","service":"reddington-server","env":"development","req":{"id":"cb73ff51-1903-4a6e-9623-78a2d6088402","method":"POST","url":"/api/auth/login","remoteAddress":"::1"},"res":{"statusCode":401},"responseTime":2,"msg":"POST /api/auth/login 401"}
{"level":40,"time":"2026-09-04T12:46:26.260Z","service":"reddington-server","env":"development","req":{"id":"25cfb835-2741-4078-9cbc-6e222421f876","method":"POST","url":"/api/auth/login","remoteAddress":"::1"},"err":{"type":"Object","message":"invalid_credentials","stack":"","status":401},"msg":"client error"}
{"level":40,"time":"2026-09-04T12:46:26.261Z","service":"reddington-server","env":"development","req":{"id":"25cfb835-2741-4078-9cbc-6e222421f876","method":"POST","url":"/api/auth/login","remoteAddress":"::1"},"res":{"statusCode":401},"responseTime":2,"msg":"POST /api/auth/login 401"}
{"level":40,"time":"2026-09-04T12:46:26.427Z","service":"reddington-server","env":"development","req":{"id":"d5dfaf4c-67f2-4e68-a5d8-3904c93c1729","method":"POST","url":"/api/auth/login","remoteAddress":"::1"},"err":{"type":"Object","message":"invalid_credentials","stack":"","status":401},"msg":"client error"}
{"level":40,"time":"2026-09-04T12:46:26.427Z","service":"reddington-server","env":"development","req":{"id":"d5dfaf4c-67f2-4e68-a5d8-3904c93c1729","method":"POST","url":"/api/auth/login","remoteAddress":"::1"},"res":{"statusCode":401},"responseTime":2,"msg":"POST /api/auth/login 401"}
{"level":40,"time":"2026-09-04T12:46:26.602Z","service":"reddington-server","env":"development","req":{"id":"481ff27b-1bb9-4e10-9c96-4019e14b2db0","method":"POST","url":"/api/auth/login","remoteAddress":"::1"},"err":{"type":"Object","message":"invalid_credentials","stack":"","status":401},"msg":"client error"}
{"level":40,"time":"2026-09-04T12:46:26.603Z","service":"reddington-server","env":"development","req":{"id":"481ff27b-1bb9-4e10-9c96-4019e14b2db0","method":"POST","url":"/api/auth/login","remoteAddress":"::1"},"res":{"statusCode":401},"responseTime":3,"msg":"POST /api/auth/login 401"}
{"level":40,"time":"2026-09-04T12:46:26.761Z","service":"reddington-server","env":"development","req":{"id":"64152753-92cc-4911-bf0e-090cdd36c158","method":"POST","url":"/api/auth/login","remoteAddress":"::1"},"err":{"type":"Object","message":"invalid_credentials","stack":"","status":401},"msg":"client error"}
{"level":40,"time":"2026-09-04T12:46:26.761Z","service":"reddington-server","env":"development","req":{"id":"64152753-92cc-4911-bf0e-090cdd36c158","method":"POST","url":"/api/auth/login","remoteAddress":"::1"},"res":{"statusCode":401},"responseTime":2,"msg":"POST /api/auth/login 401"}
{"level":40,"time":"2026-09-04T12:46:27.080Z","service":"reddington-server","env":"development","req":{"id":"de93a44d-c2d5-402a-b757-3c2d0192c0c0","method":"POST","url":"/api/auth/login","remoteAddress":"::1"},"err":{"type":"Object","message":"invalid_credentials","stack":"","status":401},"msg":"client error"}
{"level":40,"time":"2026-09-04T12:46:27.081Z","service":"reddington-server","env":"development","req":{"id":"de93a44d-c2d5-402a-b757-3c2d0192c0c0","method":"POST","url":"/api/auth/login","remoteAddress":"::1"},"res":{"statusCode":401},"responseTime":3,"msg":"POST /api/auth/login 401"}
{"level":40,"time":"2026-09-04T12:46:28.336Z","service":"reddington-server","env":"development","req":{"id":"4d3111cf-9c5e-48b1-be27-c37dd893ab39","method":"POST","url":"/api/auth/login","remoteAddress":"::1"},"err":{"type":"Object","message":"invalid_credentials","stack":"","status":401},"msg":"client error"}
{"level":40,"time":"2026-09-04T12:46:28.336Z","service":"reddington-server","env":"development","req":{"id":"4d3111cf-9c5e-48b1-be27-c37dd893ab39","method":"POST","url":"/api/auth/login","remoteAddress":"::1"},"res":{"statusCode":401},"responseTime":1,"msg":"POST /api/auth/login 401"}
{"level":40,"time":"2026-09-04T12:46:28.919Z","service":"reddington-server","env":"development","req":{"id":"7e7cca7e-0d5c-45ea-a3e7-d9568bfc98a2","method":"POST","url":"/api/auth/login","remoteAddress":"::1"},"err":{"type":"Object","message":"invalid_credentials","stack":"","status":401},"msg":"client error"}
{"level":40,"time":"2026-09-04T12:46:28.920Z","service":"reddington-server","env":"development","req":{"id":"7e7cca7e-0d5c-45ea-a3e7-d9568bfc98a2","method":"POST","url":"/api/auth/login","remoteAddress":"::1"},"res":{"statusCode":401},"responseTime":2,"msg":"POST /api/auth/login 401"}
{"level":40,"time":"2026-09-04T12:46:29.064Z","service":"reddington-server","env":"development","req":{"id":"7cd52510-4a47-4583-9849-a15f4f98696e","method":"POST","url":"/api/auth/login","remoteAddress":"::1"},"err":{"type":"Object","message":"invalid_credentials","stack":"","status":401},"msg":"client error"}
{"level":40,"time":"2026-09-04T12:46:29.065Z","service":"reddington-server","env":"development","req":{"id":"7cd52510-4a47-4583-9849-a15f4f98696e","method":"POST","url":"/api/auth/login","remoteAddress":"::1"},"res":{"statusCode":401},"responseTime":3,"msg":"POST /api/auth/login 401"}
{"level":40,"time":"2026-09-04T12:46:29.209Z","service":"reddington-server","env":"development","req":{"id":"9ee50a4d-9eec-4082-87fa-ce57300efb37","method":"POST","url":"/api/auth/login","remoteAddress":"::1"},"err":{"type":"Object","message":"invalid_credentials","stack":"","status":401},"msg":"client error"}
{"level":40,"time":"2026-09-04T12:46:29.210Z","service":"reddington-server","env":"development","req":{"id":"9ee50a4d-9eec-4082-87fa-ce57300efb37","method":"POST","url":"/api/auth/login","remoteAddress":"::1"},"res":{"statusCode":401},"responseTime":2,"msg":"POST /api/auth/login 401"}
{"level":40,"time":"2026-09-04T12:46:29.363Z","service":"reddington-server","env":"development","req":{"id":"d6903406-e9a6-45ea-93d6-187c82383e7c","method":"POST","url":"/api/auth/login","remoteAddress":"::1"},"err":{"type":"Object","message":"invalid_credentials","stack":"","status":401},"msg":"client error"}
{"level":40,"time":"2026-09-04T12:46:29.364Z","service":"reddington-server","env":"development","req":{"id":"d6903406-e9a6-45ea-93d6-187c82383e7c","method":"POST","url":"/api/auth/login","remoteAddress":"::1"},"res":{"statusCode":401},"responseTime":3,"msg":"POST /api/auth/login 401"}
{"level":40,"time":"2026-09-04T12:46:29.521Z","service":"reddington-server","env":"development","req":{"id":"dba49277-d6a5-4290-be43-4fffb11f1fea","method":"POST","url":"/api/auth/login","remoteAddress":"::1"},"err":{"type":"Object","message":"invalid_credentials","stack":"","status":401},"msg":"client error"}
{"level":40,"time":"2026-09-04T12:46:29.522Z","service":"reddington-server","env":"development","req":{"id":"dba49277-d6a5-4290-be43-4fffb11f1fea","method":"POST","url":"/api/auth/login","remoteAddress":"::1"},"res":{"statusCode":401},"responseTime":2,"msg":"POST /api/auth/login 401"}
{"level":40,"time":"2026-09-04T12:46:29.675Z","service":"reddington-server","env":"development","req":{"id":"51b5f6ac-7d72-46b3-95c7-e34b7ac5bf4c","method":"POST","url":"/api/auth/login","remoteAddress":"::1"},"err":{"type":"Object","message":"invalid_credentials","stack":"","status":401},"msg":"client error"}
{"level":40,"time":"2026-09-04T12:46:29.675Z","service":"reddington-server","env":"development","req":{"id":"51b5f6ac-7d72-46b3-95c7-e34b7ac5bf4c","method":"POST","url":"/api/auth/login","remoteAddress":"::1"},"res":{"statusCode":401},"responseTime":2,"msg":"POST /api/auth/login 401"}
{"level":40,"time":"2026-09-04T12:46:30.103Z","service":"reddington-server","env":"development","req":{"id":"defacce9-6e11-4eb6-bc65-5d23abba012f","method":"POST","url":"/api/auth/login","remoteAddress":"::1"},"err":{"type":"Object","message":"invalid_credentials","stack":"","status":401},"msg":"client error"}
{"level":40,"time":"2026-09-04T12:46:30.103Z","service":"reddington-server","env":"development","req":{"id":"defacce9-6e11-4eb6-bc65-5d23abba012f","method":"POST","url":"/api/auth/login","remoteAddress":"::1"},"res":{"statusCode":401},"responseTime":2,"msg":"POST /api/auth/login 401"}
{"level":40,"time":"2026-09-04T12:46:30.267Z","service":"reddington-server","env":"development","req":{"id":"a4240fe7-7702-4a21-a605-c5bb8bfc51c4","method":"POST","url":"/api/auth/login","remoteAddress":"::1"},"err":{"type":"Object","message":"invalid_credentials","stack":"","status":401},"msg":"client error"}
{"level":40,"time":"2026-09-04T12:46:30.267Z","service":"reddington-server","env":"development","req":{"id":"a4240fe7-7702-4a21-a605-c5bb8bfc51c4","method":"POST","url":"/api/auth/login","remoteAddress":"::1"},"res":{"statusCode":401},"responseTime":2,"msg":"POST /api/auth/login 401"}
{"level":40,"time":"2026-09-04T12:46:30.423Z","service":"reddington-server","env":"development","req":{"id":"ae2a97f7-f4b8-4357-ae4a-b0af72ffa55a","method":"POST","url":"/api/auth/login","remoteAddress":"::1"},"err":{"type":"Object","message":"invalid_credentials","stack":"","status":401},"msg":"client error"}
{"level":40,"time":"2026-09-04T12:46:30.424Z","service":"reddington-server","env":"development","req":{"id":"ae2a97f7-f4b8-4357-ae4a-b0af72ffa55a","method":"POST","url":"/api/auth/login","remoteAddress":"::1"},"res":{"statusCode":401},"responseTime":2,"msg":"POST /api/auth/login 401"}
{"level":40,"time":"2026-09-04T12:46:30.570Z","service":"reddington-server","env":"development","req":{"id":"80fc0935-e19b-4cd5-a14b-aa9d5080c50b","method":"POST","url":"/api/auth/login","remoteAddress":"::1"},"err":{"type":"Object","message":"invalid_credentials","stack":"","status":401},"msg":"client error"}
{"level":40,"time":"2026-09-04T12:46:30.570Z","service":"reddington-server","env":"development","req":{"id":"80fc0935-e19b-4cd5-a14b-aa9d5080c50b","method":"POST","url":"/api/auth/login","remoteAddress":"::1"},"res":{"statusCode":401},"responseTime":2,"msg":"POST /api/auth/login 401"}
{"level":40,"time":"2026-09-04T12:46:30.723Z","service":"reddington-server","env":"development","req":{"id":"3d57a6ce-17ad-4954-9754-d4f2bb4d5ab6","method":"POST","url":"/api/auth/login","remoteAddress":"::1"},"err":{"type":"Object","message":"invalid_credentials","stack":"","status":401},"msg":"client error"}
{"level":40,"time":"2026-09-04T12:46:30.723Z","service":"reddington-server","env":"development","req":{"id":"3d57a6ce-17ad-4954-9754-d4f2bb4d5ab6","method":"POST","url":"/api/auth/login","remoteAddress":"::1"},"res":{"statusCode":401},"responseTime":2,"msg":"POST /api/auth/login 401"}
{"level":40,"time":"2026-09-04T12:46:30.875Z","service":"reddington-server","env":"development","req":{"id":"12d94e8b-2525-44aa-850c-5ca36546843f","method":"POST","url":"/api/auth/login","remoteAddress":"::1"},"err":{"type":"Object","message":"invalid_credentials","stack":"","status":401},"msg":"client error"}
{"level":40,"time":"2026-09-04T12:46:30.875Z","service":"reddington-server","env":"development","req":{"id":"12d94e8b-2525-44aa-850c-5ca36546843f","method":"POST","url":"/api/auth/login","remoteAddress":"::1"},"res":{"statusCode":401},"responseTime":2,"msg":"POST /api/auth/login 401"}
{"level":40,"time":"2026-09-04T12:46:31.106Z","service":"reddington-server","env":"development","req":{"id":"8df2bcc9-7196-422e-a071-6a310e3534c3","method":"POST","url":"/api/auth/login","remoteAddress":"::1"},"err":{"type":"Object","message":"invalid_credentials","stack":"","status":401},"msg":"client error"}
{"level":40,"time":"2026-09-04T12:46:31.106Z","service":"reddington-server","env":"development","req":{"id":"8df2bcc9-7196-422e-a071-6a310e3534c3","method":"POST","url":"/api/auth/login","remoteAddress":"::1"},"res":{"statusCode":401},"responseTime":2,"msg":"POST /api/auth/login 401"}
{"level":30,"time":"2026-09-04T12:46:38.037Z","service":"reddington-server","env":"development","req":{"id":"c5c7d852-9198-4c22-babb-8ac30c8a6675","method":"POST","url":"/api/auth/login","remoteAddress":"::1"},"res":{"statusCode":200},"responseTime":160,"msg":"POST /login 200"}
{"level":30,"time":"2026-09-04T12:46:38.059Z","service":"reddington-server","env":"development","req":{"id":"3869e9db-62ad-4b6f-9029-954031dde5a3","method":"GET","url":"/api/consents/me","remoteAddress":"::1"},"res":{"statusCode":304},"responseTime":11,"msg":"GET /me 304"}
{"level":40,"time":"2026-09-04T12:46:38.160Z","service":"reddington-server","env":"development","req":{"id":"ca7bde3b-287d-4a92-83b1-2b73332ce386","method":"GET","url":"/api/recommendations","remoteAddress":"::1"},"res":{"statusCode":403},"responseTime":5,"msg":"GET / 403"}
{"level":30,"time":"2026-09-04T12:46:38.226Z","service":"reddington-server","env":"development","req":{"id":"86f724d7-791d-4008-8a8a-6bad45a851c5","method":"GET","url":"/api/consents/purposes","remoteAddress":"::1"},"res":{"statusCode":304},"responseTime":73,"msg":"GET /purposes 304"}
{"level":30,"time":"2026-09-04T12:46:38.232Z","service":"reddington-server","env":"development","req":{"id":"284626ce-1181-4f66-a671-b4a7c799a730","method":"GET","url":"/api/products?sort=rating&limit=8","remoteAddress":"::1"},"res":{"statusCode":304},"responseTime":69,"msg":"GET /?sort=rating&limit=8 304"}
{"level":30,"time":"2026-09-04T12:46:38.241Z","service":"reddington-server","env":"development","req":{"id":"8e685f6d-2227-40e6-a2af-b093e2dd351d","method":"GET","url":"/api/consents/purposes","remoteAddress":"::1"},"res":{"statusCode":304},"responseTime":6,"msg":"GET /purposes 304"}
{"level":30,"time":"2026-09-04T12:46:38.253Z","service":"reddington-server","env":"development","req":{"id":"15f2346f-5fb4-446a-a8eb-cfb9323b50b7","method":"GET","url":"/api/notifications/unread-count","remoteAddress":"::1"},"res":{"statusCode":304},"responseTime":81,"msg":"GET /unread-count 304"}
{"level":30,"time":"2026-09-04T12:46:38.342Z","service":"reddington-server","env":"development","req":{"id":"4f79ec64-af82-4843-b321-576b4af09a85","method":"GET","url":"/api/users/wishlist","remoteAddress":"::1"},"res":{"statusCode":304},"responseTime":176,"msg":"GET /wishlist 304"}
{"level":30,"time":"2026-09-04T12:46:38.348Z","service":"reddington-server","env":"development","req":{"id":"3e73765f-db3a-4cdc-90b6-c53ad88675cb","method":"GET","url":"/api/cart","remoteAddress":"::1"},"res":{"statusCode":304},"responseTime":179,"msg":"GET / 304"}
{"level":30,"time":"2026-09-04T12:47:11.673Z","service":"reddington-server","env":"development","port":"5000","msg":"reddington server listening on http://localhost:5000"}
{"level":30,"time":"2026-09-04T12:47:11.673Z","service":"reddington-server","env":"development","module":"dsar-worker","intervalMs":30000,"msg":"started"}
{"level":30,"time":"2026-09-04T12:47:16.830Z","service":"reddington-server","env":"development","req":{"id":"8706c337-efe4-4737-9207-c8de7c6342fb","method":"GET","url":"/api/auth/me","remoteAddress":"::1"},"res":{"statusCode":200},"responseTime":133,"msg":"GET /me 200"}
{"level":30,"time":"2026-09-04T12:47:16.848Z","service":"reddington-server","env":"development","req":{"id":"2c7ece1a-33d2-4130-b67b-6c1744cb82fd","method":"GET","url":"/api/consents/me","remoteAddress":"::1"},"res":{"statusCode":304},"responseTime":8,"msg":"GET /me 304"}
{"level":30,"time":"2026-09-04T12:47:16.908Z","service":"reddington-server","env":"development","req":{"id":"64dc81d2-1d6f-4527-8bc9-a066daaef266","method":"GET","url":"/api/consents/purposes","remoteAddress":"::1"},"res":{"statusCode":304},"responseTime":16,"msg":"GET /purposes 304"}
{"level":30,"time":"2026-09-04T12:47:16.910Z","service":"reddington-server","env":"development","req":{"id":"e853669a-77ba-4e69-8f63-416d3331d822","method":"GET","url":"/api/auth/me","remoteAddress":"::1"},"res":{"statusCode":304},"responseTime":74,"msg":"GET /me 304"}
{"level":30,"time":"2026-09-04T12:47:16.911Z","service":"reddington-server","env":"development","req":{"id":"c93ab12d-447c-405f-9d66-b2ddd3a1533e","method":"GET","url":"/api/cart","remoteAddress":"::1"},"res":{"statusCode":304},"responseTime":12,"msg":"GET / 304"}
{"level":30,"time":"2026-09-04T12:47:16.914Z","service":"reddington-server","env":"development","req":{"id":"50da6e6c-a467-4c07-a985-25346240f1ca","method":"GET","url":"/api/notifications/unread-count","remoteAddress":"::1"},"res":{"statusCode":304},"responseTime":10,"msg":"GET /unread-count 304"}
{"level":30,"time":"2026-09-04T12:47:16.935Z","service":"reddington-server","env":"development","req":{"id":"ce79443b-d1fa-438d-8365-b7d41bcb87ab","method":"GET","url":"/api/consents/me","remoteAddress":"::1"},"res":{"statusCode":304},"responseTime":9,"msg":"GET /me 304"}
{"level":30,"time":"2026-09-04T12:47:16.975Z","service":"reddington-server","env":"development","req":{"id":"3a14eee5-86d1-4d6c-88fa-4f0ca01f5e46","method":"GET","url":"/api/notifications","remoteAddress":"::1"},"res":{"statusCode":304},"responseTime":80,"msg":"GET / 304"}
{"level":30,"time":"2026-09-04T12:47:20.159Z","service":"reddington-server","env":"development","req":{"id":"580cbd28-4984-4d40-9291-a4732a4b80b7","method":"GET","url":"/api/consents/purposes","remoteAddress":"::1"},"res":{"statusCode":304},"responseTime":8,"msg":"GET /purposes 304"}
{"level":30,"time":"2026-09-04T12:47:20.160Z","service":"reddington-server","env":"development","req":{"id":"17622e1f-a1e5-4e70-af70-9380bbd3bf42","method":"GET","url":"/api/consents/history","remoteAddress":"::1"},"res":{"statusCode":304},"responseTime":7,"msg":"GET /history 304"}
{"level":30,"time":"2026-09-04T12:47:46.975Z","service":"reddington-server","env":"development","req":{"id":"0cfada3d-4ebe-4c9a-b7bf-4dbb4455795b","method":"GET","url":"/api/notifications/unread-count","remoteAddress":"::1"},"res":{"statusCode":304},"responseTime":7,"msg":"GET /unread-count 304"}
{"level":40,"time":"2026-09-04T12:47:54.543Z","service":"reddington-server","env":"development","req":{"id":"82b81444-c974-40b2-ac44-66dd4ec2468e","method":"GET","url":"/api/v1/ui/shell?application_id=6a8562336ea167949e828f36","remoteAddress":"::1"},"res":{"statusCode":404},"responseTime":1,"msg":"GET /api/v1/ui/shell?application_id=6a8562336ea167949e828f36 404"}
{"level":30,"time":"2026-09-04T12:48:16.993Z","service":"reddington-server","env":"development","req":{"id":"c085b287-3285-4fcc-9195-d29224a6fb2f","method":"GET","url":"/api/notifications/unread-count","remoteAddress":"::1"},"res":{"statusCode":304},"responseTime":2,"msg":"GET /unread-count 304"}
{"level":30,"time":"2026-09-04T12:48:20.445Z","service":"reddington-server","env":"development","req":{"id":"18d375af-797a-4d80-b8c5-7155560c3914","method":"POST","url":"/api/consents/decisions","remoteAddress":"::1"},"res":{"statusCode":201},"responseTime":37,"msg":"POST /decisions 201"}
{"level":30,"time":"2026-09-04T12:48:20.456Z","service":"reddington-server","env":"development","req":{"id":"b595e521-3cf8-4924-9c66-b67e82a68657","method":"GET","url":"/api/consents/me","remoteAddress":"::1"},"res":{"statusCode":200},"responseTime":5,"msg":"GET /me 200"}
{"level":30,"time":"2026-09-04T12:48:20.466Z","service":"reddington-server","env":"development","req":{"id":"32006927-99cc-4c71-8014-2048c895718d","method":"GET","url":"/api/consents/history","remoteAddress":"::1"},"res":{"statusCode":200},"responseTime":3,"msg":"GET /history 200"}
{"level":30,"time":"2026-09-04T12:48:47.009Z","service":"reddington-server","env":"development","req":{"id":"1123f11b-b60c-4b87-b540-0717b9eba73c","method":"GET","url":"/api/notifications/unread-count","remoteAddress":"::1"},"res":{"statusCode":304},"responseTime":2,"msg":"GET /unread-count 304"}
{"level":40,"time":"2026-09-04T12:48:54.548Z","service":"reddington-server","env":"development","req":{"id":"2887da52-fc71-488e-9ac5-c6fb018f6a85","method":"GET","url":"/api/v1/ui/shell?application_id=6a8562336ea167949e828f36","remoteAddress":"::1"},"res":{"statusCode":404},"responseTime":1,"msg":"GET /api/v1/ui/shell?application_id=6a8562336ea167949e828f36 404"}
{"level":30,"time":"2026-09-04T12:49:47.028Z","service":"reddington-server","env":"development","req":{"id":"4a9388b6-9924-49e0-a069-ca009e169747","method":"GET","url":"/api/notifications/unread-count","remoteAddress":"::1"},"res":{"statusCode":304},"responseTime":2,"msg":"GET /unread-count 304"}
{"level":30,"time":"2026-09-04T12:49:48.683Z","service":"reddington-server","env":"development","req":{"id":"d9acbb73-0ec6-4d7e-aa22-465d7ed53b6f","method":"GET","url":"/api/orders","remoteAddress":"::1"},"res":{"statusCode":200},"responseTime":23,"msg":"GET / 200"}
{"level":40,"time":"2026-09-04T12:49:54.544Z","service":"reddington-server","env":"development","req":{"id":"2389991d-bc47-4ac9-af3c-93c2307cbb02","method":"GET","url":"/api/v1/ui/shell?application_id=6a8562336ea167949e828f36","remoteAddress":"::1"},"res":{"statusCode":404},"responseTime":0,"msg":"GET /api/v1/ui/shell?application_id=6a8562336ea167949e828f36 404"}
{"level":30,"time":"2026-09-04T12:50:02.118Z","service":"reddington-server","env":"development","req":{"id":"03303f3d-3c7a-4396-9d75-d92903ea24de","method":"GET","url":"/api/consents/purposes","remoteAddress":"::1"},"res":{"statusCode":304},"responseTime":6,"msg":"GET /purposes 304"}
{"level":30,"time":"2026-09-04T12:50:02.119Z","service":"reddington-server","env":"development","req":{"id":"58a20859-50ad-435c-a7da-ea80229226f4","method":"GET","url":"/api/consents/history","remoteAddress":"::1"},"res":{"statusCode":304},"responseTime":6,"msg":"GET /history 304"}
{"level":40,"time":"2026-09-04T12:50:54.536Z","service":"reddington-server","env":"development","req":{"id":"ad44d463-1882-4a53-aeac-89f9cc233136","method":"GET","url":"/api/v1/ui/shell?application_id=6a8562336ea167949e828f36","remoteAddress":"::1"},"res":{"statusCode":404},"responseTime":1,"msg":"GET /api/v1/ui/shell?application_id=6a8562336ea167949e828f36 404"}
{"level":40,"time":"2026-09-04T12:51:54.538Z","service":"reddington-server","env":"development","req":{"id":"ecb9d85f-c370-4830-9281-be23ee7a3b27","method":"GET","url":"/api/v1/ui/shell?application_id=6a8562336ea167949e828f36","remoteAddress":"::1"},"res":{"statusCode":404},"responseTime":0,"msg":"GET /api/v1/ui/shell?application_id=6a8562336ea167949e828f36 404"}
{"level":40,"time":"2026-09-04T12:52:54.535Z","service":"reddington-server","env":"development","req":{"id":"c4c56a4e-89bb-4402-a67e-feb9b6de63a5","method":"GET","url":"/api/v1/ui/shell?application_id=6a8562336ea167949e828f36","remoteAddress":"::1"},"res":{"statusCode":404},"responseTime":0,"msg":"GET /api/v1/ui/shell?application_id=6a8562336ea167949e828f36 404"}
{"level":30,"time":"2026-09-04T12:53:17.046Z","service":"reddington-server","env":"development","req":{"id":"7b549a02-12fe-4772-ae7e-fbf87255c880","method":"GET","url":"/api/notifications/unread-count","remoteAddress":"::1"},"res":{"statusCode":304},"responseTime":5,"msg":"GET /unread-count 304"}
{"level":30,"time":"2026-09-04T12:53:37.362Z","service":"reddington-server","env":"development","req":{"id":"3a295289-6fb7-4cc0-b0c2-f94309ba4c50","method":"GET","url":"/api/consents/purposes","remoteAddress":"::1"},"res":{"statusCode":304},"responseTime":65,"msg":"GET /purposes 304"}
{"level":30,"time":"2026-09-04T12:53:37.373Z","service":"reddington-server","env":"development","req":{"id":"21fb9781-13c6-46ab-a83d-dc4ad399ee83","method":"GET","url":"/api/users/wishlist","remoteAddress":"::1"},"res":{"statusCode":304},"responseTime":70,"msg":"GET /wishlist 304"}
{"level":30,"time":"2026-09-04T12:53:37.386Z","service":"reddington-server","env":"development","req":{"id":"ff2eece3-71dd-42e4-acdc-656d1c0b94be","method":"GET","url":"/api/recommendations","remoteAddress":"::1"},"res":{"statusCode":200},"responseTime":86,"msg":"GET / 200"}
{"level":30,"time":"2026-09-04T12:53:37.478Z","service":"reddington-server","env":"development","req":{"id":"f3225483-9d76-4208-9c1f-7864f49d8321","method":"GET","url":"/api/products?sort=rating&limit=8","remoteAddress":"::1"},"res":{"statusCode":304},"responseTime":172,"msg":"GET /?sort=rating&limit=8 304"}
{"level":30,"time":"2026-09-04T12:53:47.074Z","service":"reddington-server","env":"development","req":{"id":"b8a16069-115f-4d1c-abeb-9d5f7bc65895","method":"GET","url":"/api/notifications/unread-count","remoteAddress":"::1"},"res":{"statusCode":304},"responseTime":5,"msg":"GET /unread-count 304"}
{"level":40,"time":"2026-09-04T12:53:54.535Z","service":"reddington-server","env":"development","req":{"id":"ce35081e-901a-4981-82b7-5977b160d953","method":"GET","url":"/api/v1/ui/shell?application_id=6a8562336ea167949e828f36","remoteAddress":"::1"},"res":{"statusCode":404},"responseTime":1,"msg":"GET /api/v1/ui/shell?application_id=6a8562336ea167949e828f36 404"}
{"level":40,"time":"2026-09-04T12:54:54.545Z","service":"reddington-server","env":"development","req":{"id":"fd9a0332-9686-4a8f-b603-8648bf7c246a","method":"GET","url":"/api/v1/ui/shell?application_id=6a8562336ea167949e828f36","remoteAddress":"::1"},"res":{"statusCode":404},"responseTime":1,"msg":"GET /api/v1/ui/shell?application_id=6a8562336ea167949e828f36 404"}
{"level":40,"time":"2026-09-04T12:55:54.538Z","service":"reddington-server","env":"development","req":{"id":"4c461630-e579-4419-875d-af6050d2e332","method":"GET","url":"/api/v1/ui/shell?application_id=6a8562336ea167949e828f36","remoteAddress":"::1"},"res":{"statusCode":404},"responseTime":0,"msg":"GET /api/v1/ui/shell?application_id=6a8562336ea167949e828f36 404"}
{"level":40,"time":"2026-09-04T12:56:54.535Z","service":"reddington-server","env":"development","req":{"id":"bd6ba710-6fa1-4179-9b3e-1794b650face","method":"GET","url":"/api/v1/ui/shell?application_id=6a8562336ea167949e828f36","remoteAddress":"::1"},"res":{"statusCode":404},"responseTime":0,"msg":"GET /api/v1/ui/shell?application_id=6a8562336ea167949e828f36 404"}
{"level":40,"time":"2026-09-04T12:57:54.556Z","service":"reddington-server","env":"development","req":{"id":"808a026b-843c-4ce3-a3cb-40e985bfa2a4","method":"GET","url":"/api/v1/ui/shell?application_id=6a8562336ea167949e828f36","remoteAddress":"::1"},"res":{"statusCode":404},"responseTime":0,"msg":"GET /api/v1/ui/shell?application_id=6a8562336ea167949e828f36 404"}
{"level":40,"time":"2026-09-04T12:58:54.535Z","service":"reddington-server","env":"development","req":{"id":"fde744e9-f7a8-48c9-8d00-5eb388f881bd","method":"GET","url":"/api/v1/ui/shell?application_id=6a8562336ea167949e828f36","remoteAddress":"::1"},"res":{"statusCode":404},"responseTime":0,"msg":"GET /api/v1/ui/shell?application_id=6a8562336ea167949e828f36 404"}
{"level":40,"time":"2026-09-04T12:59:54.545Z","service":"reddington-server","env":"development","req":{"id":"953a2cc9-6be5-406c-a39f-82c71fad0a4e","method":"GET","url":"/api/v1/ui/shell?application_id=6a8562336ea167949e828f36","remoteAddress":"::1"},"res":{"statusCode":404},"responseTime":1,"msg":"GET /api/v1/ui/shell?application_id=6a8562336ea167949e828f36 404"}
{"level":40,"time":"2026-09-04T13:00:54.535Z","service":"reddington-server","env":"development","req":{"id":"fc8efec4-feb5-4021-aee6-504eaa95180b","method":"GET","url":"/api/v1/ui/shell?application_id=6a8562336ea167949e828f36","remoteAddress":"::1"},"res":{"statusCode":404},"responseTime":1,"msg":"GET /api/v1/ui/shell?application_id=6a8562336ea167949e828f36 404"}
{"level":40,"time":"2026-09-04T13:01:54.546Z","service":"reddington-server","env":"development","req":{"id":"4e2025e4-89cc-4714-8aba-029e4de17688","method":"GET","url":"/api/v1/ui/shell?application_id=6a8562336ea167949e828f36","remoteAddress":"::1"},"res":{"statusCode":404},"responseTime":1,"msg":"GET /api/v1/ui/shell?application_id=6a8562336ea167949e828f36 404"}
{"level":30,"time":"2026-09-04T13:02:53.320Z","service":"reddington-server","env":"development","req":{"id":"6f66bfdf-469c-4f97-bf4d-de3f640c9f6b","method":"GET","url":"/api/notifications/unread-count","remoteAddress":"::1"},"res":{"statusCode":304},"responseTime":9,"msg":"GET /unread-count 304"}
{"level":40,"time":"2026-09-04T13:02:54.536Z","service":"reddington-server","env":"development","req":{"id":"a830420f-1c81-43a2-86ad-05d4f4d69a82","method":"GET","url":"/api/v1/ui/shell?application_id=6a8562336ea167949e828f36","remoteAddress":"::1"},"res":{"statusCode":404},"responseTime":1,"msg":"GET /api/v1/ui/shell?application_id=6a8562336ea167949e828f36 404"}
{"level":30,"time":"2026-09-04T13:03:07.086Z","service":"reddington-server","env":"development","req":{"id":"a7a64a95-37b7-4dce-92bd-f362a7385edb","method":"GET","url":"/api/orders","remoteAddress":"::1"},"res":{"statusCode":304},"responseTime":11,"msg":"GET / 304"}
{"level":40,"time":"2026-09-04T13:03:54.538Z","service":"reddington-server","env":"development","req":{"id":"3e8efe39-50e7-4ee6-bfdf-5b87257ad2b1","method":"GET","url":"/api/v1/ui/shell?application_id=6a8562336ea167949e828f36","remoteAddress":"::1"},"res":{"statusCode":404},"responseTime":0,"msg":"GET /api/v1/ui/shell?application_id=6a8562336ea167949e828f36 404"}
{"level":40,"time":"2026-09-04T13:04:54.543Z","service":"reddington-server","env":"development","req":{"id":"c67ac046-d247-49ee-8718-2bc624979a77","method":"GET","url":"/api/v1/ui/shell?application_id=6a8562336ea167949e828f36","remoteAddress":"::1"},"res":{"statusCode":404},"responseTime":1,"msg":"GET /api/v1/ui/shell?application_id=6a8562336ea167949e828f36 404"}
{"level":30,"time":"2026-09-04T13:05:17.128Z","service":"reddington-server","env":"development","req":{"id":"5214fd78-4942-4df5-8621-e9446a4de521","method":"GET","url":"/api/users/profile","remoteAddress":"::1"},"res":{"statusCode":200},"responseTime":13,"msg":"GET /profile 200"}
{"level":30,"time":"2026-09-04T13:05:22.914Z","service":"reddington-server","env":"development","req":{"id":"d5450530-10e9-4fef-b9bf-ea1b5eafab21","method":"GET","url":"/api/orders","remoteAddress":"::1"},"res":{"statusCode":304},"responseTime":11,"msg":"GET / 304"}
{"level":30,"time":"2026-09-04T13:05:23.341Z","service":"reddington-server","env":"development","req":{"id":"c5c02864-6787-45f8-a670-8517dd51207c","method":"GET","url":"/api/notifications/unread-count","remoteAddress":"::1"},"res":{"statusCode":304},"responseTime":6,"msg":"GET /unread-count 304"}
{"level":30,"time":"2026-09-04T13:05:53.366Z","service":"reddington-server","env":"development","req":{"id":"f95ba0e0-a4ba-4c7a-9c52-12d3d031568a","method":"GET","url":"/api/notifications/unread-count","remoteAddress":"::1"},"res":{"statusCode":304},"responseTime":2,"msg":"GET /unread-count 304"}
{"level":40,"time":"2026-09-04T13:05:54.542Z","service":"reddington-server","env":"development","req":{"id":"72a02e3c-09d5-48d9-acc7-96687162033c","method":"GET","url":"/api/v1/ui/shell?application_id=6a8562336ea167949e828f36","remoteAddress":"::1"},"res":{"statusCode":404},"responseTime":1,"msg":"GET /api/v1/ui/shell?application_id=6a8562336ea167949e828f36 404"}
{"level":30,"time":"2026-09-04T13:06:23.389Z","service":"reddington-server","env":"development","req":{"id":"535072c0-eb58-4300-84a1-18e49fbb7d81","method":"GET","url":"/api/notifications/unread-count","remoteAddress":"::1"},"res":{"statusCode":304},"responseTime":2,"msg":"GET /unread-count 304"}
{"level":30,"time":"2026-09-04T13:06:53.416Z","service":"reddington-server","env":"development","req":{"id":"da026345-b450-4498-bbe0-90cb2fd0f388","method":"GET","url":"/api/notifications/unread-count","remoteAddress":"::1"},"res":{"statusCode":304},"responseTime":3,"msg":"GET /unread-count 304"}
{"level":40,"time":"2026-09-04T13:06:54.541Z","service":"reddington-server","env":"development","req":{"id":"f721f7a2-0627-4d40-87e1-e773e47ffe22","method":"GET","url":"/api/v1/ui/shell?application_id=6a8562336ea167949e828f36","remoteAddress":"::1"},"res":{"statusCode":404},"responseTime":1,"msg":"GET /api/v1/ui/shell?application_id=6a8562336ea167949e828f36 404"}
{"level":30,"time":"2026-09-04T13:07:23.436Z","service":"reddington-server","env":"development","req":{"id":"f8f1a9fd-af23-48f9-87e9-d9f9caaf46fc","method":"GET","url":"/api/notifications/unread-count","remoteAddress":"::1"},"res":{"statusCode":304},"responseTime":2,"msg":"GET /unread-count 304"}
{"level":40,"time":"2026-09-04T13:07:54.566Z","service":"reddington-server","env":"development","req":{"id":"4f1e845c-1857-4f43-a92a-1b6a84a09b0a","method":"GET","url":"/api/v1/ui/shell?application_id=6a8562336ea167949e828f36","remoteAddress":"::1"},"res":{"statusCode":404},"responseTime":1,"msg":"GET /api/v1/ui/shell?application_id=6a8562336ea167949e828f36 404"}
{"level":40,"time":"2026-09-04T13:08:54.547Z","service":"reddington-server","env":"development","req":{"id":"5a13a7b2-d153-460e-8b8a-0d97069c2a09","method":"GET","url":"/api/v1/ui/shell?application_id=6a8562336ea167949e828f36","remoteAddress":"::1"},"res":{"statusCode":404},"responseTime":0,"msg":"GET /api/v1/ui/shell?application_id=6a8562336ea167949e828f36 404"}
{"level":40,"time":"2026-09-04T13:09:54.542Z","service":"reddington-server","env":"development","req":{"id":"f4ae1f3a-c6ce-4aa4-a25d-42a6b3554e1f","method":"GET","url":"/api/v1/ui/shell?application_id=6a8562336ea167949e828f36","remoteAddress":"::1"},"res":{"statusCode":404},"responseTime":1,"msg":"GET /api/v1/ui/shell?application_id=6a8562336ea167949e828f36 404"}
{"level":40,"time":"2026-09-04T13:10:54.538Z","service":"reddington-server","env":"development","req":{"id":"9ec68bd2-12c2-42dc-8f03-061517581b29","method":"GET","url":"/api/v1/ui/shell?application_id=6a8562336ea167949e828f36","remoteAddress":"::1"},"res":{"statusCode":404},"responseTime":1,"msg":"GET /api/v1/ui/shell?application_id=6a8562336ea167949e828f36 404"}
{"level":40,"time":"2026-09-04T13:11:54.537Z","service":"reddington-server","env":"development","req":{"id":"2a89eb6b-12cd-45b8-aa8e-3e3b768b1d28","method":"GET","url":"/api/v1/ui/shell?application_id=6a8562336ea167949e828f36","remoteAddress":"::1"},"res":{"statusCode":404},"responseTime":0,"msg":"GET /api/v1/ui/shell?application_id=6a8562336ea167949e828f36 404"}
{"level":40,"time":"2026-09-04T13:12:54.540Z","service":"reddington-server","env":"development","req":{"id":"22a54cd0-670d-4a4a-aaf5-f21a1c836790","method":"GET","url":"/api/v1/ui/shell?application_id=6a8562336ea167949e828f36","remoteAddress":"::1"},"res":{"statusCode":404},"responseTime":0,"msg":"GET /api/v1/ui/shell?application_id=6a8562336ea167949e828f36 404"}
{"level":40,"time":"2026-09-04T13:13:54.544Z","service":"reddington-server","env":"development","req":{"id":"ca1903a0-a638-43d8-a737-1878cb51577e","method":"GET","url":"/api/v1/ui/shell?application_id=6a8562336ea167949e828f36","remoteAddress":"::1"},"res":{"statusCode":404},"responseTime":1,"msg":"GET /api/v1/ui/shell?application_id=6a8562336ea167949e828f36 404"}
{"level":40,"time":"2026-09-04T13:14:54.542Z","service":"reddington-server","env":"development","req":{"id":"53dcef90-2f8d-45d7-8d79-01d2d73a3fd3","method":"GET","url":"/api/v1/ui/shell?application_id=6a8562336ea167949e828f36","remoteAddress":"::1"},"res":{"statusCode":404},"responseTime":1,"msg":"GET /api/v1/ui/shell?application_id=6a8562336ea167949e828f36 404"}
{"level":40,"time":"2026-09-04T13:15:54.539Z","service":"reddington-server","env":"development","req":{"id":"aad74123-6885-4e38-a37e-c67183b90b98","method":"GET","url":"/api/v1/ui/shell?application_id=6a8562336ea167949e828f36","remoteAddress":"::1"},"res":{"statusCode":404},"responseTime":0,"msg":"GET /api/v1/ui/shell?application_id=6a8562336ea167949e828f36 404"}
{"level":40,"time":"2026-09-04T13:16:54.542Z","service":"reddington-server","env":"development","req":{"id":"67ce4918-77cc-448f-a2f5-445d50819df0","method":"GET","url":"/api/v1/ui/shell?application_id=6a8562336ea167949e828f36","remoteAddress":"::1"},"res":{"statusCode":404},"responseTime":0,"msg":"GET /api/v1/ui/shell?application_id=6a8562336ea167949e828f36 404"}
{"level":40,"time":"2026-09-04T13:17:54.545Z","service":"reddington-server","env":"development","req":{"id":"45163a7a-5a21-457e-a812-a6bf0e87ade8","method":"GET","url":"/api/v1/ui/shell?application_id=6a8562336ea167949e828f36","remoteAddress":"::1"},"res":{"statusCode":404},"responseTime":0,"msg":"GET /api/v1/ui/shell?application_id=6a8562336ea167949e828f36 404"}
{"level":40,"time":"2026-09-04T13:18:54.547Z","service":"reddington-server","env":"development","req":{"id":"1a95c3e7-c9f2-400a-bb41-54be17c23509","method":"GET","url":"/api/v1/ui/shell?application_id=6a8562336ea167949e828f36","remoteAddress":"::1"},"res":{"statusCode":404},"responseTime":1,"msg":"GET /api/v1/ui/shell?application_id=6a8562336ea167949e828f36 404"}
{"level":40,"time":"2026-09-04T13:19:54.535Z","service":"reddington-server","env":"development","req":{"id":"ba82c358-b277-4147-af57-166844ae35e3","method":"GET","url":"/api/v1/ui/shell?application_id=6a8562336ea167949e828f36","remoteAddress":"::1"},"res":{"statusCode":404},"responseTime":1,"msg":"GET /api/v1/ui/shell?application_id=6a8562336ea167949e828f36 404"}
{"level":40,"time":"2026-09-04T13:20:54.537Z","service":"reddington-server","env":"development","req":{"id":"965cc6c8-e32c-4333-a301-d4cdcd7649a7","method":"GET","url":"/api/v1/ui/shell?application_id=6a8562336ea167949e828f36","remoteAddress":"::1"},"res":{"statusCode":404},"responseTime":0,"msg":"GET /api/v1/ui/shell?application_id=6a8562336ea167949e828f36 404"}
{"level":40,"time":"2026-09-04T13:21:54.548Z","service":"reddington-server","env":"development","req":{"id":"b4b3e3ff-e1d9-4028-b60e-56c957f97bfc","method":"GET","url":"/api/v1/ui/shell?application_id=6a8562336ea167949e828f36","remoteAddress":"::1"},"res":{"statusCode":404},"responseTime":1,"msg":"GET /api/v1/ui/shell?application_id=6a8562336ea167949e828f36 404"}
{"level":40,"time":"2026-09-04T13:22:54.546Z","service":"reddington-server","env":"development","req":{"id":"4c69fad8-da56-4cc2-bc58-d8a8ec470285","method":"GET","url":"/api/v1/ui/shell?application_id=6a8562336ea167949e828f36","remoteAddress":"::1"},"res":{"statusCode":404},"responseTime":0,"msg":"GET /api/v1/ui/shell?application_id=6a8562336ea167949e828f36 404"}
{"level":40,"time":"2026-09-04T13:23:54.545Z","service":"reddington-server","env":"development","req":{"id":"061457a4-f5f8-4435-a7a8-bc83328ca894","method":"GET","url":"/api/v1/ui/shell?application_id=6a8562336ea167949e828f36","remoteAddress":"::1"},"res":{"statusCode":404},"responseTime":1,"msg":"GET /api/v1/ui/shell?application_id=6a8562336ea167949e828f36 404"}
{"level":40,"time":"2026-09-04T13:24:54.546Z","service":"reddington-server","env":"development","req":{"id":"b4528de9-a54b-4c61-8b8b-c1295ed08af8","method":"GET","url":"/api/v1/ui/shell?application_id=6a8562336ea167949e828f36","remoteAddress":"::1"},"res":{"statusCode":404},"responseTime":0,"msg":"GET /api/v1/ui/shell?application_id=6a8562336ea167949e828f36 404"}
{"level":40,"time":"2026-09-04T13:25:54.540Z","service":"reddington-server","env":"development","req":{"id":"b6b0e31b-466a-4bae-8de7-8773dc34e45c","method":"GET","url":"/api/v1/ui/shell?application_id=6a8562336ea167949e828f36","remoteAddress":"::1"},"res":{"statusCode":404},"responseTime":1,"msg":"GET /api/v1/ui/shell?application_id=6a8562336ea167949e828f36 404"}
{"level":40,"time":"2026-09-04T13:26:54.532Z","service":"reddington-server","env":"development","req":{"id":"27750369-55e7-4063-aa39-21a43ccbf703","method":"GET","url":"/api/v1/ui/shell?application_id=6a8562336ea167949e828f36","remoteAddress":"::1"},"res":{"statusCode":404},"responseTime":0,"msg":"GET /api/v1/ui/shell?application_id=6a8562336ea167949e828f36 404"}
{"level":40,"time":"2026-09-04T13:27:54.530Z","service":"reddington-server","env":"development","req":{"id":"e848106c-1442-4c11-bb8f-25f42808b8ac","method":"GET","url":"/api/v1/ui/shell?application_id=6a8562336ea167949e828f36","remoteAddress":"::1"},"res":{"statusCode":404},"responseTime":1,"msg":"GET /api/v1/ui/shell?application_id=6a8562336ea167949e828f36 404"}
{"level":40,"time":"2026-09-04T13:28:54.527Z","service":"reddington-server","env":"development","req":{"id":"1e9196ec-5e73-478a-ace3-9ba2e925cf14","method":"GET","url":"/api/v1/ui/shell?application_id=6a8562336ea167949e828f36","remoteAddress":"::1"},"res":{"statusCode":404},"responseTime":1,"msg":"GET /api/v1/ui/shell?application_id=6a8562336ea167949e828f36 404"}
{"level":40,"time":"2026-09-04T13:29:54.537Z","service":"reddington-server","env":"development","req":{"id":"37d89236-b6de-4b3e-b7cb-e5f716279885","method":"GET","url":"/api/v1/ui/shell?application_id=6a8562336ea167949e828f36","remoteAddress":"::1"},"res":{"statusCode":404},"responseTime":1,"msg":"GET /api/v1/ui/shell?application_id=6a8562336ea167949e828f36 404"}
{"level":40,"time":"2026-09-04T13:30:54.532Z","service":"reddington-server","env":"development","req":{"id":"37848c72-06f9-43cf-b0e1-c48bec2a4076","method":"GET","url":"/api/v1/ui/shell?application_id=6a8562336ea167949e828f36","remoteAddress":"::1"},"res":{"statusCode":404},"responseTime":1,"msg":"GET /api/v1/ui/shell?application_id=6a8562336ea167949e828f36 404"}
{"level":40,"time":"2026-09-04T13:31:54.545Z","service":"reddington-server","env":"development","req":{"id":"39713901-76fc-4055-bf69-78305ba318aa","method":"GET","url":"/api/v1/ui/shell?application_id=6a8562336ea167949e828f36","remoteAddress":"::1"},"res":{"statusCode":404},"responseTime":0,"msg":"GET /api/v1/ui/shell?application_id=6a8562336ea167949e828f36 404"}
{"level":40,"time":"2026-09-04T13:32:54.539Z","service":"reddington-server","env":"development","req":{"id":"ca54f64a-b019-44d9-9ebf-f9d6546a51ca","method":"GET","url":"/api/v1/ui/shell?application_id=6a8562336ea167949e828f36","remoteAddress":"::1"},"res":{"statusCode":404},"responseTime":0,"msg":"GET /api/v1/ui/shell?application_id=6a8562336ea167949e828f36 404"}
{"level":40,"time":"2026-09-04T13:33:54.543Z","service":"reddington-server","env":"development","req":{"id":"9244a40d-298b-439d-baca-c0a3c99e36db","method":"GET","url":"/api/v1/ui/shell?application_id=6a8562336ea167949e828f36","remoteAddress":"::1"},"res":{"statusCode":404},"responseTime":1,"msg":"GET /api/v1/ui/shell?application_id=6a8562336ea167949e828f36 404"}
{"level":40,"time":"2026-09-04T13:34:54.536Z","service":"reddington-server","env":"development","req":{"id":"6a08ada3-4de8-415e-8e3e-9e53faec501b","method":"GET","url":"/api/v1/ui/shell?application_id=6a8562336ea167949e828f36","remoteAddress":"::1"},"res":{"statusCode":404},"responseTime":1,"msg":"GET /api/v1/ui/shell?application_id=6a8562336ea167949e828f36 404"}
{"level":40,"time":"2026-09-04T13:35:54.536Z","service":"reddington-server","env":"development","req":{"id":"fdc9074f-e136-4169-a899-7d97d063a697","method":"GET","url":"/api/v1/ui/shell?application_id=6a8562336ea167949e828f36","remoteAddress":"::1"},"res":{"statusCode":404},"responseTime":1,"msg":"GET /api/v1/ui/shell?application_id=6a8562336ea167949e828f36 404"}
{"level":40,"time":"2026-09-04T13:36:54.534Z","service":"reddington-server","env":"development","req":{"id":"07eaee71-c33f-4df0-9b73-a587333ad74c","method":"GET","url":"/api/v1/ui/shell?application_id=6a8562336ea167949e828f36","remoteAddress":"::1"},"res":{"statusCode":404},"responseTime":0,"msg":"GET /api/v1/ui/shell?application_id=6a8562336ea167949e828f36 404"}
{"level":40,"time":"2026-09-04T13:37:54.540Z","service":"reddington-server","env":"development","req":{"id":"e9517866-e4f8-448b-b389-ac46adbf3b64","method":"GET","url":"/api/v1/ui/shell?application_id=6a8562336ea167949e828f36","remoteAddress":"::1"},"res":{"statusCode":404},"responseTime":0,"msg":"GET /api/v1/ui/shell?application_id=6a8562336ea167949e828f36 404"}
{"level":40,"time":"2026-09-04T13:38:54.532Z","service":"reddington-server","env":"development","req":{"id":"e81d3030-7968-4c6b-b9e5-3cd91b61cc99","method":"GET","url":"/api/v1/ui/shell?application_id=6a8562336ea167949e828f36","remoteAddress":"::1"},"res":{"statusCode":404},"responseTime":0,"msg":"GET /api/v1/ui/shell?application_id=6a8562336ea167949e828f36 404"}
{"level":40,"time":"2026-09-04T13:39:54.540Z","service":"reddington-server","env":"development","req":{"id":"fac0f6ad-06b4-48cd-997c-b8c12e32b2a7","method":"GET","url":"/api/v1/ui/shell?application_id=6a8562336ea167949e828f36","remoteAddress":"::1"},"res":{"statusCode":404},"responseTime":0,"msg":"GET /api/v1/ui/shell?application_id=6a8562336ea167949e828f36 404"}
{"level":40,"time":"2026-09-04T13:40:54.536Z","service":"reddington-server","env":"development","req":{"id":"417d0aa0-f203-44a2-b586-d802be604ca6","method":"GET","url":"/api/v1/ui/shell?application_id=6a8562336ea167949e828f36","remoteAddress":"::1"},"res":{"statusCode":404},"responseTime":0,"msg":"GET /api/v1/ui/shell?application_id=6a8562336ea167949e828f36 404"}
{"level":40,"time":"2026-09-04T13:41:54.541Z","service":"reddington-server","env":"development","req":{"id":"3dc21f05-a860-4ddb-af6b-4bc0c8504df5","method":"GET","url":"/api/v1/ui/shell?application_id=6a8562336ea167949e828f36","remoteAddress":"::1"},"res":{"statusCode":404},"responseTime":0,"msg":"GET /api/v1/ui/shell?application_id=6a8562336ea167949e828f36 404"}
{"level":40,"time":"2026-09-04T13:42:54.536Z","service":"reddington-server","env":"development","req":{"id":"167aeb22-b367-4a8e-b9d1-a87a3bce25a8","method":"GET","url":"/api/v1/ui/shell?application_id=6a8562336ea167949e828f36","remoteAddress":"::1"},"res":{"statusCode":404},"responseTime":0,"msg":"GET /api/v1/ui/shell?application_id=6a8562336ea167949e828f36 404"}
{"level":40,"time":"2026-09-04T13:43:54.543Z","service":"reddington-server","env":"development","req":{"id":"80579ba3-755a-4c2f-8930-1ca9cb72ac3a","method":"GET","url":"/api/v1/ui/shell?application_id=6a8562336ea167949e828f36","remoteAddress":"::1"},"res":{"statusCode":404},"responseTime":1,"msg":"GET /api/v1/ui/shell?application_id=6a8562336ea167949e828f36 404"}
{"level":40,"time":"2026-09-04T13:44:54.541Z","service":"reddington-server","env":"development","req":{"id":"261a43ef-1025-4af5-a0f4-af1dd4d8c05f","method":"GET","url":"/api/v1/ui/shell?application_id=6a8562336ea167949e828f36","remoteAddress":"::1"},"res":{"statusCode":404},"responseTime":0,"msg":"GET /api/v1/ui/shell?application_id=6a8562336ea167949e828f36 404"}
{"level":40,"time":"2026-09-04T13:45:54.530Z","service":"reddington-server","env":"development","req":{"id":"9b280d05-5148-4935-8e2c-0590339555b0","method":"GET","url":"/api/v1/ui/shell?application_id=6a8562336ea167949e828f36","remoteAddress":"::1"},"res":{"statusCode":404},"responseTime":0,"msg":"GET /api/v1/ui/shell?application_id=6a8562336ea167949e828f36 404"}
{"level":40,"time":"2026-09-04T13:46:54.526Z","service":"reddington-server","env":"development","req":{"id":"7c3b312e-7e5d-45b3-82d3-8b183df7b165","method":"GET","url":"/api/v1/ui/shell?application_id=6a8562336ea167949e828f36","remoteAddress":"::1"},"res":{"statusCode":404},"responseTime":0,"msg":"GET /api/v1/ui/shell?application_id=6a8562336ea167949e828f36 404"}
{"level":40,"time":"2026-09-04T13:47:54.541Z","service":"reddington-server","env":"development","req":{"id":"831dc7ca-a7e4-477e-832f-d86e502506a6","method":"GET","url":"/api/v1/ui/shell?application_id=6a8562336ea167949e828f36","remoteAddress":"::1"},"res":{"statusCode":404},"responseTime":0,"msg":"GET /api/v1/ui/shell?application_id=6a8562336ea167949e828f36 404"}
{"level":40,"time":"2026-09-04T13:48:54.561Z","service":"reddington-server","env":"development","req":{"id":"dd9ba853-6a62-4301-b6e3-d348531d39e9","method":"GET","url":"/api/v1/ui/shell?application_id=6a8562336ea167949e828f36","remoteAddress":"::1"},"res":{"statusCode":404},"responseTime":0,"msg":"GET /api/v1/ui/shell?application_id=6a8562336ea167949e828f36 404"}
{"level":40,"time":"2026-09-04T13:49:54.533Z","service":"reddington-server","env":"development","req":{"id":"4946c3de-4f1d-42d4-b584-e5fea87b9507","method":"GET","url":"/api/v1/ui/shell?application_id=6a8562336ea167949e828f36","remoteAddress":"::1"},"res":{"statusCode":404},"responseTime":0,"msg":"GET /api/v1/ui/shell?application_id=6a8562336ea167949e828f36 404"}
{"level":40,"time":"2026-09-04T13:50:54.539Z","service":"reddington-server","env":"development","req":{"id":"4830c964-b4ba-4277-a4b0-b494206ed69e","method":"GET","url":"/api/v1/ui/shell?application_id=6a8562336ea167949e828f36","remoteAddress":"::1"},"res":{"statusCode":404},"responseTime":1,"msg":"GET /api/v1/ui/shell?application_id=6a8562336ea167949e828f36 404"}
{"level":40,"time":"2026-09-04T13:51:54.544Z","service":"reddington-server","env":"development","req":{"id":"00e50a24-e7f4-4695-8b15-8def2ed4b552","method":"GET","url":"/api/v1/ui/shell?application_id=6a8562336ea167949e828f36","remoteAddress":"::1"},"res":{"statusCode":404},"responseTime":1,"msg":"GET /api/v1/ui/shell?application_id=6a8562336ea167949e828f36 404"}
{"level":40,"time":"2026-09-04T13:52:54.541Z","service":"reddington-server","env":"development","req":{"id":"afae61fd-9be7-4f86-bd8f-7c8624abd6eb","method":"GET","url":"/api/v1/ui/shell?application_id=6a8562336ea167949e828f36","remoteAddress":"::1"},"res":{"statusCode":404},"responseTime":1,"msg":"GET /api/v1/ui/shell?application_id=6a8562336ea167949e828f36 404"}
{"level":40,"time":"2026-09-04T13:53:54.537Z","service":"reddington-server","env":"development","req":{"id":"b0b41d34-d8bf-4b15-8cb0-d348f4024d9c","method":"GET","url":"/api/v1/ui/shell?application_id=6a8562336ea167949e828f36","remoteAddress":"::1"},"res":{"statusCode":404},"responseTime":0,"msg":"GET /api/v1/ui/shell?application_id=6a8562336ea167949e828f36 404"}
{"level":40,"time":"2026-09-04T13:54:54.540Z","service":"reddington-server","env":"development","req":{"id":"a05d0ba8-a76f-49da-877e-752ccdd366f7","method":"GET","url":"/api/v1/ui/shell?application_id=6a8562336ea167949e828f36","remoteAddress":"::1"},"res":{"statusCode":404},"responseTime":0,"msg":"GET /api/v1/ui/shell?application_id=6a8562336ea167949e828f36 404"}
{"level":40,"time":"2026-09-04T13:55:54.527Z","service":"reddington-server","env":"development","req":{"id":"ba3e5eda-9102-4608-adca-fbbbe574c5ba","method":"GET","url":"/api/v1/ui/shell?application_id=6a8562336ea167949e828f36","remoteAddress":"::1"},"res":{"statusCode":404},"responseTime":0,"msg":"GET /api/v1/ui/shell?application_id=6a8562336ea167949e828f36 404"}
{"level":40,"time":"2026-09-04T13:56:54.552Z","service":"reddington-server","env":"development","req":{"id":"c2b43d63-4d17-4aac-8f75-4037f81db9bb","method":"GET","url":"/api/v1/ui/shell?application_id=6a8562336ea167949e828f36","remoteAddress":"::1"},"res":{"statusCode":404},"responseTime":0,"msg":"GET /api/v1/ui/shell?application_id=6a8562336ea167949e828f36 404"}
{"level":40,"time":"2026-09-04T13:57:54.545Z","service":"reddington-server","env":"development","req":{"id":"528e49e8-8c6f-4200-9024-f3154e26b7d2","method":"GET","url":"/api/v1/ui/shell?application_id=6a8562336ea167949e828f36","remoteAddress":"::1"},"res":{"statusCode":404},"responseTime":0,"msg":"GET /api/v1/ui/shell?application_id=6a8562336ea167949e828f36 404"}
{"level":40,"time":"2026-09-04T13:58:54.584Z","service":"reddington-server","env":"development","req":{"id":"a58c56b9-62cb-46e4-a7ca-ccb94a79f0c8","method":"GET","url":"/api/v1/ui/shell?application_id=6a8562336ea167949e828f36","remoteAddress":"::1"},"res":{"statusCode":404},"responseTime":1,"msg":"GET /api/v1/ui/shell?application_id=6a8562336ea167949e828f36 404"}
{"level":40,"time":"2026-09-04T13:59:54.554Z","service":"reddington-server","env":"development","req":{"id":"0b576722-d14a-46f3-a9aa-0cee329efa09","method":"GET","url":"/api/v1/ui/shell?application_id=6a8562336ea167949e828f36","remoteAddress":"::1"},"res":{"statusCode":404},"responseTime":1,"msg":"GET /api/v1/ui/shell?application_id=6a8562336ea167949e828f36 404"}
{"level":40,"time":"2026-09-04T14:00:54.555Z","service":"reddington-server","env":"development","req":{"id":"f6e24c4e-ac3d-403c-aa5f-42b93c044de5","method":"GET","url":"/api/v1/ui/shell?application_id=6a8562336ea167949e828f36","remoteAddress":"::1"},"res":{"statusCode":404},"responseTime":1,"msg":"GET /api/v1/ui/shell?application_id=6a8562336ea167949e828f36 404"}
{"level":40,"time":"2026-09-04T14:01:54.567Z","service":"reddington-server","env":"development","req":{"id":"4c254499-51f7-412c-8b67-37b761d9af1b","method":"GET","url":"/api/v1/ui/shell?application_id=6a8562336ea167949e828f36","remoteAddress":"::1"},"res":{"statusCode":404},"responseTime":0,"msg":"GET /api/v1/ui/shell?application_id=6a8562336ea167949e828f36 404"}
{"level":40,"time":"2026-09-04T14:02:47.567Z","service":"reddington-server","env":"development","req":{"id":"9fd9f6d7-bd46-4433-8a87-65ec23f5ff8e","method":"GET","url":"/api/v1/ui/shell?application_id=6a8562336ea167949e828f36","remoteAddress":"::1"},"res":{"statusCode":404},"responseTime":1,"msg":"GET /api/v1/ui/shell?application_id=6a8562336ea167949e828f36 404"}
{"level":30,"time":"2026-09-04T14:02:48.920Z","service":"reddington-server","env":"development","req":{"id":"b5d4853f-617e-4c0e-80e6-fad49b891e3b","method":"GET","url":"/api/auth/me","remoteAddress":"::1"},"res":{"statusCode":304},"responseTime":119,"msg":"GET /me 304"}
{"level":30,"time":"2026-09-04T14:02:48.937Z","service":"reddington-server","env":"development","req":{"id":"e3b47711-a3df-4f71-8052-f6ad4921cd1a","method":"GET","url":"/api/auth/me","remoteAddress":"::1"},"res":{"statusCode":304},"responseTime":11,"msg":"GET /me 304"}
{"level":30,"time":"2026-09-04T14:02:48.968Z","service":"reddington-server","env":"development","req":{"id":"5a0a3a8b-66c7-4350-8203-57e010364af3","method":"GET","url":"/api/consents/me","remoteAddress":"::1"},"res":{"statusCode":304},"responseTime":14,"msg":"GET /me 304"}
{"level":30,"time":"2026-09-04T14:02:48.977Z","service":"reddington-server","env":"development","req":{"id":"811193a8-fd4d-4ea2-8b22-f0a5f0e576f3","method":"GET","url":"/api/consents/me","remoteAddress":"::1"},"res":{"statusCode":304},"responseTime":4,"msg":"GET /me 304"}
