{"level":30,"time":"2026-08-17T09:15:17.389Z","service":"reddington-server","env":"development","port":"5000","msg":"reddington server listening on http://localhost:5000"}
{"level":30,"time":"2026-08-17T09:15:17.389Z","service":"reddington-server","env":"development","module":"dsar-worker","intervalMs":30000,"msg":"started"}
{"level":30,"time":"2026-08-17T09:15:20.621Z","service":"reddington-server","env":"development","req":{"id":"21ce7d2c-2866-4dc0-812c-153eb6a92e3e","method":"GET","url":"/api/auth/me","remoteAddress":"::1"},"res":{"statusCode":200},"responseTime":181,"msg":"GET /me 200"}
{"level":30,"time":"2026-08-17T09:15:20.634Z","service":"reddington-server","env":"development","req":{"id":"5cb1c49d-e886-44fe-928c-bef62c881730","method":"GET","url":"/api/consents/me","remoteAddress":"::1"},"res":{"statusCode":200},"responseTime":7,"msg":"GET /me 200"}
{"level":30,"time":"2026-08-17T09:15:20.668Z","service":"reddington-server","env":"development","req":{"id":"512e8384-7450-443d-8ef8-f254f3f72300","method":"GET","url":"/api/auth/me","remoteAddress":"::1"},"res":{"statusCode":304},"responseTime":43,"msg":"GET /me 304"}
{"level":30,"time":"2026-08-17T09:15:20.678Z","service":"reddington-server","env":"development","req":{"id":"68542860-a6b5-461c-a23f-cae74d482928","method":"GET","url":"/api/consents/me","remoteAddress":"::1"},"res":{"statusCode":304},"responseTime":4,"msg":"GET /me 304"}
{"level":30,"time":"2026-08-17T09:15:40.416Z","service":"reddington-server","env":"development","req":{"id":"7cc536d9-2afb-4c20-9831-b7e925c939fd","method":"GET","url":"/api/auth/me","remoteAddress":"::1"},"res":{"statusCode":304},"responseTime":15,"msg":"GET /me 304"}
{"level":30,"time":"2026-08-17T09:15:40.429Z","service":"reddington-server","env":"development","req":{"id":"a4a2d071-5ce6-433c-990b-879b85add90b","method":"GET","url":"/api/auth/me","remoteAddress":"::1"},"res":{"statusCode":304},"responseTime":7,"msg":"GET /me 304"}
{"level":30,"time":"2026-08-17T09:15:40.455Z","service":"reddington-server","env":"development","req":{"id":"2ce52725-121f-41af-8a4e-d57fd12f5d82","method":"GET","url":"/api/consents/me","remoteAddress":"::1"},"res":{"statusCode":304},"responseTime":3,"msg":"GET /me 304"}
{"level":30,"time":"2026-08-17T09:15:40.466Z","service":"reddington-server","env":"development","req":{"id":"3797aa10-6d63-4954-a415-c0df10fb4dff","method":"GET","url":"/api/consents/me","remoteAddress":"::1"},"res":{"statusCode":304},"responseTime":4,"msg":"GET /me 304"}
{"level":40,"time":"2026-08-17T09:15:46.316Z","service":"reddington-server","env":"development","req":{"id":"cbfb5462-8bd0-435b-a06a-a86dd143f877","method":"POST","url":"/api/auth/login","remoteAddress":"::1"},"err":{"type":"Object","message":"invalid_credentials","stack":"","status":401},"msg":"client error"}
{"level":40,"time":"2026-08-17T09:15:46.317Z","service":"reddington-server","env":"development","req":{"id":"cbfb5462-8bd0-435b-a06a-a86dd143f877","method":"POST","url":"/api/auth/login","remoteAddress":"::1"},"res":{"statusCode":401},"responseTime":5,"msg":"POST /api/auth/login 401"}
{"level":30,"time":"2026-08-17T09:15:47.042Z","service":"reddington-server","env":"development","port":"5000","msg":"reddington server listening on http://localhost:5000"}
{"level":30,"time":"2026-08-17T09:15:47.042Z","service":"reddington-server","env":"development","module":"dsar-worker","intervalMs":30000,"msg":"started"}
{"level":40,"time":"2026-08-17T09:22:37.205Z","service":"reddington-server","env":"development","req":{"id":"172ad021-811c-45fa-96db-447a9df2688b","method":"GET","url":"/api/auth/me","remoteAddress":"::1"},"res":{"statusCode":401},"responseTime":7,"msg":"GET /me 401"}
{"level":40,"time":"2026-08-17T09:22:37.211Z","service":"reddington-server","env":"development","req":{"id":"6d8561f8-4a8b-4a62-8fa4-75602c625bfc","method":"GET","url":"/api/auth/me","remoteAddress":"::1"},"res":{"statusCode":401},"responseTime":1,"msg":"GET /me 401"}
{"level":40,"time":"2026-08-17T09:22:38.928Z","service":"reddington-server","env":"development","req":{"id":"d42b60b1-77ca-43dc-a10f-99c8ae26ea07","method":"POST","url":"/api/auth/login","remoteAddress":"::1"},"err":{"type":"Object","message":"invalid_credentials","stack":"","status":401},"msg":"client error"}
{"level":40,"time":"2026-08-17T09:22:38.929Z","service":"reddington-server","env":"development","req":{"id":"d42b60b1-77ca-43dc-a10f-99c8ae26ea07","method":"POST","url":"/api/auth/login","remoteAddress":"::1"},"res":{"statusCode":401},"responseTime":8,"msg":"POST /api/auth/login 401"}
{"level":30,"time":"2026-08-17T09:25:34.389Z","service":"reddington-server","env":"development","port":"5000","msg":"reddington server listening on http://localhost:5000"}
{"level":30,"time":"2026-08-17T09:25:34.389Z","service":"reddington-server","env":"development","module":"dsar-worker","intervalMs":30000,"msg":"started"}
{"level":40,"time":"2026-08-17T09:25:35.954Z","service":"reddington-server","env":"development","req":{"id":"0362dc8f-924b-4dce-b13e-3bdd5cbf96b0","method":"GET","url":"/api/auth/me","remoteAddress":"::1"},"res":{"statusCode":401},"responseTime":5,"msg":"GET /me 401"}
{"level":40,"time":"2026-08-17T09:25:35.960Z","service":"reddington-server","env":"development","req":{"id":"7e4db05c-5e52-4408-b272-cccf9f3dbe83","method":"GET","url":"/api/auth/me","remoteAddress":"::1"},"res":{"statusCode":401},"responseTime":1,"msg":"GET /me 401"}
{"level":40,"time":"2026-08-17T09:25:37.490Z","service":"reddington-server","env":"development","req":{"id":"08d2c376-4e9e-418a-8e78-992e9ab8f58e","method":"POST","url":"/api/auth/login","remoteAddress":"::1"},"err":{"type":"Object","message":"invalid_credentials","stack":"","status":401},"msg":"client error"}
{"level":40,"time":"2026-08-17T09:25:37.491Z","service":"reddington-server","env":"development","req":{"id":"08d2c376-4e9e-418a-8e78-992e9ab8f58e","method":"POST","url":"/api/auth/login","remoteAddress":"::1"},"res":{"statusCode":401},"responseTime":59,"msg":"POST /api/auth/login 401"}
{"level":40,"time":"2026-08-17T09:25:38.521Z","service":"reddington-server","env":"development","req":{"id":"6b8fa8cc-9d61-46b0-9767-be2649d79d06","method":"POST","url":"/api/auth/login","remoteAddress":"::1"},"err":{"type":"Object","message":"invalid_credentials","stack":"","status":401},"msg":"client error"}
{"level":40,"time":"2026-08-17T09:25:38.522Z","service":"reddington-server","env":"development","req":{"id":"6b8fa8cc-9d61-46b0-9767-be2649d79d06","method":"POST","url":"/api/auth/login","remoteAddress":"::1"},"res":{"statusCode":401},"responseTime":4,"msg":"POST /api/auth/login 401"}
{"level":40,"time":"2026-08-17T09:25:42.483Z","service":"reddington-server","env":"development","req":{"id":"eec00c0b-48ab-467e-9d48-920cba3bdd48","method":"POST","url":"/api/auth/login","remoteAddress":"::1"},"err":{"type":"Object","message":"invalid_credentials","stack":"","status":401},"msg":"client error"}
{"level":40,"time":"2026-08-17T09:25:42.484Z","service":"reddington-server","env":"development","req":{"id":"eec00c0b-48ab-467e-9d48-920cba3bdd48","method":"POST","url":"/api/auth/login","remoteAddress":"::1"},"res":{"statusCode":401},"responseTime":3,"msg":"POST /api/auth/login 401"}
{"level":40,"time":"2026-08-17T09:25:44.505Z","service":"reddington-server","env":"development","req":{"id":"2a0bc269-274c-434c-b666-a1846ebd1958","method":"POST","url":"/api/auth/login","remoteAddress":"::1"},"err":{"type":"Object","message":"invalid_credentials","stack":"","status":401},"msg":"client error"}
{"level":40,"time":"2026-08-17T09:25:44.506Z","service":"reddington-server","env":"development","req":{"id":"2a0bc269-274c-434c-b666-a1846ebd1958","method":"POST","url":"/api/auth/login","remoteAddress":"::1"},"res":{"statusCode":401},"responseTime":3,"msg":"POST /api/auth/login 401"}
{"level":40,"time":"2026-08-17T09:57:35.661Z","service":"reddington-server","env":"development","req":{"id":"7ad0b5f8-b908-4402-a079-4ebb89e6feef","method":"GET","url":"/api/auth/me","remoteAddress":"::1"},"res":{"statusCode":401},"responseTime":1,"msg":"GET /me 401"}
{"level":40,"time":"2026-08-17T09:57:35.667Z","service":"reddington-server","env":"development","req":{"id":"b3377999-646e-46a2-a210-7a36e0114751","method":"GET","url":"/api/auth/me","remoteAddress":"::1"},"res":{"statusCode":401},"responseTime":0,"msg":"GET /me 401"}
{"level":30,"time":"2026-08-17T09:57:46.757Z","service":"reddington-server","env":"development","req":{"id":"35372fa4-19a4-4309-b6c5-e740bc6aadfa","method":"POST","url":"/api/auth/login","remoteAddress":"::1"},"res":{"statusCode":200},"responseTime":150,"msg":"POST /login 200"}
{"level":30,"time":"2026-08-17T09:57:46.775Z","service":"reddington-server","env":"development","req":{"id":"4aff8c8b-08cf-4c61-a44d-8afc6293a0f1","method":"GET","url":"/api/consents/me","remoteAddress":"::1"},"res":{"statusCode":304},"responseTime":8,"msg":"GET /me 304"}
{"level":30,"time":"2026-08-17T09:57:46.849Z","service":"reddington-server","env":"development","req":{"id":"39b4e2c4-159c-4ca5-a924-f7f0823e3fbc","method":"GET","url":"/api/consents/purposes","remoteAddress":"::1"},"res":{"statusCode":304},"responseTime":8,"msg":"GET /purposes 304"}
{"level":30,"time":"2026-08-17T09:57:46.857Z","service":"reddington-server","env":"development","req":{"id":"fd201e6b-df6d-4bad-aa46-5ea8e55793df","method":"GET","url":"/api/consents/purposes","remoteAddress":"::1"},"res":{"statusCode":304},"responseTime":3,"msg":"GET /purposes 304"}
{"level":30,"time":"2026-08-17T09:57:59.229Z","service":"reddington-server","env":"development","req":{"id":"001f7700-6483-4895-b017-bd37c83bca62","method":"POST","url":"/api/consents/decisions","remoteAddress":"::1"},"res":{"statusCode":201},"responseTime":96,"msg":"POST /decisions 201"}
{"level":30,"time":"2026-08-17T09:57:59.241Z","service":"reddington-server","env":"development","req":{"id":"1f7997dd-4e3f-4ec0-a493-03550a39aa8f","method":"GET","url":"/api/consents/me","remoteAddress":"::1"},"res":{"statusCode":200},"responseTime":3,"msg":"GET /me 200"}
{"level":30,"time":"2026-08-17T09:57:59.400Z","service":"reddington-server","env":"development","req":{"id":"d6a827b3-f6ac-4b83-ba9e-3556a91a0c26","method":"GET","url":"/api/consents/purposes","remoteAddress":"::1"},"res":{"statusCode":304},"responseTime":4,"msg":"GET /purposes 304"}
{"level":40,"time":"2026-08-17T09:57:59.411Z","service":"reddington-server","env":"development","req":{"id":"227a9bd4-8ea5-4025-ab83-f4d5396e1bb9","method":"GET","url":"/api/recommendations","remoteAddress":"::1"},"res":{"statusCode":403},"responseTime":13,"msg":"GET / 403"}
{"level":30,"time":"2026-08-17T09:57:59.454Z","service":"reddington-server","env":"development","req":{"id":"3185eee9-41ae-4cb5-b883-a1fef45177bd","method":"GET","url":"/api/cart","remoteAddress":"::1"},"res":{"statusCode":304},"responseTime":46,"msg":"GET / 304"}
{"level":30,"time":"2026-08-17T09:57:59.508Z","service":"reddington-server","env":"development","req":{"id":"98e96d65-8e8b-4ba7-86fe-f2f3270b7724","method":"GET","url":"/api/consents/purposes","remoteAddress":"::1"},"res":{"statusCode":304},"responseTime":71,"msg":"GET /purposes 304"}
{"level":30,"time":"2026-08-17T09:57:59.518Z","service":"reddington-server","env":"development","req":{"id":"7a5bf274-0f18-48d3-88c0-dfadd1469e4a","method":"GET","url":"/api/users/wishlist","remoteAddress":"::1"},"res":{"statusCode":200},"responseTime":112,"msg":"GET /wishlist 200"}
{"level":30,"time":"2026-08-17T09:57:59.525Z","service":"reddington-server","env":"development","req":{"id":"2a03174f-2d57-4475-b84f-fc674701085e","method":"GET","url":"/api/products?sort=rating&limit=8","remoteAddress":"::1"},"res":{"statusCode":304},"responseTime":122,"msg":"GET /?sort=rating&limit=8 304"}
{"level":30,"time":"2026-08-17T09:57:59.632Z","service":"reddington-server","env":"development","req":{"id":"7d4dce71-ce0c-4d19-aa41-bb3414b91518","method":"GET","url":"/api/notifications/unread-count","remoteAddress":"::1"},"res":{"statusCode":200},"responseTime":219,"msg":"GET /unread-count 200"}
{"level":30,"time":"2026-08-17T09:58:13.668Z","service":"reddington-server","env":"development","req":{"id":"a0f89379-47e5-474e-8aec-7d96cab5c52b","method":"GET","url":"/api/products?sort=rating&limit=8","remoteAddress":"::1"},"res":{"statusCode":304},"responseTime":6,"msg":"GET /?sort=rating&limit=8 304"}
{"level":40,"time":"2026-08-17T09:58:13.669Z","service":"reddington-server","env":"development","req":{"id":"519a100d-1a5b-4d88-9c31-21fdf21f54b9","method":"GET","url":"/api/recommendations","remoteAddress":"::1"},"res":{"statusCode":403},"responseTime":9,"msg":"GET / 403"}
{"level":30,"time":"2026-08-17T09:58:13.674Z","service":"reddington-server","env":"development","req":{"id":"869c432d-2714-464c-9ea5-34fe94212bd2","method":"GET","url":"/api/users/wishlist","remoteAddress":"::1"},"res":{"statusCode":304},"responseTime":7,"msg":"GET /wishlist 304"}
{"level":40,"time":"2026-08-17T09:58:16.666Z","service":"reddington-server","env":"development","req":{"id":"be457839-265c-4fb4-b09d-c787b77dc461","method":"GET","url":"/api/recommendations","remoteAddress":"::1"},"res":{"statusCode":403},"responseTime":5,"msg":"GET / 403"}
{"level":30,"time":"2026-08-17T09:58:16.676Z","service":"reddington-server","env":"development","req":{"id":"5dbe61db-9957-4446-95ca-9a9964f29e82","method":"GET","url":"/api/users/wishlist","remoteAddress":"::1"},"res":{"statusCode":304},"responseTime":4,"msg":"GET /wishlist 304"}
{"level":30,"time":"2026-08-17T09:58:16.679Z","service":"reddington-server","env":"development","req":{"id":"7f938c27-ddae-4e82-83ed-3db38d21bb4c","method":"GET","url":"/api/products?sort=rating&limit=8","remoteAddress":"::1"},"res":{"statusCode":304},"responseTime":9,"msg":"GET /?sort=rating&limit=8 304"}
{"level":40,"time":"2026-08-17T09:58:22.649Z","service":"reddington-server","env":"development","req":{"id":"b2b189cc-ec53-4a50-adbc-2694f04749d9","method":"GET","url":"/api/recommendations","remoteAddress":"::1"},"res":{"statusCode":403},"responseTime":3,"msg":"GET / 403"}
{"level":30,"time":"2026-08-17T09:58:22.650Z","service":"reddington-server","env":"development","req":{"id":"c4e83f21-b3fa-46af-b5df-a33b8f1fd015","method":"GET","url":"/api/products?sort=rating&limit=8","remoteAddress":"::1"},"res":{"statusCode":304},"responseTime":2,"msg":"GET /?sort=rating&limit=8 304"}
{"level":30,"time":"2026-08-17T09:58:22.650Z","service":"reddington-server","env":"development","req":{"id":"9f829eac-2a5c-400b-8c41-e922f5f3871f","method":"GET","url":"/api/users/wishlist","remoteAddress":"::1"},"res":{"statusCode":304},"responseTime":2,"msg":"GET /wishlist 304"}
{"level":40,"time":"2026-08-17T09:58:25.678Z","service":"reddington-server","env":"development","req":{"id":"b3c383ac-e15e-403e-8b27-ec42f680cb18","method":"GET","url":"/api/recommendations","remoteAddress":"::1"},"res":{"statusCode":403},"responseTime":6,"msg":"GET / 403"}
{"level":30,"time":"2026-08-17T09:58:25.679Z","service":"reddington-server","env":"development","req":{"id":"eb564620-cdd3-48d3-9d03-b4e9f01b78ed","method":"GET","url":"/api/products?sort=rating&limit=8","remoteAddress":"::1"},"res":{"statusCode":304},"responseTime":5,"msg":"GET /?sort=rating&limit=8 304"}
{"level":30,"time":"2026-08-17T09:58:25.679Z","service":"reddington-server","env":"development","req":{"id":"9be6956e-369c-4dd3-b9bf-09e542d109f9","method":"GET","url":"/api/users/wishlist","remoteAddress":"::1"},"res":{"statusCode":304},"responseTime":4,"msg":"GET /wishlist 304"}
{"level":30,"time":"2026-08-17T09:58:29.661Z","service":"reddington-server","env":"development","req":{"id":"fce56116-8d6c-41c4-9270-5b010f37f1fd","method":"GET","url":"/api/notifications/unread-count","remoteAddress":"::1"},"res":{"statusCode":304},"responseTime":2,"msg":"GET /unread-count 304"}
{"level":40,"time":"2026-08-17T09:58:47.649Z","service":"reddington-server","env":"development","req":{"id":"a3f07501-3888-4bef-9f95-4e40bfdd3528","method":"GET","url":"/api/recommendations","remoteAddress":"::1"},"res":{"statusCode":403},"responseTime":3,"msg":"GET / 403"}
{"level":30,"time":"2026-08-17T09:58:47.649Z","service":"reddington-server","env":"development","req":{"id":"a04f675a-44db-44bd-a33a-5bdbde0bd0d3","method":"GET","url":"/api/products?sort=rating&limit=8","remoteAddress":"::1"},"res":{"statusCode":304},"responseTime":2,"msg":"GET /?sort=rating&limit=8 304"}
{"level":30,"time":"2026-08-17T09:58:47.650Z","service":"reddington-server","env":"development","req":{"id":"d3fde218-4c78-4bd4-b370-7e5c75b6f822","method":"GET","url":"/api/users/wishlist","remoteAddress":"::1"},"res":{"statusCode":304},"responseTime":2,"msg":"GET /wishlist 304"}
{"level":30,"time":"2026-08-17T09:58:53.967Z","service":"reddington-server","env":"development","req":{"id":"b1d3a9e4-154d-4feb-b840-4d1839ba076f","method":"GET","url":"/api/auth/me","remoteAddress":"::1"},"res":{"statusCode":200},"responseTime":19,"msg":"GET /me 200"}
{"level":30,"time":"2026-08-17T09:58:53.987Z","service":"reddington-server","env":"development","req":{"id":"0285e375-6483-452a-87a8-1f7f6a782697","method":"GET","url":"/api/auth/me","remoteAddress":"::1"},"res":{"statusCode":304},"responseTime":14,"msg":"GET /me 304"}
{"level":30,"time":"2026-08-17T09:58:54.017Z","service":"reddington-server","env":"development","req":{"id":"f1e1ff8c-8f72-459e-b526-a0fa2c567873","method":"GET","url":"/api/consents/me","remoteAddress":"::1"},"res":{"statusCode":304},"responseTime":9,"msg":"GET /me 304"}
{"level":30,"time":"2026-08-17T09:58:54.025Z","service":"reddington-server","env":"development","req":{"id":"3ec28418-2d6a-44b2-8d49-cf8396e86be1","method":"GET","url":"/api/consents/me","remoteAddress":"::1"},"res":{"statusCode":304},"responseTime":3,"msg":"GET /me 304"}
{"level":40,"time":"2026-08-17T09:58:54.095Z","service":"reddington-server","env":"development","req":{"id":"a52845f1-f6c1-4754-abdb-f9a67fba7dac","method":"GET","url":"/api/recommendations","remoteAddress":"::1"},"res":{"statusCode":403},"responseTime":5,"msg":"GET / 403"}
{"level":30,"time":"2026-08-17T09:58:54.098Z","service":"reddington-server","env":"development","req":{"id":"13476e44-fafd-42d0-8474-6ae6a3abade4","method":"GET","url":"/api/consents/purposes","remoteAddress":"::1"},"res":{"statusCode":304},"responseTime":11,"msg":"GET /purposes 304"}
{"level":30,"time":"2026-08-17T09:58:54.107Z","service":"reddington-server","env":"development","req":{"id":"c4f9799a-be24-45d0-9374-7f48fc05782e","method":"GET","url":"/api/products?sort=rating&limit=8","remoteAddress":"::1"},"res":{"statusCode":304},"responseTime":5,"msg":"GET /?sort=rating&limit=8 304"}
{"level":30,"time":"2026-08-17T09:58:54.110Z","service":"reddington-server","env":"development","req":{"id":"8e065502-2b72-4201-ae46-a48ef80d12e6","method":"GET","url":"/api/users/wishlist","remoteAddress":"::1"},"res":{"statusCode":304},"responseTime":6,"msg":"GET /wishlist 304"}
{"level":30,"time":"2026-08-17T09:58:54.119Z","service":"reddington-server","env":"development","req":{"id":"b24b2440-bc41-469f-bdb4-bf74ad51e02e","method":"GET","url":"/api/cart","remoteAddress":"::1"},"res":{"statusCode":304},"responseTime":11,"msg":"GET / 304"}
{"level":30,"time":"2026-08-17T09:58:54.123Z","service":"reddington-server","env":"development","req":{"id":"216e0f12-c7ad-47db-82d8-10b8328cb46a","method":"GET","url":"/api/notifications/unread-count","remoteAddress":"::1"},"res":{"statusCode":304},"responseTime":10,"msg":"GET /unread-count 304"}
{"level":30,"time":"2026-08-17T09:58:54.169Z","service":"reddington-server","env":"development","req":{"id":"c4dbbd3a-58b7-4762-9946-735a6aef2642","method":"GET","url":"/api/consents/purposes","remoteAddress":"::1"},"res":{"statusCode":304},"responseTime":10,"msg":"GET /purposes 304"}
{"level":40,"time":"2026-08-17T09:59:21.651Z","service":"reddington-server","env":"development","req":{"id":"43af85ee-4b3d-49b1-803a-ae1c1c19cdc2","method":"GET","url":"/api/recommendations","remoteAddress":"::1"},"res":{"statusCode":403},"responseTime":3,"msg":"GET / 403"}
{"level":30,"time":"2026-08-17T09:59:21.652Z","service":"reddington-server","env":"development","req":{"id":"22629114-8ea8-48ef-bd7e-efd496a0bf33","method":"GET","url":"/api/products?sort=rating&limit=8","remoteAddress":"::1"},"res":{"statusCode":304},"responseTime":2,"msg":"GET /?sort=rating&limit=8 304"}
{"level":30,"time":"2026-08-17T09:59:21.656Z","service":"reddington-server","env":"development","req":{"id":"4ff231c2-9556-4e86-b2fe-f15ded36f5b7","method":"GET","url":"/api/users/wishlist","remoteAddress":"::1"},"res":{"statusCode":304},"responseTime":2,"msg":"GET /wishlist 304"}
{"level":40,"time":"2026-08-17T09:59:35.930Z","service":"reddington-server","env":"development","req":{"id":"6acb92eb-6143-47d2-aaf2-eba230182f81","method":"GET","url":"/api/recommendations","remoteAddress":"::1"},"res":{"statusCode":403},"responseTime":6,"msg":"GET / 403"}
{"level":30,"time":"2026-08-17T09:59:35.931Z","service":"reddington-server","env":"development","req":{"id":"9a293ed6-ae4d-42d8-9628-33c95a69f0ec","method":"GET","url":"/api/consents/purposes","remoteAddress":"::1"},"res":{"statusCode":304},"responseTime":9,"msg":"GET /purposes 304"}
{"level":30,"time":"2026-08-17T09:59:35.933Z","service":"reddington-server","env":"development","req":{"id":"4fddea38-02d3-4d4c-a011-52fc90d9bb65","method":"GET","url":"/api/products?sort=rating&limit=8","remoteAddress":"::1"},"res":{"statusCode":304},"responseTime":5,"msg":"GET /?sort=rating&limit=8 304"}
{"level":30,"time":"2026-08-17T09:59:35.944Z","service":"reddington-server","env":"development","req":{"id":"f0651aeb-d173-42f4-8ccd-d3c739aaf170","method":"GET","url":"/api/notifications/unread-count","remoteAddress":"::1"},"res":{"statusCode":304},"responseTime":4,"msg":"GET /unread-count 304"}
{"level":30,"time":"2026-08-17T09:59:35.945Z","service":"reddington-server","env":"development","req":{"id":"bba5d792-a90e-4e46-9383-a72790715c36","method":"GET","url":"/api/cart","remoteAddress":"::1"},"res":{"statusCode":304},"responseTime":11,"msg":"GET / 304"}
{"level":30,"time":"2026-08-17T09:59:35.947Z","service":"reddington-server","env":"development","req":{"id":"3eb1c3bc-2458-499b-ac27-8ea1ef9b81d1","method":"GET","url":"/api/users/wishlist","remoteAddress":"::1"},"res":{"statusCode":304},"responseTime":11,"msg":"GET /wishlist 304"}
{"level":30,"time":"2026-08-17T09:59:35.948Z","service":"reddington-server","env":"development","req":{"id":"983a5acd-601a-4122-a5ec-865e70d666bd","method":"GET","url":"/api/auth/me","remoteAddress":"::1"},"res":{"statusCode":304},"responseTime":7,"msg":"GET /me 304"}
{"level":30,"time":"2026-08-17T09:59:36.003Z","service":"reddington-server","env":"development","req":{"id":"aef1d05f-8ffc-41c2-9073-a567dbcf7e7e","method":"GET","url":"/api/consents/purposes","remoteAddress":"::1"},"res":{"statusCode":304},"responseTime":8,"msg":"GET /purposes 304"}
{"level":30,"time":"2026-08-17T09:59:36.020Z","service":"reddington-server","env":"development","req":{"id":"43f15087-f3e3-443a-9e29-fe1e1ce55387","method":"GET","url":"/api/consents/me","remoteAddress":"::1"},"res":{"statusCode":304},"responseTime":10,"msg":"GET /me 304"}
{"level":30,"time":"2026-08-17T09:59:36.651Z","service":"reddington-server","env":"development","req":{"id":"e38543ec-b4a1-4766-baa1-1d3e9e248f8a","method":"GET","url":"/api/auth/me","remoteAddress":"::1"},"res":{"statusCode":304},"responseTime":8,"msg":"GET /me 304"}
{"level":30,"time":"2026-08-17T09:59:36.663Z","service":"reddington-server","env":"development","req":{"id":"c0ed26a3-ed91-4999-93cd-ba1f3fd5a22f","method":"GET","url":"/api/consents/me","remoteAddress":"::1"},"res":{"statusCode":304},"responseTime":3,"msg":"GET /me 304"}
{"level":30,"time":"2026-08-17T10:00:06.005Z","service":"reddington-server","env":"development","req":{"id":"6bfc1a25-402c-49a9-a92d-4bc60ee88dea","method":"GET","url":"/api/notifications/unread-count","remoteAddress":"::1"},"res":{"statusCode":304},"responseTime":2,"msg":"GET /unread-count 304"}
{"level":30,"time":"2026-08-17T10:00:36.021Z","service":"reddington-server","env":"development","req":{"id":"65498bd6-01e2-41dc-a5cd-83d04e01c8c9","method":"GET","url":"/api/notifications/unread-count","remoteAddress":"::1"},"res":{"statusCode":304},"responseTime":2,"msg":"GET /unread-count 304"}
{"level":30,"time":"2026-08-17T10:01:06.089Z","service":"reddington-server","env":"development","req":{"id":"404e70fa-bfab-4018-bdee-e747cc5d8450","method":"GET","url":"/api/notifications/unread-count","remoteAddress":"::1"},"res":{"statusCode":304},"responseTime":2,"msg":"GET /unread-count 304"}
{"level":30,"time":"2026-08-17T10:06:50.903Z","service":"reddington-server","env":"development","req":{"id":"6b5f8913-c4db-4d9d-a805-3d29e2b48f61","method":"GET","url":"/api/notifications/unread-count","remoteAddress":"::1"},"res":{"statusCode":304},"responseTime":10,"msg":"GET /unread-count 304"}
{"level":30,"time":"2026-08-17T10:07:20.918Z","service":"reddington-server","env":"development","req":{"id":"d0e51469-797c-40fd-a3a9-5b91659f93b0","method":"GET","url":"/api/notifications/unread-count","remoteAddress":"::1"},"res":{"statusCode":304},"responseTime":2,"msg":"GET /unread-count 304"}
{"level":30,"time":"2026-08-17T10:07:50.940Z","service":"reddington-server","env":"development","req":{"id":"8bfcc4b1-6ea4-4b74-9881-6b84295fbf3f","method":"GET","url":"/api/notifications/unread-count","remoteAddress":"::1"},"res":{"statusCode":304},"responseTime":2,"msg":"GET /unread-count 304"}
{"level":30,"time":"2026-08-17T10:08:20.960Z","service":"reddington-server","env":"development","req":{"id":"517dc7da-002e-4132-ade1-e1d9dc47bb94","method":"GET","url":"/api/notifications/unread-count","remoteAddress":"::1"},"res":{"statusCode":304},"responseTime":5,"msg":"GET /unread-count 304"}
{"level":30,"time":"2026-08-17T10:08:50.973Z","service":"reddington-server","env":"development","req":{"id":"3c740ef5-6c53-4528-a403-868e5223b45c","method":"GET","url":"/api/notifications/unread-count","remoteAddress":"::1"},"res":{"statusCode":304},"responseTime":2,"msg":"GET /unread-count 304"}
{"level":30,"time":"2026-08-17T10:09:20.993Z","service":"reddington-server","env":"development","req":{"id":"43211231-d2ae-483a-bcc9-dade254c2f9e","method":"GET","url":"/api/notifications/unread-count","remoteAddress":"::1"},"res":{"statusCode":304},"responseTime":3,"msg":"GET /unread-count 304"}
{"level":30,"time":"2026-08-17T10:09:51.012Z","service":"reddington-server","env":"development","req":{"id":"925729ff-4fd9-4874-8640-482905abcbcd","method":"GET","url":"/api/notifications/unread-count","remoteAddress":"::1"},"res":{"statusCode":304},"responseTime":2,"msg":"GET /unread-count 304"}
{"level":30,"time":"2026-08-17T10:10:21.035Z","service":"reddington-server","env":"development","req":{"id":"d2627e6b-6101-458b-9f55-8f06756a8ad5","method":"GET","url":"/api/notifications/unread-count","remoteAddress":"::1"},"res":{"statusCode":304},"responseTime":3,"msg":"GET /unread-count 304"}
{"level":30,"time":"2026-08-17T10:10:51.054Z","service":"reddington-server","env":"development","req":{"id":"bbc91c0a-4c00-4beb-8593-473cbea26494","method":"GET","url":"/api/notifications/unread-count","remoteAddress":"::1"},"res":{"statusCode":304},"responseTime":3,"msg":"GET /unread-count 304"}
{"level":30,"time":"2026-08-17T10:11:21.071Z","service":"reddington-server","env":"development","req":{"id":"1791cb6c-7e7c-4e09-9d7d-2ec8a3c7d10a","method":"GET","url":"/api/notifications/unread-count","remoteAddress":"::1"},"res":{"statusCode":304},"responseTime":3,"msg":"GET /unread-count 304"}
{"level":30,"time":"2026-08-17T10:11:51.087Z","service":"reddington-server","env":"development","req":{"id":"5151dd5b-6c51-4b5f-b267-2d434230fc70","method":"GET","url":"/api/notifications/unread-count","remoteAddress":"::1"},"res":{"statusCode":304},"responseTime":3,"msg":"GET /unread-count 304"}
{"level":30,"time":"2026-08-17T10:20:37.409Z","service":"reddington-server","env":"development","req":{"id":"789b6e1d-e2fe-4bf4-90dd-6f5854e10dbf","method":"GET","url":"/api/notifications/unread-count","remoteAddress":"::1"},"res":{"statusCode":304},"responseTime":11,"msg":"GET /unread-count 304"}
{"level":30,"time":"2026-08-17T10:46:07.437Z","service":"reddington-server","env":"development","req":{"id":"a1f53bc8-d995-44e3-8300-eb407c01aef4","method":"GET","url":"/api/notifications/unread-count","remoteAddress":"::1"},"res":{"statusCode":304},"responseTime":6,"msg":"GET /unread-count 304"}
{"level":30,"time":"2026-08-17T10:46:08.420Z","service":"reddington-server","env":"development","req":{"id":"82fd6dcd-fce1-4e87-b4b8-8a0178d4bf8c","method":"GET","url":"/api/auth/me","remoteAddress":"::1"},"res":{"statusCode":304},"responseTime":70,"msg":"GET /me 304"}
{"level":30,"time":"2026-08-17T10:46:08.430Z","service":"reddington-server","env":"development","req":{"id":"06ea94d9-6c47-494e-b280-9f2b043aef7e","method":"GET","url":"/api/auth/me","remoteAddress":"::1"},"res":{"statusCode":304},"responseTime":5,"msg":"GET /me 304"}
{"level":30,"time":"2026-08-17T10:46:08.440Z","service":"reddington-server","env":"development","req":{"id":"05e15597-a6d0-4028-ba8e-97e37aa2cb65","method":"GET","url":"/api/consents/me","remoteAddress":"::1"},"res":{"statusCode":304},"responseTime":8,"msg":"GET /me 304"}
{"level":30,"time":"2026-08-17T10:46:08.449Z","service":"reddington-server","env":"development","req":{"id":"c2254f53-55ce-4c87-a09b-19b779adf309","method":"GET","url":"/api/consents/me","remoteAddress":"::1"},"res":{"statusCode":304},"responseTime":5,"msg":"GET /me 304"}
{"level":30,"time":"2026-08-17T10:46:08.537Z","service":"reddington-server","env":"development","req":{"id":"850cf075-91f4-45c9-8b9a-6ee8edb796c0","method":"GET","url":"/api/consents/purposes","remoteAddress":"::1"},"res":{"statusCode":304},"responseTime":9,"msg":"GET /purposes 304"}
{"level":40,"time":"2026-08-17T10:46:08.540Z","service":"reddington-server","env":"development","req":{"id":"f6879e10-9541-45de-bcbb-84d5e98cb286","method":"GET","url":"/api/recommendations","remoteAddress":"::1"},"res":{"statusCode":403},"responseTime":8,"msg":"GET / 403"}
{"level":30,"time":"2026-08-17T10:46:08.548Z","service":"reddington-server","env":"development","req":{"id":"18c71ec3-8833-4b3e-ae69-0a67c5a9f026","method":"GET","url":"/api/products?sort=rating&limit=8","remoteAddress":"::1"},"res":{"statusCode":304},"responseTime":10,"msg":"GET /?sort=rating&limit=8 304"}
{"level":30,"time":"2026-08-17T10:46:08.556Z","service":"reddington-server","env":"development","req":{"id":"6c82773f-f483-4153-a157-9e6fe1de4b69","method":"GET","url":"/api/users/wishlist","remoteAddress":"::1"},"res":{"statusCode":304},"responseTime":11,"msg":"GET /wishlist 304"}
{"level":30,"time":"2026-08-17T10:46:08.560Z","service":"reddington-server","env":"development","req":{"id":"e298f0be-b1c2-44d2-9c9c-abaf44dbd12c","method":"GET","url":"/api/cart","remoteAddress":"::1"},"res":{"statusCode":304},"responseTime":11,"msg":"GET / 304"}
{"level":30,"time":"2026-08-17T10:46:08.610Z","service":"reddington-server","env":"development","req":{"id":"cf26bf1b-2257-4d9d-a55d-956fb9d63056","method":"GET","url":"/api/consents/purposes","remoteAddress":"::1"},"res":{"statusCode":304},"responseTime":4,"msg":"GET /purposes 304"}
{"level":30,"time":"2026-08-17T10:46:08.624Z","service":"reddington-server","env":"development","req":{"id":"79595bef-709a-496b-9d53-f7272a288312","method":"GET","url":"/api/notifications/unread-count","remoteAddress":"::1"},"res":{"statusCode":304},"responseTime":72,"msg":"GET /unread-count 304"}
{"level":30,"time":"2026-08-17T10:47:06.017Z","service":"reddington-server","env":"development","req":{"id":"78d01cd3-62b4-466f-bc99-d8fcb3715531","method":"GET","url":"/api/consents/purposes","remoteAddress":"::1"},"res":{"statusCode":304},"responseTime":9,"msg":"GET /purposes 304"}
{"level":40,"time":"2026-08-17T10:47:06.018Z","service":"reddington-server","env":"development","req":{"id":"7b58994e-d58b-49cf-ac58-504b45e1931f","method":"GET","url":"/api/recommendations","remoteAddress":"::1"},"res":{"statusCode":403},"responseTime":5,"msg":"GET / 403"}
{"level":30,"time":"2026-08-17T10:47:06.023Z","service":"reddington-server","env":"development","req":{"id":"8d413ccb-8225-4e92-b08d-1efb660d0fd0","method":"GET","url":"/api/products?sort=rating&limit=8","remoteAddress":"::1"},"res":{"statusCode":304},"responseTime":7,"msg":"GET /?sort=rating&limit=8 304"}
{"level":30,"time":"2026-08-17T10:47:06.024Z","service":"reddington-server","env":"development","req":{"id":"55177b41-a768-4ba7-9f16-95a5811131a6","method":"GET","url":"/api/users/wishlist","remoteAddress":"::1"},"res":{"statusCode":304},"responseTime":5,"msg":"GET /wishlist 304"}
{"level":30,"time":"2026-08-17T10:47:06.031Z","service":"reddington-server","env":"development","req":{"id":"c437cc22-5c75-4a74-baf6-6bbd266e5ae6","method":"GET","url":"/api/notifications/unread-count","remoteAddress":"::1"},"res":{"statusCode":304},"responseTime":5,"msg":"GET /unread-count 304"}
{"level":30,"time":"2026-08-17T10:47:06.035Z","service":"reddington-server","env":"development","req":{"id":"03455daa-d918-4cbd-a7e2-b5fdb1effd9d","method":"GET","url":"/api/cart","remoteAddress":"::1"},"res":{"statusCode":304},"responseTime":11,"msg":"GET / 304"}
{"level":30,"time":"2026-08-17T10:47:06.042Z","service":"reddington-server","env":"development","req":{"id":"3c14ec3e-a470-4ff3-b2a3-904d1f964908","method":"GET","url":"/api/auth/me","remoteAddress":"::1"},"res":{"statusCode":304},"responseTime":13,"msg":"GET /me 304"}
{"level":30,"time":"2026-08-17T10:47:06.060Z","service":"reddington-server","env":"development","req":{"id":"c76b804a-3608-4d4d-99d7-4f2e8c85b087","method":"GET","url":"/api/consents/purposes","remoteAddress":"::1"},"res":{"statusCode":304},"responseTime":9,"msg":"GET /purposes 304"}
{"level":30,"time":"2026-08-17T10:47:06.071Z","service":"reddington-server","env":"development","req":{"id":"995df3d5-5451-4727-b3d1-e6ae212722f6","method":"GET","url":"/api/consents/me","remoteAddress":"::1"},"res":{"statusCode":304},"responseTime":8,"msg":"GET /me 304"}
{"level":30,"time":"2026-08-17T10:47:06.621Z","service":"reddington-server","env":"development","req":{"id":"4010e4cd-05fa-4e97-b2e0-61c640b8f061","method":"GET","url":"/api/auth/me","remoteAddress":"::1"},"res":{"statusCode":304},"responseTime":6,"msg":"GET /me 304"}
{"level":30,"time":"2026-08-17T10:47:06.634Z","service":"reddington-server","env":"development","req":{"id":"84f0b198-9a46-4315-a286-51ba748d1347","method":"GET","url":"/api/consents/me","remoteAddress":"::1"},"res":{"statusCode":304},"responseTime":3,"msg":"GET /me 304"}
{"level":30,"time":"2026-08-17T10:47:11.156Z","service":"reddington-server","env":"development","req":{"id":"9726a1a4-4bab-437a-ab6d-377dbf576bbd","method":"GET","url":"/api/auth/me","remoteAddress":"::1"},"res":{"statusCode":304},"responseTime":6,"msg":"GET /me 304"}
{"level":30,"time":"2026-08-17T10:47:11.168Z","service":"reddington-server","env":"development","req":{"id":"84262f77-33b2-4fcc-967a-bfd307e132bb","method":"GET","url":"/api/auth/me","remoteAddress":"::1"},"res":{"statusCode":304},"responseTime":7,"msg":"GET /me 304"}
{"level":30,"time":"2026-08-17T10:47:11.191Z","service":"reddington-server","env":"development","req":{"id":"c001207b-b12a-423e-a78b-9d2a7c866ade","method":"GET","url":"/api/consents/me","remoteAddress":"::1"},"res":{"statusCode":304},"responseTime":3,"msg":"GET /me 304"}
{"level":30,"time":"2026-08-17T10:47:11.201Z","service":"reddington-server","env":"development","req":{"id":"f2ba1037-4554-42f4-8294-658c77af8dd9","method":"GET","url":"/api/consents/me","remoteAddress":"::1"},"res":{"statusCode":304},"responseTime":4,"msg":"GET /me 304"}
{"level":30,"time":"2026-08-17T10:47:11.273Z","service":"reddington-server","env":"development","req":{"id":"c8e84425-7214-408a-b9bf-944b0f7baa17","method":"GET","url":"/api/consents/purposes","remoteAddress":"::1"},"res":{"statusCode":304},"responseTime":2,"msg":"GET /purposes 304"}
{"level":40,"time":"2026-08-17T10:47:11.274Z","service":"reddington-server","env":"development","req":{"id":"931b0be7-e2a0-4437-822e-f68a10d15c0d","method":"GET","url":"/api/recommendations","remoteAddress":"::1"},"res":{"statusCode":403},"responseTime":3,"msg":"GET / 403"}
{"level":30,"time":"2026-08-17T10:47:11.285Z","service":"reddington-server","env":"development","req":{"id":"f408d49c-db5e-4bd1-9d82-85bb643f6e67","method":"GET","url":"/api/products?sort=rating&limit=8","remoteAddress":"::1"},"res":{"statusCode":304},"responseTime":4,"msg":"GET /?sort=rating&limit=8 304"}
{"level":30,"time":"2026-08-17T10:47:11.287Z","service":"reddington-server","env":"development","req":{"id":"ccbc8acd-24f1-4c64-a4eb-161c47e985a6","method":"GET","url":"/api/cart","remoteAddress":"::1"},"res":{"statusCode":304},"responseTime":4,"msg":"GET / 304"}
{"level":30,"time":"2026-08-17T10:47:11.290Z","service":"reddington-server","env":"development","req":{"id":"be6212d4-b812-4eaa-bf36-7bd7d8cbd6de","method":"GET","url":"/api/users/wishlist","remoteAddress":"::1"},"res":{"statusCode":304},"responseTime":11,"msg":"GET /wishlist 304"}
{"level":30,"time":"2026-08-17T10:47:11.291Z","service":"reddington-server","env":"development","req":{"id":"15770539-0e30-49be-8c72-b1e605f271c1","method":"GET","url":"/api/notifications/unread-count","remoteAddress":"::1"},"res":{"statusCode":304},"responseTime":3,"msg":"GET /unread-count 304"}
{"level":30,"time":"2026-08-17T10:47:11.365Z","service":"reddington-server","env":"development","req":{"id":"b25fc572-fa17-4a83-8269-b2d7ac739aaf","method":"GET","url":"/api/consents/purposes","remoteAddress":"::1"},"res":{"statusCode":304},"responseTime":4,"msg":"GET /purposes 304"}
{"level":30,"time":"2026-08-17T10:47:41.376Z","service":"reddington-server","env":"development","req":{"id":"7c0eb0a6-e985-4e95-8337-7e48f845eb27","method":"GET","url":"/api/notifications/unread-count","remoteAddress":"::1"},"res":{"statusCode":304},"responseTime":3,"msg":"GET /unread-count 304"}
{"level":30,"time":"2026-08-17T10:48:11.386Z","service":"reddington-server","env":"development","req":{"id":"68acb4ed-d606-4e31-9a71-f3975f43a8f5","method":"GET","url":"/api/notifications/unread-count","remoteAddress":"::1"},"res":{"statusCode":304},"responseTime":3,"msg":"GET /unread-count 304"}
{"level":30,"time":"2026-08-17T10:48:41.405Z","service":"reddington-server","env":"development","req":{"id":"c3fc656f-8f61-4257-92e2-2d947235023d","method":"GET","url":"/api/notifications/unread-count","remoteAddress":"::1"},"res":{"statusCode":304},"responseTime":2,"msg":"GET /unread-count 304"}
{"level":30,"time":"2026-08-17T10:53:16.278Z","service":"reddington-server","env":"development","req":{"id":"478dec9d-b649-40e3-928d-7dee2d430b05","method":"GET","url":"/api/auth/me","remoteAddress":"::1"},"res":{"statusCode":304},"responseTime":76,"msg":"GET /me 304"}
{"level":30,"time":"2026-08-17T10:53:16.291Z","service":"reddington-server","env":"development","req":{"id":"03946b51-c7d4-4560-81db-a56682fc4c00","method":"GET","url":"/api/auth/me","remoteAddress":"::1"},"res":{"statusCode":304},"responseTime":8,"msg":"GET /me 304"}
{"level":30,"time":"2026-08-17T10:53:16.343Z","service":"reddington-server","env":"development","req":{"id":"d9875f10-e6a5-4cf1-be41-88e04ce74fb4","method":"GET","url":"/api/consents/me","remoteAddress":"::1"},"res":{"statusCode":304},"responseTime":8,"msg":"GET /me 304"}
{"level":30,"time":"2026-08-17T10:53:16.353Z","service":"reddington-server","env":"development","req":{"id":"ee259884-be14-47cb-beb4-96f546a95485","method":"GET","url":"/api/consents/me","remoteAddress":"::1"},"res":{"statusCode":304},"responseTime":4,"msg":"GET /me 304"}
{"level":30,"time":"2026-08-17T10:53:16.423Z","service":"reddington-server","env":"development","req":{"id":"1abe7225-fdcd-43a5-b7f4-b7207bb0eca0","method":"GET","url":"/api/auth/me","remoteAddress":"::1"},"res":{"statusCode":304},"responseTime":6,"msg":"GET /me 304"}
{"level":30,"time":"2026-08-17T10:53:16.435Z","service":"reddington-server","env":"development","req":{"id":"d24d8cac-f5ea-4ad3-93e2-88b9f1553299","method":"GET","url":"/api/auth/me","remoteAddress":"::1"},"res":{"statusCode":304},"responseTime":7,"msg":"GET /me 304"}
{"level":30,"time":"2026-08-17T10:53:16.455Z","service":"reddington-server","env":"development","req":{"id":"ef1c2c9f-4a2f-44d2-b2c2-0f7ca4181e9f","method":"GET","url":"/api/consents/me","remoteAddress":"::1"},"res":{"statusCode":304},"responseTime":7,"msg":"GET /me 304"}
{"level":30,"time":"2026-08-17T10:53:16.464Z","service":"reddington-server","env":"development","req":{"id":"d23db455-10d0-45e9-a086-9ee102cbb51d","method":"GET","url":"/api/consents/me","remoteAddress":"::1"},"res":{"statusCode":304},"responseTime":3,"msg":"GET /me 304"}
{"level":40,"time":"2026-08-17T10:53:16.578Z","service":"reddington-server","env":"development","req":{"id":"84a3febc-321e-41e0-b639-743917be7111","method":"GET","url":"/api/recommendations","remoteAddress":"::1"},"res":{"statusCode":403},"responseTime":4,"msg":"GET / 403"}
{"level":30,"time":"2026-08-17T10:53:16.581Z","service":"reddington-server","env":"development","req":{"id":"6a4f8f1d-f12d-48e0-823a-9c55df73c69c","method":"GET","url":"/api/consents/purposes","remoteAddress":"::1"},"res":{"statusCode":304},"responseTime":10,"msg":"GET /purposes 304"}
{"level":30,"time":"2026-08-17T10:53:16.591Z","service":"reddington-server","env":"development","req":{"id":"d910a1a9-8a7f-4dcc-ab46-1bf043d36ea7","method":"GET","url":"/api/products?sort=rating&limit=8","remoteAddress":"::1"},"res":{"statusCode":304},"responseTime":7,"msg":"GET /?sort=rating&limit=8 304"}
{"level":30,"time":"2026-08-17T10:53:16.601Z","service":"reddington-server","env":"development","req":{"id":"32c3da1e-5c1d-4145-92e6-00aaf9ae3135","method":"GET","url":"/api/notifications/unread-count","remoteAddress":"::1"},"res":{"statusCode":304},"responseTime":7,"msg":"GET /unread-count 304"}
{"level":30,"time":"2026-08-17T10:53:16.602Z","service":"reddington-server","env":"development","req":{"id":"094406df-5bf4-4a7b-af60-9c600d38800a","method":"GET","url":"/api/cart","remoteAddress":"::1"},"res":{"statusCode":304},"responseTime":10,"msg":"GET / 304"}
{"level":30,"time":"2026-08-17T10:53:16.655Z","service":"reddington-server","env":"development","req":{"id":"1d6ebba0-7b71-4989-8195-1d1bc21c4f69","method":"GET","url":"/api/users/wishlist","remoteAddress":"::1"},"res":{"statusCode":304},"responseTime":69,"msg":"GET /wishlist 304"}
{"level":30,"time":"2026-08-17T10:53:16.745Z","service":"reddington-server","env":"development","req":{"id":"7cc1caa2-742b-4877-af3c-023b374f9cb8","method":"GET","url":"/api/consents/purposes","remoteAddress":"::1"},"res":{"statusCode":304},"responseTime":5,"msg":"GET /purposes 304"}
{"level":30,"time":"2026-08-17T10:53:40.509Z","service":"reddington-server","env":"development","port":"5000","msg":"reddington server listening on http://localhost:5000"}
{"level":30,"time":"2026-08-17T10:53:40.510Z","service":"reddington-server","env":"development","module":"dsar-worker","intervalMs":30000,"msg":"started"}
{"level":40,"time":"2026-08-17T10:56:38.641Z","service":"reddington-server","env":"development","req":{"id":"2d3589ea-19a9-475b-9ead-7bd8dc9d6005","method":"GET","url":"/api/recommendations","remoteAddress":"::1"},"res":{"statusCode":403},"responseTime":15,"msg":"GET / 403"}
{"level":30,"time":"2026-08-17T10:56:38.644Z","service":"reddington-server","env":"development","req":{"id":"3ae9a512-a464-4225-acc1-d54dad03177b","method":"GET","url":"/api/users/wishlist","remoteAddress":"::1"},"res":{"statusCode":304},"responseTime":10,"msg":"GET /wishlist 304"}
{"level":30,"time":"2026-08-17T10:56:38.699Z","service":"reddington-server","env":"development","req":{"id":"bf987333-197c-4273-9042-c02d68fcb37c","method":"GET","url":"/api/products?sort=rating&limit=8","remoteAddress":"::1"},"res":{"statusCode":304},"responseTime":66,"msg":"GET /?sort=rating&limit=8 304"}
{"level":40,"time":"2026-08-17T10:56:42.639Z","service":"reddington-server","env":"development","req":{"id":"4069c8a7-5673-4f29-ae0c-af74f4a4eef1","method":"GET","url":"/api/recommendations","remoteAddress":"::1"},"res":{"statusCode":403},"responseTime":8,"msg":"GET / 403"}
{"level":30,"time":"2026-08-17T10:56:42.642Z","service":"reddington-server","env":"development","req":{"id":"c8f71013-376d-4ba9-8a54-54fd226645c0","method":"GET","url":"/api/products?sort=rating&limit=8","remoteAddress":"::1"},"res":{"statusCode":304},"responseTime":7,"msg":"GET /?sort=rating&limit=8 304"}
{"level":30,"time":"2026-08-17T10:56:42.647Z","service":"reddington-server","env":"development","req":{"id":"bf779803-7899-4414-b5c6-c9868a7bc47e","method":"GET","url":"/api/users/wishlist","remoteAddress":"::1"},"res":{"statusCode":304},"responseTime":10,"msg":"GET /wishlist 304"}
{"level":40,"time":"2026-08-17T10:56:43.615Z","service":"reddington-server","env":"development","req":{"id":"d5f7808b-9bd4-4eb8-8c4f-9f41b92c4270","method":"GET","url":"/api/recommendations","remoteAddress":"::1"},"res":{"statusCode":403},"responseTime":4,"msg":"GET / 403"}
{"level":30,"time":"2026-08-17T10:56:43.616Z","service":"reddington-server","env":"development","req":{"id":"4b22a94d-fd64-429f-8fcc-1447934c11ec","method":"GET","url":"/api/products?sort=rating&limit=8","remoteAddress":"::1"},"res":{"statusCode":304},"responseTime":2,"msg":"GET /?sort=rating&limit=8 304"}
{"level":30,"time":"2026-08-17T10:56:43.617Z","service":"reddington-server","env":"development","req":{"id":"a022fd67-218e-43fb-8b46-29bcf68b650b","method":"GET","url":"/api/users/wishlist","remoteAddress":"::1"},"res":{"statusCode":304},"responseTime":2,"msg":"GET /wishlist 304"}
{"level":30,"time":"2026-08-17T10:56:46.760Z","service":"reddington-server","env":"development","req":{"id":"1e479d3d-4dee-4bf5-88a2-0d4065631b4c","method":"GET","url":"/api/notifications/unread-count","remoteAddress":"::1"},"res":{"statusCode":304},"responseTime":7,"msg":"GET /unread-count 304"}
{"level":40,"time":"2026-08-17T10:57:01.634Z","service":"reddington-server","env":"development","req":{"id":"d743ee61-f35d-4476-8a5e-177c1b0e2aaf","method":"GET","url":"/api/recommendations","remoteAddress":"::1"},"res":{"statusCode":403},"responseTime":3,"msg":"GET / 403"}
{"level":30,"time":"2026-08-17T10:57:01.636Z","service":"reddington-server","env":"development","req":{"id":"7b7dac13-ec23-44de-a670-8b72296df0ab","method":"GET","url":"/api/products?sort=rating&limit=8","remoteAddress":"::1"},"res":{"statusCode":304},"responseTime":4,"msg":"GET /?sort=rating&limit=8 304"}
{"level":30,"time":"2026-08-17T10:57:01.639Z","service":"reddington-server","env":"development","req":{"id":"1f5cc499-10cc-4742-bc99-db4e7c0e6f38","method":"GET","url":"/api/users/wishlist","remoteAddress":"::1"},"res":{"statusCode":304},"responseTime":2,"msg":"GET /wishlist 304"}
{"level":40,"time":"2026-08-17T10:57:14.639Z","service":"reddington-server","env":"development","req":{"id":"6c4584e6-4423-4420-b376-7f90135eecda","method":"GET","url":"/api/recommendations","remoteAddress":"::1"},"res":{"statusCode":403},"responseTime":3,"msg":"GET / 403"}
{"level":30,"time":"2026-08-17T10:57:14.640Z","service":"reddington-server","env":"development","req":{"id":"53b156c6-102b-4144-8093-e6fe234ba5c0","method":"GET","url":"/api/products?sort=rating&limit=8","remoteAddress":"::1"},"res":{"statusCode":304},"responseTime":2,"msg":"GET /?sort=rating&limit=8 304"}
{"level":30,"time":"2026-08-17T10:57:14.655Z","service":"reddington-server","env":"development","req":{"id":"5b32fd2f-f1f0-48f6-841f-49ad1c9fc2fd","method":"GET","url":"/api/users/wishlist","remoteAddress":"::1"},"res":{"statusCode":304},"responseTime":14,"msg":"GET /wishlist 304"}
{"level":30,"time":"2026-08-17T10:58:47.627Z","service":"reddington-server","env":"development","req":{"id":"7eeac712-8a41-41d6-97fb-c9882e34b17b","method":"GET","url":"/api/products?sort=rating&limit=8","remoteAddress":"::1"},"res":{"statusCode":304},"responseTime":3,"msg":"GET /?sort=rating&limit=8 304"}
{"level":30,"time":"2026-08-17T10:58:47.628Z","service":"reddington-server","env":"development","req":{"id":"e219e449-0045-427e-8e6c-dcaebd57b69d","method":"GET","url":"/api/users/wishlist","remoteAddress":"::1"},"res":{"statusCode":304},"responseTime":3,"msg":"GET /wishlist 304"}
{"level":40,"time":"2026-08-17T10:58:47.631Z","service":"reddington-server","env":"development","req":{"id":"e600e53a-72a3-46ed-b459-4627d66fced3","method":"GET","url":"/api/recommendations","remoteAddress":"::1"},"res":{"statusCode":403},"responseTime":8,"msg":"GET / 403"}
{"level":30,"time":"2026-08-17T10:58:47.694Z","service":"reddington-server","env":"development","req":{"id":"85af89f1-88e3-437e-8f7f-9961d3ce5e01","method":"GET","url":"/api/consents/purposes","remoteAddress":"::1"},"res":{"statusCode":304},"responseTime":6,"msg":"GET /purposes 304"}
{"level":40,"time":"2026-08-17T10:58:48.628Z","service":"reddington-server","env":"development","req":{"id":"a818d311-56a7-41e6-876c-1f9b363bf16c","method":"GET","url":"/api/recommendations","remoteAddress":"::1"},"res":{"statusCode":403},"responseTime":4,"msg":"GET / 403"}
{"level":30,"time":"2026-08-17T10:58:48.630Z","service":"reddington-server","env":"development","req":{"id":"fbb90d8c-5f74-4d1a-a405-291c59ded85d","method":"GET","url":"/api/products?sort=rating&limit=8","remoteAddress":"::1"},"res":{"statusCode":304},"responseTime":4,"msg":"GET /?sort=rating&limit=8 304"}
{"level":30,"time":"2026-08-17T10:58:48.634Z","service":"reddington-server","env":"development","req":{"id":"692aec45-a29d-42f9-b243-8a985a987215","method":"GET","url":"/api/users/wishlist","remoteAddress":"::1"},"res":{"statusCode":304},"responseTime":4,"msg":"GET /wishlist 304"}
{"level":30,"time":"2026-08-17T10:59:10.189Z","service":"reddington-server","env":"development","req":{"id":"e4793659-c13b-4294-ae3e-3412332eb162","method":"GET","url":"/api/consents/purposes","remoteAddress":"::1"},"res":{"statusCode":304},"responseTime":7,"msg":"GET /purposes 304"}
{"level":30,"time":"2026-08-17T10:59:10.190Z","service":"reddington-server","env":"development","req":{"id":"de53309a-00c6-48cb-96ab-0e0703bdf441","method":"GET","url":"/api/consents/history","remoteAddress":"::1"},"res":{"statusCode":200},"responseTime":8,"msg":"GET /history 200"}
{"level":40,"time":"2026-08-17T10:59:15.906Z","service":"reddington-server","env":"development","req":{"id":"b14605bd-4501-4e2e-855b-11201314a60c","method":"GET","url":"/api/recommendations","remoteAddress":"::1"},"res":{"statusCode":403},"responseTime":4,"msg":"GET / 403"}
{"level":30,"time":"2026-08-17T10:59:15.909Z","service":"reddington-server","env":"development","req":{"id":"493cc0e6-d505-4b11-84b5-2fae8919497f","method":"GET","url":"/api/consents/purposes","remoteAddress":"::1"},"res":{"statusCode":304},"responseTime":10,"msg":"GET /purposes 304"}
{"level":30,"time":"2026-08-17T10:59:15.911Z","service":"reddington-server","env":"development","req":{"id":"73f3b67a-795c-4950-8372-85a7a4ba0295","method":"GET","url":"/api/users/wishlist","remoteAddress":"::1"},"res":{"statusCode":304},"responseTime":5,"msg":"GET /wishlist 304"}
{"level":30,"time":"2026-08-17T10:59:15.969Z","service":"reddington-server","env":"development","req":{"id":"bfc2387b-a9ad-4930-b374-222f8a72bad6","method":"GET","url":"/api/products?sort=rating&limit=8","remoteAddress":"::1"},"res":{"statusCode":304},"responseTime":61,"msg":"GET /?sort=rating&limit=8 304"}
{"level":30,"time":"2026-08-17T10:59:16.779Z","service":"reddington-server","env":"development","req":{"id":"15badf48-8fed-4fb1-93a3-f569dc8d4000","method":"GET","url":"/api/notifications/unread-count","remoteAddress":"::1"},"res":{"statusCode":304},"responseTime":6,"msg":"GET /unread-count 304"}
{"level":30,"time":"2026-08-17T10:59:46.798Z","service":"reddington-server","env":"development","req":{"id":"2c02b4c4-cb28-4a4e-aeb1-fbbc3479f550","method":"GET","url":"/api/notifications/unread-count","remoteAddress":"::1"},"res":{"statusCode":304},"responseTime":2,"msg":"GET /unread-count 304"}
{"level":30,"time":"2026-08-17T11:00:07.637Z","service":"reddington-server","env":"development","req":{"id":"a3210ba5-179a-45fe-91e1-c5ed7f0bc2c2","method":"GET","url":"/api/products?sort=rating&limit=8","remoteAddress":"::1"},"res":{"statusCode":304},"responseTime":3,"msg":"GET /?sort=rating&limit=8 304"}
{"level":30,"time":"2026-08-17T11:00:07.638Z","service":"reddington-server","env":"development","req":{"id":"f6edf8b7-32e7-4acf-9852-d59909e2a0c5","method":"GET","url":"/api/users/wishlist","remoteAddress":"::1"},"res":{"statusCode":304},"responseTime":3,"msg":"GET /wishlist 304"}
{"level":40,"time":"2026-08-17T11:00:07.640Z","service":"reddington-server","env":"development","req":{"id":"3de63713-1fed-4905-8f7f-c8d7c0255231","method":"GET","url":"/api/recommendations","remoteAddress":"::1"},"res":{"statusCode":403},"responseTime":8,"msg":"GET / 403"}
{"level":40,"time":"2026-08-17T11:00:14.921Z","service":"reddington-server","env":"development","req":{"id":"76bf2ef2-8e6f-44ae-b917-5a7dd78897b6","method":"GET","url":"/api/recommendations","remoteAddress":"::1"},"res":{"statusCode":403},"responseTime":5,"msg":"GET / 403"}
{"level":30,"time":"2026-08-17T11:00:14.922Z","service":"reddington-server","env":"development","req":{"id":"8ad6226c-175b-41a1-84ae-159c8a25d72e","method":"GET","url":"/api/products?sort=rating&limit=8","remoteAddress":"::1"},"res":{"statusCode":304},"responseTime":5,"msg":"GET /?sort=rating&limit=8 304"}
{"level":30,"time":"2026-08-17T11:00:14.923Z","service":"reddington-server","env":"development","req":{"id":"47106208-c01b-4e5e-a91a-a11baf243963","method":"GET","url":"/api/users/wishlist","remoteAddress":"::1"},"res":{"statusCode":304},"responseTime":4,"msg":"GET /wishlist 304"}
{"level":30,"time":"2026-08-17T11:00:16.818Z","service":"reddington-server","env":"development","req":{"id":"5b1f1800-32e2-4427-9be1-705b62cd2e2b","method":"GET","url":"/api/notifications/unread-count","remoteAddress":"::1"},"res":{"statusCode":304},"responseTime":2,"msg":"GET /unread-count 304"}
{"level":30,"time":"2026-08-17T11:01:46.406Z","service":"reddington-server","env":"development","req":{"id":"3b30d31d-f014-4c85-a072-94cc90a58f2b","method":"GET","url":"/api/consents/history","remoteAddress":"::1"},"res":{"statusCode":304},"responseTime":10,"msg":"GET /history 304"}
{"level":30,"time":"2026-08-17T11:01:46.497Z","service":"reddington-server","env":"development","req":{"id":"10ca5d48-36f9-42c1-a396-a531c55eedce","method":"GET","url":"/api/consents/purposes","remoteAddress":"::1"},"res":{"statusCode":304},"responseTime":103,"msg":"GET /purposes 304"}
{"level":30,"time":"2026-08-17T11:01:46.849Z","service":"reddington-server","env":"development","req":{"id":"ab1b52fb-dd2e-4a10-86f2-13a83d6e266a","method":"GET","url":"/api/notifications/unread-count","remoteAddress":"::1"},"res":{"statusCode":304},"responseTime":8,"msg":"GET /unread-count 304"}
{"level":30,"time":"2026-08-17T11:01:50.475Z","service":"reddington-server","env":"development","req":{"id":"968159bc-0dbd-49db-8e8c-76634a1396a4","method":"POST","url":"/api/consents/decisions","remoteAddress":"::1"},"res":{"statusCode":201},"responseTime":68,"msg":"POST /decisions 201"}
{"level":30,"time":"2026-08-17T11:01:50.497Z","service":"reddington-server","env":"development","req":{"id":"a617a6af-a72e-4c29-bdeb-8bddcb18dd6a","method":"GET","url":"/api/consents/me","remoteAddress":"::1"},"res":{"statusCode":200},"responseTime":10,"msg":"GET /me 200"}
{"level":30,"time":"2026-08-17T11:01:50.526Z","service":"reddington-server","env":"development","req":{"id":"bc8ad5cf-8e1b-41f5-a7df-67e5c8996273","method":"GET","url":"/api/consents/history","remoteAddress":"::1"},"res":{"statusCode":200},"responseTime":10,"msg":"GET /history 200"}
{"level":30,"time":"2026-08-17T11:01:51.658Z","service":"reddington-server","env":"development","port":"5000","msg":"reddington server listening on http://localhost:5000"}
{"level":30,"time":"2026-08-17T11:01:51.659Z","service":"reddington-server","env":"development","module":"dsar-worker","intervalMs":30000,"msg":"started"}
{"level":30,"time":"2026-08-17T11:01:53.240Z","service":"reddington-server","env":"development","req":{"id":"0e11a8ee-07e3-4086-afa1-90794ab31896","method":"GET","url":"/api/users/wishlist","remoteAddress":"::1"},"res":{"statusCode":304},"responseTime":189,"msg":"GET /wishlist 304"}
{"level":30,"time":"2026-08-17T11:01:53.244Z","service":"reddington-server","env":"development","req":{"id":"90211203-6f01-48fc-a2c9-2aef64bce3e7","method":"GET","url":"/api/products?sort=rating&limit=8","remoteAddress":"::1"},"res":{"statusCode":304},"responseTime":198,"msg":"GET /?sort=rating&limit=8 304"}
{"level":30,"time":"2026-08-17T11:01:53.296Z","service":"reddington-server","env":"development","req":{"id":"73df68eb-fc86-46fb-88ca-849ad7f02314","method":"GET","url":"/api/recommendations","remoteAddress":"::1"},"res":{"statusCode":200},"responseTime":271,"msg":"GET / 200"}
{"level":30,"time":"2026-08-17T11:02:03.902Z","service":"reddington-server","env":"development","req":{"id":"54bcc4c0-16c5-454e-a08a-7443c237c450","method":"GET","url":"/api/consents/purposes","remoteAddress":"::1"},"res":{"statusCode":304},"responseTime":10,"msg":"GET /purposes 304"}
{"level":30,"time":"2026-08-17T11:02:03.905Z","service":"reddington-server","env":"development","req":{"id":"1ee94f2a-87fe-4bc3-8f3c-57fbfdcb14b0","method":"GET","url":"/api/consents/history","remoteAddress":"::1"},"res":{"statusCode":304},"responseTime":11,"msg":"GET /history 304"}
{"level":30,"time":"2026-08-17T11:02:06.728Z","service":"reddington-server","env":"development","req":{"id":"e45fb5c2-5875-415e-88c9-d084a5649f5f","method":"POST","url":"/api/consents/decisions","remoteAddress":"::1"},"res":{"statusCode":201},"responseTime":34,"msg":"POST /decisions 201"}
{"level":30,"time":"2026-08-17T11:02:06.764Z","service":"reddington-server","env":"development","req":{"id":"26049094-8c3c-4a7d-92c2-82fb457a1c44","method":"GET","url":"/api/consents/me","remoteAddress":"::1"},"res":{"statusCode":200},"responseTime":11,"msg":"GET /me 200"}
{"level":30,"time":"2026-08-17T11:02:06.785Z","service":"reddington-server","env":"development","req":{"id":"6582910c-5486-4e3a-a279-5d2abe069a61","method":"GET","url":"/api/consents/history","remoteAddress":"::1"},"res":{"statusCode":200},"responseTime":5,"msg":"GET /history 200"}
{"level":40,"time":"2026-08-17T11:02:08.943Z","service":"reddington-server","env":"development","req":{"id":"02b3a270-f885-4f68-ad71-bb2de3ff5378","method":"GET","url":"/api/recommendations","remoteAddress":"::1"},"res":{"statusCode":403},"responseTime":7,"msg":"GET / 403"}
{"level":30,"time":"2026-08-17T11:02:08.950Z","service":"reddington-server","env":"development","req":{"id":"af041024-1f7b-428e-8a13-0c994879d545","method":"GET","url":"/api/products?sort=rating&limit=8","remoteAddress":"::1"},"res":{"statusCode":304},"responseTime":10,"msg":"GET /?sort=rating&limit=8 304"}
{"level":30,"time":"2026-08-17T11:02:08.957Z","service":"reddington-server","env":"development","req":{"id":"d2d238c7-f4fa-40a6-a68d-849875c72a58","method":"GET","url":"/api/users/wishlist","remoteAddress":"::1"},"res":{"statusCode":304},"responseTime":10,"msg":"GET /wishlist 304"}
{"level":30,"time":"2026-08-17T11:02:15.541Z","service":"reddington-server","env":"development","req":{"id":"7ee7e145-b7f2-4392-881b-e21f5bc37da0","method":"GET","url":"/api/auth/me","remoteAddress":"::1"},"res":{"statusCode":304},"responseTime":22,"msg":"GET /me 304"}
{"level":30,"time":"2026-08-17T11:02:15.556Z","service":"reddington-server","env":"development","req":{"id":"6839e007-c37c-4f0a-b02c-88888e569d49","method":"GET","url":"/api/auth/me","remoteAddress":"::1"},"res":{"statusCode":304},"responseTime":8,"msg":"GET /me 304"}
{"level":30,"time":"2026-08-17T11:02:15.593Z","service":"reddington-server","env":"development","req":{"id":"f5784d73-8e25-44f0-9d7e-d0e2dd7f5716","method":"GET","url":"/api/consents/me","remoteAddress":"::1"},"res":{"statusCode":304},"responseTime":5,"msg":"GET /me 304"}
{"level":30,"time":"2026-08-17T11:02:15.603Z","service":"reddington-server","env":"development","req":{"id":"07acd172-3b98-4c73-b8e3-978994fc12c9","method":"GET","url":"/api/consents/me","remoteAddress":"::1"},"res":{"statusCode":304},"responseTime":4,"msg":"GET /me 304"}
{"level":30,"time":"2026-08-17T11:02:15.736Z","service":"reddington-server","env":"development","req":{"id":"e41c46f3-7218-433c-8cb1-5b9420076cc0","method":"GET","url":"/api/consents/purposes","remoteAddress":"::1"},"res":{"statusCode":304},"responseTime":5,"msg":"GET /purposes 304"}
{"level":40,"time":"2026-08-17T11:02:15.738Z","service":"reddington-server","env":"development","req":{"id":"f439ada4-624c-498e-9132-6c53b51b7eec","method":"GET","url":"/api/recommendations","remoteAddress":"::1"},"res":{"statusCode":403},"responseTime":4,"msg":"GET / 403"}
{"level":30,"time":"2026-08-17T11:02:15.750Z","service":"reddington-server","env":"development","req":{"id":"384b8c11-7dcb-4b5e-bdd9-d83a89d06315","method":"GET","url":"/api/products?sort=rating&limit=8","remoteAddress":"::1"},"res":{"statusCode":304},"responseTime":6,"msg":"GET /?sort=rating&limit=8 304"}
{"level":30,"time":"2026-08-17T11:02:15.752Z","service":"reddington-server","env":"development","req":{"id":"60ace761-5afd-4ef9-8ff2-8f85e8523896","method":"GET","url":"/api/users/wishlist","remoteAddress":"::1"},"res":{"statusCode":304},"responseTime":5,"msg":"GET /wishlist 304"}
{"level":30,"time":"2026-08-17T11:02:15.765Z","service":"reddington-server","env":"development","req":{"id":"0b0f51ec-eed2-4a0b-ba0c-e76d4959ef67","method":"GET","url":"/api/cart","remoteAddress":"::1"},"res":{"statusCode":304},"responseTime":11,"msg":"GET / 304"}
{"level":30,"time":"2026-08-17T11:02:15.769Z","service":"reddington-server","env":"development","req":{"id":"581cadb0-b844-451f-a6f5-9d533a00bb38","method":"GET","url":"/api/notifications/unread-count","remoteAddress":"::1"},"res":{"statusCode":304},"responseTime":11,"msg":"GET /unread-count 304"}
{"level":30,"time":"2026-08-17T11:02:15.902Z","service":"reddington-server","env":"development","req":{"id":"57fb58d3-5562-4a21-ba1f-ea7f4b8ae5a7","method":"GET","url":"/api/consents/purposes","remoteAddress":"::1"},"res":{"statusCode":304},"responseTime":3,"msg":"GET /purposes 304"}
{"level":30,"time":"2026-08-17T11:02:20.829Z","service":"reddington-server","env":"development","req":{"id":"420f1ef5-f664-459d-8062-1186a8f06710","method":"GET","url":"/api/consents/purposes","remoteAddress":"::1"},"res":{"statusCode":304},"responseTime":10,"msg":"GET /purposes 304"}
{"level":30,"time":"2026-08-17T11:02:20.843Z","service":"reddington-server","env":"development","req":{"id":"a97ea485-2395-44a0-908e-7184e949b630","method":"GET","url":"/api/consents/history","remoteAddress":"::1"},"res":{"statusCode":304},"responseTime":13,"msg":"GET /history 304"}
{"level":30,"time":"2026-08-17T11:02:24.664Z","service":"reddington-server","env":"development","req":{"id":"338217b6-b476-4473-84fe-99e6edf045e3","method":"POST","url":"/api/consents/decisions","remoteAddress":"::1"},"res":{"statusCode":201},"responseTime":59,"msg":"POST /decisions 201"}
{"level":30,"time":"2026-08-17T11:02:24.687Z","service":"reddington-server","env":"development","req":{"id":"14330abc-42e8-4fd7-bd1e-a929d19f6476","method":"GET","url":"/api/consents/me","remoteAddress":"::1"},"res":{"statusCode":200},"responseTime":6,"msg":"GET /me 200"}
{"level":30,"time":"2026-08-17T11:02:24.709Z","service":"reddington-server","env":"development","req":{"id":"304930cb-c235-4bcd-a002-923671921f7f","method":"GET","url":"/api/consents/history","remoteAddress":"::1"},"res":{"statusCode":200},"responseTime":5,"msg":"GET /history 200"}
{"level":30,"time":"2026-08-17T11:02:26.838Z","service":"reddington-server","env":"development","req":{"id":"f9242c98-d135-42b1-bcb1-6f83f6d90232","method":"GET","url":"/api/products?sort=rating&limit=8","remoteAddress":"::1"},"res":{"statusCode":304},"responseTime":9,"msg":"GET /?sort=rating&limit=8 304"}
{"level":30,"time":"2026-08-17T11:02:26.840Z","service":"reddington-server","env":"development","req":{"id":"2ae3d1a3-65e6-4bc5-b254-0f44a64c1840","method":"GET","url":"/api/users/wishlist","remoteAddress":"::1"},"res":{"statusCode":304},"responseTime":7,"msg":"GET /wishlist 304"}
{"level":30,"time":"2026-08-17T11:02:26.851Z","service":"reddington-server","env":"development","req":{"id":"ddf9152b-2da9-4b70-99e3-e6eaf16448d9","method":"GET","url":"/api/recommendations","remoteAddress":"::1"},"res":{"statusCode":200},"responseTime":27,"msg":"GET / 200"}
{"level":30,"time":"2026-08-17T11:02:32.755Z","service":"reddington-server","env":"development","req":{"id":"942d3105-cfe0-4911-a794-1ee0d7f2b65a","method":"GET","url":"/api/auth/me","remoteAddress":"::1"},"res":{"statusCode":304},"responseTime":16,"msg":"GET /me 304"}
{"level":30,"time":"2026-08-17T11:02:32.769Z","service":"reddington-server","env":"development","req":{"id":"a17cf8a9-3fa7-4e7e-bfb9-72620008683a","method":"GET","url":"/api/auth/me","remoteAddress":"::1"},"res":{"statusCode":304},"responseTime":6,"msg":"GET /me 304"}
{"level":30,"time":"2026-08-17T11:02:32.804Z","service":"reddington-server","env":"development","req":{"id":"805f46dd-c64f-4569-9f49-39e229618ba9","method":"GET","url":"/api/consents/me","remoteAddress":"::1"},"res":{"statusCode":304},"responseTime":12,"msg":"GET /me 304"}
{"level":30,"time":"2026-08-17T11:02:32.817Z","service":"reddington-server","env":"development","req":{"id":"195a69db-d647-4ebc-b0f8-a069c91143c5","method":"GET","url":"/api/consents/me","remoteAddress":"::1"},"res":{"statusCode":304},"responseTime":5,"msg":"GET /me 304"}
{"level":30,"time":"2026-08-17T11:02:32.921Z","service":"reddington-server","env":"development","req":{"id":"fbf7ad86-b5db-49e5-b0b9-71bca3b01c9d","method":"GET","url":"/api/consents/purposes","remoteAddress":"::1"},"res":{"statusCode":304},"responseTime":8,"msg":"GET /purposes 304"}
{"level":30,"time":"2026-08-17T11:02:32.931Z","service":"reddington-server","env":"development","req":{"id":"6e9e8572-b5de-415d-ada1-e1e6f27ab3e8","method":"GET","url":"/api/products?sort=rating&limit=8","remoteAddress":"::1"},"res":{"statusCode":304},"responseTime":5,"msg":"GET /?sort=rating&limit=8 304"}
{"level":30,"time":"2026-08-17T11:02:32.937Z","service":"reddington-server","env":"development","req":{"id":"0d8e6ab3-8185-4079-b74b-f98a80245f44","method":"GET","url":"/api/recommendations","remoteAddress":"::1"},"res":{"statusCode":304},"responseTime":19,"msg":"GET / 304"}
{"level":30,"time":"2026-08-17T11:02:32.939Z","service":"reddington-server","env":"development","req":{"id":"d5e830c2-bab5-4491-b03f-071225fd5492","method":"GET","url":"/api/users/wishlist","remoteAddress":"::1"},"res":{"statusCode":304},"responseTime":10,"msg":"GET /wishlist 304"}
{"level":30,"time":"2026-08-17T11:02:32.943Z","service":"reddington-server","env":"development","req":{"id":"f7f6c158-bd38-432e-ae07-2e9ca996f2bc","method":"GET","url":"/api/cart","remoteAddress":"::1"},"res":{"statusCode":304},"responseTime":9,"msg":"GET / 304"}
{"level":30,"time":"2026-08-17T11:02:32.948Z","service":"reddington-server","env":"development","req":{"id":"b2fbeee4-f13c-411e-a7aa-94ebe03075f4","method":"GET","url":"/api/notifications/unread-count","remoteAddress":"::1"},"res":{"statusCode":304},"responseTime":8,"msg":"GET /unread-count 304"}
{"level":30,"time":"2026-08-17T11:02:40.512Z","service":"reddington-server","env":"development","req":{"id":"5e24be68-b608-47c1-9f69-1cea5586e142","method":"GET","url":"/api/consents/purposes","remoteAddress":"::1"},"res":{"statusCode":304},"responseTime":6,"msg":"GET /purposes 304"}
{"level":30,"time":"2026-08-17T11:02:40.514Z","service":"reddington-server","env":"development","req":{"id":"05fc2765-b663-4d33-8a6d-c290cb9f60bf","method":"GET","url":"/api/consents/history","remoteAddress":"::1"},"res":{"statusCode":304},"responseTime":4,"msg":"GET /history 304"}
{"level":30,"time":"2026-08-17T11:02:42.175Z","service":"reddington-server","env":"development","req":{"id":"bbc456b6-55d5-418e-8289-debe6ef8b4aa","method":"POST","url":"/api/consents/decisions","remoteAddress":"::1"},"res":{"statusCode":201},"responseTime":50,"msg":"POST /decisions 201"}
{"level":30,"time":"2026-08-17T11:02:42.224Z","service":"reddington-server","env":"development","req":{"id":"cc24097e-c248-4441-baac-2c8c3ce36607","method":"GET","url":"/api/consents/me","remoteAddress":"::1"},"res":{"statusCode":200},"responseTime":4,"msg":"GET /me 200"}
{"level":30,"time":"2026-08-17T11:02:42.246Z","service":"reddington-server","env":"development","req":{"id":"3ec5a443-906d-4521-9a0f-99a89be2e5bd","method":"GET","url":"/api/consents/history","remoteAddress":"::1"},"res":{"statusCode":200},"responseTime":6,"msg":"GET /history 200"}
{"level":40,"time":"2026-08-17T11:02:47.071Z","service":"reddington-server","env":"development","req":{"id":"64aefec4-b644-4881-b182-6360d278bf05","method":"GET","url":"/api/recommendations","remoteAddress":"::1"},"res":{"statusCode":403},"responseTime":6,"msg":"GET / 403"}
{"level":30,"time":"2026-08-17T11:02:47.077Z","service":"reddington-server","env":"development","req":{"id":"97408d53-ee1f-456f-9ed8-8f5b74588410","method":"GET","url":"/api/products?sort=rating&limit=8","remoteAddress":"::1"},"res":{"statusCode":304},"responseTime":7,"msg":"GET /?sort=rating&limit=8 304"}
{"level":30,"time":"2026-08-17T11:02:47.082Z","service":"reddington-server","env":"development","req":{"id":"369d9d41-5861-49f3-af8e-801a464a1f2e","method":"GET","url":"/api/users/wishlist","remoteAddress":"::1"},"res":{"statusCode":304},"responseTime":4,"msg":"GET /wishlist 304"}
{"level":30,"time":"2026-08-17T11:02:47.162Z","service":"reddington-server","env":"development","req":{"id":"2133f98f-b6ae-4a49-985e-ca08e571333f","method":"GET","url":"/api/consents/purposes","remoteAddress":"::1"},"res":{"statusCode":304},"responseTime":5,"msg":"GET /purposes 304"}
{"level":30,"time":"2026-08-17T11:03:03.095Z","service":"reddington-server","env":"development","req":{"id":"9ae783d1-a648-44e3-bb22-8d942431bb46","method":"GET","url":"/api/notifications/unread-count","remoteAddress":"::1"},"res":{"statusCode":304},"responseTime":3,"msg":"GET /unread-count 304"}
{"level":30,"time":"2026-08-17T11:04:33.129Z","service":"reddington-server","env":"development","req":{"id":"0cd16cb6-0e5e-4300-89c2-382902fdcec4","method":"GET","url":"/api/notifications/unread-count","remoteAddress":"::1"},"res":{"statusCode":304},"responseTime":4,"msg":"GET /unread-count 304"}
{"level":30,"time":"2026-08-17T11:05:39.376Z","service":"reddington-server","env":"development","port":"5000","msg":"reddington server listening on http://localhost:5000"}
{"level":30,"time":"2026-08-17T11:05:39.377Z","service":"reddington-server","env":"development","module":"dsar-worker","intervalMs":30000,"msg":"started"}
{"level":30,"time":"2026-08-17T11:05:47.279Z","service":"reddington-server","env":"development","port":"5000","msg":"reddington server listening on http://localhost:5000"}
{"level":30,"time":"2026-08-17T11:05:47.279Z","service":"reddington-server","env":"development","module":"dsar-worker","intervalMs":30000,"msg":"started"}
{"level":30,"time":"2026-08-17T11:05:59.061Z","service":"reddington-server","env":"development","port":"5000","msg":"reddington server listening on http://localhost:5000"}
{"level":30,"time":"2026-08-17T11:05:59.062Z","service":"reddington-server","env":"development","module":"dsar-worker","intervalMs":30000,"msg":"started"}
{"level":30,"time":"2026-08-17T11:06:10.796Z","service":"reddington-server","env":"development","port":"5000","msg":"reddington server listening on http://localhost:5000"}
{"level":30,"time":"2026-08-17T11:06:10.797Z","service":"reddington-server","env":"development","module":"dsar-worker","intervalMs":30000,"msg":"started"}
{"level":30,"time":"2026-08-17T11:06:14.773Z","service":"reddington-server","env":"development","port":"5000","msg":"reddington server listening on http://localhost:5000"}
{"level":30,"time":"2026-08-17T11:06:14.774Z","service":"reddington-server","env":"development","module":"dsar-worker","intervalMs":30000,"msg":"started"}
{"level":30,"time":"2026-08-17T11:06:18.440Z","service":"reddington-server","env":"development","req":{"id":"e862562e-babc-4c82-b679-805a9440d1df","method":"GET","url":"/api/auth/me","remoteAddress":"::1"},"res":{"statusCode":304},"responseTime":257,"msg":"GET /me 304"}
{"level":30,"time":"2026-08-17T11:06:18.459Z","service":"reddington-server","env":"development","req":{"id":"d501876c-67f3-4355-b8dd-9b0675e21a28","method":"GET","url":"/api/consents/me","remoteAddress":"::1"},"res":{"statusCode":304},"responseTime":9,"msg":"GET /me 304"}
{"level":30,"time":"2026-08-17T11:06:18.539Z","service":"reddington-server","env":"development","req":{"id":"7548a891-dac7-4c76-a0ad-b6c5c04409c2","method":"GET","url":"/api/auth/me","remoteAddress":"::1"},"res":{"statusCode":304},"responseTime":94,"msg":"GET /me 304"}
{"level":30,"time":"2026-08-17T11:06:18.572Z","service":"reddington-server","env":"development","req":{"id":"b0ec6da9-be16-448d-868a-333f0041c32d","method":"GET","url":"/api/consents/purposes","remoteAddress":"::1"},"res":{"statusCode":304},"responseTime":15,"msg":"GET /purposes 304"}
{"level":40,"time":"2026-08-17T11:06:18.575Z","service":"reddington-server","env":"development","req":{"id":"294cf631-de52-4eba-baa6-fbf45353c416","method":"GET","url":"/api/recommendations","remoteAddress":"::1"},"res":{"statusCode":403},"responseTime":14,"msg":"GET / 403"}
{"level":30,"time":"2026-08-17T11:06:18.582Z","service":"reddington-server","env":"development","req":{"id":"4482afc2-a370-4dbb-bcb1-5dc0877fe667","method":"GET","url":"/api/products?sort=rating&limit=8","remoteAddress":"::1"},"res":{"statusCode":304},"responseTime":14,"msg":"GET /?sort=rating&limit=8 304"}
{"level":30,"time":"2026-08-17T11:06:18.590Z","service":"reddington-server","env":"development","req":{"id":"9696cf96-6ea9-4f0c-9b07-f711c827786f","method":"GET","url":"/api/users/wishlist","remoteAddress":"::1"},"res":{"statusCode":304},"responseTime":14,"msg":"GET /wishlist 304"}
{"level":30,"time":"2026-08-17T11:06:18.596Z","service":"reddington-server","env":"development","req":{"id":"0dcf79dd-a85c-4ced-9094-5949fc9d4287","method":"GET","url":"/api/cart","remoteAddress":"::1"},"res":{"statusCode":304},"responseTime":13,"msg":"GET / 304"}
{"level":30,"time":"2026-08-17T11:06:18.598Z","service":"reddington-server","env":"development","req":{"id":"a0555663-9c6e-4a06-b3a5-2a926d38cdb8","method":"GET","url":"/api/notifications/unread-count","remoteAddress":"::1"},"res":{"statusCode":304},"responseTime":12,"msg":"GET /unread-count 304"}
{"level":30,"time":"2026-08-17T11:06:18.605Z","service":"reddington-server","env":"development","req":{"id":"98c80c1b-4246-4cd9-b9db-0bf8d802e070","method":"GET","url":"/api/consents/me","remoteAddress":"::1"},"res":{"statusCode":304},"responseTime":11,"msg":"GET /me 304"}
{"level":30,"time":"2026-08-17T11:06:18.759Z","service":"reddington-server","env":"development","req":{"id":"7ea2eeff-4d41-4bb7-ad99-d9a2234f48bb","method":"GET","url":"/api/consents/purposes","remoteAddress":"::1"},"res":{"statusCode":304},"responseTime":3,"msg":"GET /purposes 304"}
{"level":30,"time":"2026-08-17T11:07:18.670Z","service":"reddington-server","env":"development","req":{"id":"c76a6d6c-3c55-40a8-829f-30ed55eac105","method":"GET","url":"/api/notifications/unread-count","remoteAddress":"::1"},"res":{"statusCode":304},"responseTime":11,"msg":"GET /unread-count 304"}
{"level":30,"time":"2026-08-17T11:07:38.874Z","service":"reddington-server","env":"development","port":"5000","msg":"reddington server listening on http://localhost:5000"}
{"level":30,"time":"2026-08-17T11:07:38.875Z","service":"reddington-server","env":"development","module":"dsar-worker","intervalMs":30000,"msg":"started"}
{"level":30,"time":"2026-08-17T11:07:40.595Z","service":"reddington-server","env":"development","port":"5000","msg":"reddington server listening on http://localhost:5000"}
{"level":30,"time":"2026-08-17T11:07:40.596Z","service":"reddington-server","env":"development","module":"dsar-worker","intervalMs":30000,"msg":"started"}
{"level":30,"time":"2026-08-17T11:07:46.139Z","service":"reddington-server","env":"development","port":"5000","msg":"reddington server listening on http://localhost:5000"}
{"level":30,"time":"2026-08-17T11:07:46.140Z","service":"reddington-server","env":"development","module":"dsar-worker","intervalMs":30000,"msg":"started"}
{"level":30,"time":"2026-08-17T11:17:23.022Z","service":"reddington-server","env":"development","req":{"id":"cc3a7c89-ba79-49e0-b541-41ef663bd9a3","method":"GET","url":"/api/notifications/unread-count","remoteAddress":"::1"},"res":{"statusCode":304},"responseTime":33,"msg":"GET /unread-count 304"}
{"level":30,"time":"2026-08-17T11:17:26.898Z","service":"reddington-server","env":"development","req":{"id":"2cce6a28-3283-48be-b8ab-49bbdac08926","method":"GET","url":"/api/consents/purposes","remoteAddress":"::1"},"res":{"statusCode":304},"responseTime":120,"msg":"GET /purposes 304"}
{"level":30,"time":"2026-08-17T11:17:26.903Z","service":"reddington-server","env":"development","req":{"id":"7188242a-34fc-44dd-8651-2c98e3d2285b","method":"GET","url":"/api/consents/history","remoteAddress":"::1"},"res":{"statusCode":304},"responseTime":121,"msg":"GET /history 304"}
{"level":30,"time":"2026-08-17T11:22:38.296Z","service":"reddington-server","env":"development","req":{"id":"9943c3c0-048a-49a4-bc02-4ffe1737c313","method":"GET","url":"/api/notifications/unread-count","remoteAddress":"::1"},"res":{"statusCode":304},"responseTime":47,"msg":"GET /unread-count 304"}
{"level":30,"time":"2026-08-17T11:33:08.337Z","service":"reddington-server","env":"development","req":{"id":"de6766c0-b7e4-4901-8f0f-1fdda9e2f337","method":"GET","url":"/api/auth/me","remoteAddress":"::1"},"res":{"statusCode":304},"responseTime":45,"msg":"GET /me 304"}
{"level":30,"time":"2026-08-17T11:33:08.346Z","service":"reddington-server","env":"development","req":{"id":"fbaf6b91-2a03-4bda-85af-671e38edb58a","method":"GET","url":"/api/auth/me","remoteAddress":"::1"},"res":{"statusCode":304},"responseTime":6,"msg":"GET /me 304"}
{"level":30,"time":"2026-08-17T11:33:08.349Z","service":"reddington-server","env":"development","req":{"id":"5240d2cb-33f6-461e-b15e-dcb44a298d16","method":"GET","url":"/api/consents/me","remoteAddress":"::1"},"res":{"statusCode":304},"responseTime":5,"msg":"GET /me 304"}
{"level":30,"time":"2026-08-17T11:33:08.355Z","service":"reddington-server","env":"development","req":{"id":"5eecb646-9817-4dc8-ad35-c915361d1a04","method":"GET","url":"/api/consents/me","remoteAddress":"::1"},"res":{"statusCode":304},"responseTime":2,"msg":"GET /me 304"}
